Archive member included to satisfy reference by file (symbol)

e:/st/stm32cubeide_1.7.0/stm32cubeide/plugins/com.st.stm32cube.ide.mcu.externaltools.gnu-tools-for-stm32.9-2020-q2-update.win32_2.0.0.202105311346/tools/bin/../lib/gcc/arm-none-eabi/9.3.1/../../../../arm-none-eabi/lib/thumb/v7e-m+fp/hard\libc_nano.a(lib_a-calloc.o)
                              ./Drivers/Module/user_uart/ip/uart/User_Ip_Uart.o (calloc)
e:/st/stm32cubeide_1.7.0/stm32cubeide/plugins/com.st.stm32cube.ide.mcu.externaltools.gnu-tools-for-stm32.9-2020-q2-update.win32_2.0.0.202105311346/tools/bin/../lib/gcc/arm-none-eabi/9.3.1/../../../../arm-none-eabi/lib/thumb/v7e-m+fp/hard\libc_nano.a(lib_a-errno.o)
                              ./Core/Src/syscalls.o (__errno)
e:/st/stm32cubeide_1.7.0/stm32cubeide/plugins/com.st.stm32cube.ide.mcu.externaltools.gnu-tools-for-stm32.9-2020-q2-update.win32_2.0.0.202105311346/tools/bin/../lib/gcc/arm-none-eabi/9.3.1/../../../../arm-none-eabi/lib/thumb/v7e-m+fp/hard\libc_nano.a(lib_a-exit.o)
                              e:/st/stm32cubeide_1.7.0/stm32cubeide/plugins/com.st.stm32cube.ide.mcu.externaltools.gnu-tools-for-stm32.9-2020-q2-update.win32_2.0.0.202105311346/tools/bin/../lib/gcc/arm-none-eabi/9.3.1/../../../../arm-none-eabi/lib/thumb/v7e-m+fp/hard/crt0.o (exit)
e:/st/stm32cubeide_1.7.0/stm32cubeide/plugins/com.st.stm32cube.ide.mcu.externaltools.gnu-tools-for-stm32.9-2020-q2-update.win32_2.0.0.202105311346/tools/bin/../lib/gcc/arm-none-eabi/9.3.1/../../../../arm-none-eabi/lib/thumb/v7e-m+fp/hard\libc_nano.a(lib_a-impure.o)
                              e:/st/stm32cubeide_1.7.0/stm32cubeide/plugins/com.st.stm32cube.ide.mcu.externaltools.gnu-tools-for-stm32.9-2020-q2-update.win32_2.0.0.202105311346/tools/bin/../lib/gcc/arm-none-eabi/9.3.1/../../../../arm-none-eabi/lib/thumb/v7e-m+fp/hard\libc_nano.a(lib_a-exit.o) (_global_impure_ptr)
e:/st/stm32cubeide_1.7.0/stm32cubeide/plugins/com.st.stm32cube.ide.mcu.externaltools.gnu-tools-for-stm32.9-2020-q2-update.win32_2.0.0.202105311346/tools/bin/../lib/gcc/arm-none-eabi/9.3.1/../../../../arm-none-eabi/lib/thumb/v7e-m+fp/hard\libc_nano.a(lib_a-init.o)
                              e:/st/stm32cubeide_1.7.0/stm32cubeide/plugins/com.st.stm32cube.ide.mcu.externaltools.gnu-tools-for-stm32.9-2020-q2-update.win32_2.0.0.202105311346/tools/bin/../lib/gcc/arm-none-eabi/9.3.1/../../../../arm-none-eabi/lib/thumb/v7e-m+fp/hard/crt0.o (__libc_init_array)
e:/st/stm32cubeide_1.7.0/stm32cubeide/plugins/com.st.stm32cube.ide.mcu.externaltools.gnu-tools-for-stm32.9-2020-q2-update.win32_2.0.0.202105311346/tools/bin/../lib/gcc/arm-none-eabi/9.3.1/../../../../arm-none-eabi/lib/thumb/v7e-m+fp/hard\libc_nano.a(lib_a-memcpy-stub.o)
                              ./Drivers/LoRa_Drivers/Devices/SX127x/sx1276.o (memcpy)
e:/st/stm32cubeide_1.7.0/stm32cubeide/plugins/com.st.stm32cube.ide.mcu.externaltools.gnu-tools-for-stm32.9-2020-q2-update.win32_2.0.0.202105311346/tools/bin/../lib/gcc/arm-none-eabi/9.3.1/../../../../arm-none-eabi/lib/thumb/v7e-m+fp/hard\libc_nano.a(lib_a-memset.o)
                              e:/st/stm32cubeide_1.7.0/stm32cubeide/plugins/com.st.stm32cube.ide.mcu.externaltools.gnu-tools-for-stm32.9-2020-q2-update.win32_2.0.0.202105311346/tools/bin/../lib/gcc/arm-none-eabi/9.3.1/../../../../arm-none-eabi/lib/thumb/v7e-m+fp/hard/crt0.o (memset)
e:/st/stm32cubeide_1.7.0/stm32cubeide/plugins/com.st.stm32cube.ide.mcu.externaltools.gnu-tools-for-stm32.9-2020-q2-update.win32_2.0.0.202105311346/tools/bin/../lib/gcc/arm-none-eabi/9.3.1/../../../../arm-none-eabi/lib/thumb/v7e-m+fp/hard\libc_nano.a(lib_a-nano-callocr.o)
                              e:/st/stm32cubeide_1.7.0/stm32cubeide/plugins/com.st.stm32cube.ide.mcu.externaltools.gnu-tools-for-stm32.9-2020-q2-update.win32_2.0.0.202105311346/tools/bin/../lib/gcc/arm-none-eabi/9.3.1/../../../../arm-none-eabi/lib/thumb/v7e-m+fp/hard\libc_nano.a(lib_a-calloc.o) (_calloc_r)
e:/st/stm32cubeide_1.7.0/stm32cubeide/plugins/com.st.stm32cube.ide.mcu.externaltools.gnu-tools-for-stm32.9-2020-q2-update.win32_2.0.0.202105311346/tools/bin/../lib/gcc/arm-none-eabi/9.3.1/../../../../arm-none-eabi/lib/thumb/v7e-m+fp/hard\libc_nano.a(lib_a-nano-mallocr.o)
                              e:/st/stm32cubeide_1.7.0/stm32cubeide/plugins/com.st.stm32cube.ide.mcu.externaltools.gnu-tools-for-stm32.9-2020-q2-update.win32_2.0.0.202105311346/tools/bin/../lib/gcc/arm-none-eabi/9.3.1/../../../../arm-none-eabi/lib/thumb/v7e-m+fp/hard\libc_nano.a(lib_a-nano-callocr.o) (_malloc_r)
e:/st/stm32cubeide_1.7.0/stm32cubeide/plugins/com.st.stm32cube.ide.mcu.externaltools.gnu-tools-for-stm32.9-2020-q2-update.win32_2.0.0.202105311346/tools/bin/../lib/gcc/arm-none-eabi/9.3.1/../../../../arm-none-eabi/lib/thumb/v7e-m+fp/hard\libc_nano.a(lib_a-sbrkr.o)
[...]
Memory Configuration

Name             Origin             Length             Attributes
CCMRAM           0x0000000010000000 0x0000000000010000 xrw
RAM              0x0000000020000000 0x0000000000020000 xrw
FLASH            0x0000000008000000 0x0000000000100000 xr
*default*        0x0000000000000000 0xffffffffffffffff

Linker script and memory map

LOAD e:/st/stm32cubeide_1.7.0/stm32cubeide/plugins/com.st.stm32cube.ide.mcu.externaltools.gnu-tools-for-stm32.9-2020-q2-update.win32_2.0.0.202105311346/tools/bin/../lib/gcc/arm-none-eabi/9.3.1/thumb/v7e-m+fp/hard/crti.o
LOAD e:/st/stm32cubeide_1.7.0/stm32cubeide/plugins/com.st.stm32cube.ide.mcu.externaltools.gnu-tools-for-stm32.9-2020-q2-update.win32_2.0.0.202105311346/tools/bin/../lib/gcc/arm-none-eabi/9.3.1/thumb/v7e-m+fp/hard/crtbegin.o
LOAD e:/st/stm32cubeide_1.7.0/stm32cubeide/plugins/com.st.stm32cube.ide.mcu.externaltools.gnu-tools-for-stm32.9-2020-q2-update.win32_2.0.0.202105311346/tools/bin/../lib/gcc/arm-none-eabi/9.3.1/../../../../arm-none-eabi/lib/thumb/v7e-m+fp/hard/crt0.o
LOAD ./Core/App/App_Test.o
LOAD ./Core/Src/gpio.o
LOAD ./Core/Src/main.o
LOAD ./Core/Src/spi.o
LOAD ./Core/Src/stm32f4xx_hal_msp.o
LOAD ./Core/Src/stm32f4xx_it.o
LOAD ./Core/Src/syscalls.o
LOAD ./Core/Src/sysmem.o
LOAD ./Core/Src/system_stm32f4xx.o
LOAD ./Core/Startup/startup_stm32f407vgtx.o
LOAD ./Drivers/LoRa_Drivers/Devices/SX127x/hw/sx1276-board.o
LOAD ./Drivers/LoRa_Drivers/Devices/SX127x/sx1276.o
LOAD ./Drivers/Module/user_timer/cfg/user_timer_cfg.o
LOAD ./Drivers/Module/user_timer/user_timer.o
LOAD ./Drivers/Module/user_uart/User_Uart.o
LOAD ./Drivers/Module/user_uart/User_Uart_Ipw.o
LOAD ./Drivers/Module/user_uart/cfg/User_Uart_Cfg.o
LOAD ./Drivers/Module/user_uart/ip/uart/User_Ip_Uart.o
LOAD ./Drivers/Module/user_uart/ip/usart/User_Ip_Usart.o
LOAD ./Drivers/Module/user_uart/protocol/slip/User_Slip.o
LOAD ./Drivers/STM32F4xx_HAL_Driver/Src/stm32f4xx_hal.o
LOAD ./Drivers/STM32F4xx_HAL_Driver/Src/stm32f4xx_hal_cortex.o
LOAD ./Drivers/STM32F4xx_HAL_Driver/Src/stm32f4xx_hal_dma.o
LOAD ./Drivers/STM32F4xx_HAL_Driver/Src/stm32f4xx_hal_dma_ex.o
LOAD ./Drivers/STM32F4xx_HAL_Driver/Src/stm32f4xx_hal_exti.o
LOAD ./Drivers/STM32F4xx_HAL_Driver/Src/stm32f4xx_hal_flash.o
LOAD ./Drivers/STM32F4xx_HAL_Driver/Src/stm32f4xx_hal_flash_ex.o
LOAD ./Drivers/STM32F4xx_HAL_Driver/Src/stm32f4xx_hal_flash_ramfunc.o
LOAD ./Drivers/STM32F4xx_HAL_Driver/Src/stm32f4xx_hal_gpio.o
LOAD ./Drivers/STM32F4xx_HAL_Driver/Src/stm32f4xx_hal_pwr.o
LOAD ./Drivers/STM32F4xx_HAL_Driver/Src/stm32f4xx_hal_pwr_ex.o
LOAD ./Drivers/STM32F4xx_HAL_Driver/Src/stm32f4xx_hal_rcc.o
LOAD ./Drivers/STM32F4xx_HAL_Driver/Src/stm32f4xx_hal_rcc_ex.o
LOAD ./Drivers/STM32F4xx_HAL_Driver/Src/stm32f4xx_hal_spi.o
LOAD ./Drivers/STM32F4xx_HAL_Driver/Src/stm32f4xx_hal_tim.o
LOAD ./Drivers/STM32F4xx_HAL_Driver/Src/stm32f4xx_hal_tim_ex.o
START GROUP
LOAD e:/st/stm32cubeide_1.7.0/stm32cubeide/plugins/com.st.stm32cube.ide.mcu.externaltools.gnu-tools-for-stm32.9-2020-q2-update.win32_2.0.0.202105311346/tools/bin/../lib/gcc/arm-none-eabi/9.3.1/../../../../arm-none-eabi/lib/thumb/v7e-m+fp/hard\libc_nano.a
LOAD e:/st/stm32cubeide_1.7.0/stm32cubeide/plugins/com.st.stm32cube.ide.mcu.externaltools.gnu-tools-for-stm32.9-2020-q2-update.win32_2.0.0.202105311346/tools/bin/../lib/gcc/arm-none-eabi/9.3.1/../../../../arm-none-eabi/lib/thumb/v7e-m+fp/hard\libm.a
END GROUP
START GROUP
LOAD e:/st/stm32cubeide_1.7.0/stm32cubeide/plugins/com.st.stm32cube.ide.mcu.externaltools.gnu-tools-for-stm32.9-2020-q2-update.win32_2.0.0.202105311346/tools/bin/../lib/gcc/arm-none-eabi/9.3.1/thumb/v7e-m+fp/hard\libgcc.a
LOAD e:/st/stm32cubeide_1.7.0/stm32cubeide/plugins/com.st.stm32cube.ide.mcu.externaltools.gnu-tools-for-stm32.9-2020-q2-update.win32_2.0.0.202105311346/tools/bin/../lib/gcc/arm-none-eabi/9.3.1/../../../../arm-none-eabi/lib/thumb/v7e-m+fp/hard\libc_nano.a
END GROUP
START GROUP
LOAD e:/st/stm32cubeide_1.7.0/stm32cubeide/plugins/com.st.stm32cube.ide.mcu.externaltools.gnu-tools-for-stm32.9-2020-q2-update.win32_2.0.0.202105311346/tools/bin/../lib/gcc/arm-none-eabi/9.3.1/thumb/v7e-m+fp/hard\libgcc.a
LOAD e:/st/stm32cubeide_1.7.0/stm32cubeide/plugins/com.st.stm32cube.ide.mcu.externaltools.gnu-tools-for-stm32.9-2020-q2-update.win32_2.0.0.202105311346/tools/bin/../lib/gcc/arm-none-eabi/9.3.1/../../../../arm-none-eabi/lib/thumb/v7e-m+fp/hard\libc_nano.a
LOAD e:/st/stm32cubeide_1.7.0/stm32cubeide/plugins/com.st.stm32cube.ide.mcu.externaltools.gnu-tools-for-stm32.9-2020-q2-update.win32_2.0.0.202105311346/tools/bin/../lib/gcc/arm-none-eabi/9.3.1/../../../../arm-none-eabi/lib/thumb/v7e-m+fp/hard\libnosys.a
END GROUP
START GROUP
LOAD e:/st/stm32cubeide_1.7.0/stm32cubeide/plugins/com.st.stm32cube.ide.mcu.externaltools.gnu-tools-for-stm32.9-2020-q2-update.win32_2.0.0.202105311346/tools/bin/../lib/gcc/arm-none-eabi/9.3.1/thumb/v7e-m+fp/hard\libgcc.a
LOAD e:/st/stm32cubeide_1.7.0/stm32cubeide/plugins/com.st.stm32cube.ide.mcu.externaltools.gnu-tools-for-stm32.9-2020-q2-update.win32_2.0.0.202105311346/tools/bin/../lib/gcc/arm-none-eabi/9.3.1/../../../../arm-none-eabi/lib/thumb/v7e-m+fp/hard\libc_nano.a
LOAD e:/st/stm32cubeide_1.7.0/stm32cubeide/plugins/com.st.stm32cube.ide.mcu.externaltools.gnu-tools-for-stm32.9-2020-q2-update.win32_2.0.0.202105311346/tools/bin/../lib/gcc/arm-none-eabi/9.3.1/../../../../arm-none-eabi/lib/thumb/v7e-m+fp/hard\libnosys.a
END GROUP
LOAD e:/st/stm32cubeide_1.7.0/stm32cubeide/plugins/com.st.stm32cube.ide.mcu.externaltools.gnu-tools-for-stm32.9-2020-q2-update.win32_2.0.0.202105311346/tools/bin/../lib/gcc/arm-none-eabi/9.3.1/thumb/v7e-m+fp/hard/crtend.o
LOAD e:/st/stm32cubeide_1.7.0/stm32cubeide/plugins/com.st.stm32cube.ide.mcu.externaltools.gnu-tools-for-stm32.9-2020-q2-update.win32_2.0.0.202105311346/tools/bin/../lib/gcc/arm-none-eabi/9.3.1/thumb/v7e-m+fp/hard/crtn.o
                0x0000000020020000                _estack = (ORIGIN (RAM) + LENGTH (RAM))
                0x0000000000000200                _Min_Heap_Size = 0x200
                0x0000000000000400                _Min_Stack_Size = 0x400

.isr_vector     0x0000000008000000      0x188
                0x0000000008000000                . = ALIGN (0x4)
 *(.isr_vector)
 .isr_vector    0x0000000008000000      0x188 ./Core/Startup/startup_stm32f407vgtx.o
                0x0000000008000000                g_pfnVectors
                0x0000000008000188                . = ALIGN (0x4)

.text           0x0000000008000188     0x507c
                0x0000000008000188                . = ALIGN (0x4)
 *(.text)
 .text          0x0000000008000188       0x40 e:/st/stm32cubeide_1.7.0/stm32cubeide/plugins/com.st.stm32cube.ide.mcu.externaltools.gnu-tools-for-stm32.9-2020-q2-update.win32_2.0.0.202105311346/tools/bin/../lib/gcc/arm-none-eabi/9.3.1/thumb/v7e-m+fp/hard/crtbegin.o
 .text          0x00000000080001c8      0x378 e:/st/stm32cubeide_1.7.0/stm32cubeide/plugins/com.st.stm32cube.ide.mcu.externaltools.gnu-tools-for-stm32.9-2020-q2-update.win32_2.0.0.202105311346/tools/bin/../lib/gcc/arm-none-eabi/9.3.1/thumb/v7e-m+fp/hard\libgcc.a(_arm_addsubdf3.o)
                0x00000000080001c8                __aeabi_drsub
                0x00000000080001d0                __aeabi_dsub
                0x00000000080001d0                __subdf3
                0x00000000080001d4                __aeabi_dadd
                0x00000000080001d4                __adddf3
                0x000000000800044c                __floatunsidf
                0x000000000800044c                __aeabi_ui2d
                0x000000000800046c                __floatsidf
                0x000000000800046c                __aeabi_i2d
                0x0000000008000490                __aeabi_f2d
                0x0000000008000490                __extendsfdf2
                0x00000000080004d4                __floatundidf
                0x00000000080004d4                __aeabi_ul2d
                0x00000000080004e4                __floatdidf
                0x00000000080004e4                __aeabi_l2d
 .text          0x0000000008000540      0x424 e:/st/stm32cubeide_1.7.0/stm32cubeide/plugins/com.st.stm32cube.ide.mcu.externaltools.gnu-tools-for-stm32.9-2020-q2-update.win32_2.0.0.202105311346/tools/bin/../lib/gcc/arm-none-eabi/9.3.1/thumb/v7e-m+fp/hard\libgcc.a(_arm_muldivdf3.o)
                0x0000000008000540                __aeabi_dmul
                0x0000000008000540                __muldf3
                0x0000000008000794                __divdf3
                0x0000000008000794                __aeabi_ddiv
 .text          0x0000000008000964      0x110 e:/st/stm32cubeide_1.7.0/stm32cubeide/plugins/com.st.stm32cube.ide.mcu.externaltools.gnu-tools-for-stm32.9-2020-q2-update.win32_2.0.0.202105311346/tools/bin/../lib/gcc/arm-none-eabi/9.3.1/thumb/v7e-m+fp/hard\libgcc.a(_arm_cmpdf2.o)
                0x0000000008000964                __gtdf2
                0x0000000008000964                __gedf2
                0x000000000800096c                __ltdf2
                0x000000000800096c                __ledf2
                0x0000000008000974                __nedf2
                0x0000000008000974                __eqdf2
                0x0000000008000974                __cmpdf2
                0x00000000080009f0                __aeabi_cdrcmple
                0x0000000008000a00                __aeabi_cdcmpeq
                0x0000000008000a00                __aeabi_cdcmple
                0x0000000008000a10                __aeabi_dcmpeq
                0x0000000008000a24                __aeabi_dcmplt
                0x0000000008000a38                __aeabi_dcmple
                0x0000000008000a4c                __aeabi_dcmpge
                0x0000000008000a60                __aeabi_dcmpgt
 .text          0x0000000008000a74       0x40 e:/st/stm32cubeide_1.7.0/stm32cubeide/plugins/com.st.stm32cube.ide.mcu.externaltools.gnu-tools-for-stm32.9-2020-q2-update.win32_2.0.0.202105311346/tools/bin/../lib/gcc/arm-none-eabi/9.3.1/thumb/v7e-m+fp/hard\libgcc.a(_arm_fixunsdfsi.o)
                0x0000000008000a74                __aeabi_d2uiz
                0x0000000008000a74                __fixunsdfsi
 .text          0x0000000008000ab4       0x30 e:/st/stm32cubeide_1.7.0/stm32cubeide/plugins/com.st.stm32cube.ide.mcu.externaltools.gnu-tools-for-stm32.9-2020-q2-update.win32_2.0.0.202105311346/tools/bin/../lib/gcc/arm-none-eabi/9.3.1/thumb/v7e-m+fp/hard\libgcc.a(_aeabi_uldivmod.o)
                0x0000000008000ab4                __aeabi_uldivmod
 .text          0x0000000008000ae4      0x2c4 e:/st/stm32cubeide_1.7.0/stm32cubeide/plugins/com.st.stm32cube.ide.mcu.externaltools.gnu-tools-for-stm32.9-2020-q2-update.win32_2.0.0.202105311346/tools/bin/../lib/gcc/arm-none-eabi/9.3.1/thumb/v7e-m+fp/hard\libgcc.a(_udivmoddi4.o)
                0x0000000008000ae4                __udivmoddi4
 .text          0x0000000008000da8        0x4 e:/st/stm32cubeide_1.7.0/stm32cubeide/plugins/com.st.stm32cube.ide.mcu.externaltools.gnu-tools-for-stm32.9-2020-q2-update.win32_2.0.0.202105311346/tools/bin/../lib/gcc/arm-none-eabi/9.3.1/thumb/v7e-m+fp/hard\libgcc.a(_dvmd_tls.o)
                0x0000000008000da8                __aeabi_idiv0
                0x0000000008000da8                __aeabi_ldiv0
 *(.text*)
 .text.App_TestMain
                0x0000000008000dac       0x78 ./Core/App/App_Test.o
                0x0000000008000dac                App_TestMain
 .text.MX_GPIO_Init
                0x0000000008000e24      0x12c ./Core/Src/gpio.o
                0x0000000008000e24                MX_GPIO_Init
 .text.main     0x0000000008000f50       0x30 ./Core/Src/main.o
                0x0000000008000f50                main
 .text.SystemClock_Config
                0x0000000008000f80       0xd4 ./Core/Src/main.o
                0x0000000008000f80                SystemClock_Config
 .text.Update_handler
                0x0000000008001054       0x14 ./Core/Src/main.o
                0x0000000008001054                Update_handler
 .text.Error_Handler
                0x0000000008001068        0xa ./Core/Src/main.o
                0x0000000008001068                Error_Handler
 *fill*         0x0000000008001072        0x2 
 .text.MX_SPI1_Init
                0x0000000008001074       0x6c ./Core/Src/spi.o
                0x0000000008001074                MX_SPI1_Init
 .text.HAL_SPI_MspInit
                0x00000000080010e0       0x90 ./Core/Src/spi.o
                0x00000000080010e0                HAL_SPI_MspInit
 .text.HAL_MspInit
                0x0000000008001170       0x50 ./Core/Src/stm32f4xx_hal_msp.o
                0x0000000008001170                HAL_MspInit
 .text.NMI_Handler
                0x00000000080011c0        0x6 ./Core/Src/stm32f4xx_it.o
                0x00000000080011c0                NMI_Handler
 .text.HardFault_Handler
                0x00000000080011c6        0x6 ./Core/Src/stm32f4xx_it.o
                0x00000000080011c6                HardFault_Handler
 .text.MemManage_Handler
                0x00000000080011cc        0x6 ./Core/Src/stm32f4xx_it.o
                0x00000000080011cc                MemManage_Handler
 .text.BusFault_Handler
                0x00000000080011d2        0x6 ./Core/Src/stm32f4xx_it.o
                0x00000000080011d2                BusFault_Handler
 .text.UsageFault_Handler
                0x00000000080011d8        0x6 ./Core/Src/stm32f4xx_it.o
                0x00000000080011d8                UsageFault_Handler
 .text.SVC_Handler
                0x00000000080011de        0xe ./Core/Src/stm32f4xx_it.o
                0x00000000080011de                SVC_Handler
 .text.DebugMon_Handler
                0x00000000080011ec        0xe ./Core/Src/stm32f4xx_it.o
                0x00000000080011ec                DebugMon_Handler
 .text.PendSV_Handler
                0x00000000080011fa        0xe ./Core/Src/stm32f4xx_it.o
                0x00000000080011fa                PendSV_Handler
 .text.SysTick_Handler
                0x0000000008001208        0xc ./Core/Src/stm32f4xx_it.o
                0x0000000008001208                SysTick_Handler
 .text.SystemInit
                0x0000000008001214       0x24 ./Core/Src/system_stm32f4xx.o
                0x0000000008001214                SystemInit
 .text.Reset_Handler
                0x0000000008001238       0x50 ./Core/Startup/startup_stm32f407vgtx.o
                0x0000000008001238                Reset_Handler
 .text.Default_Handler
                0x0000000008001288        0x2 ./Core/Startup/startup_stm32f407vgtx.o
                0x0000000008001288                RTC_Alarm_IRQHandler
                0x0000000008001288                HASH_RNG_IRQHandler
                0x0000000008001288                EXTI2_IRQHandler
                0x0000000008001288                TIM8_CC_IRQHandler
                0x0000000008001288                TIM1_CC_IRQHandler
                0x0000000008001288                DMA2_Stream5_IRQHandler
                0x0000000008001288                DMA1_Stream5_IRQHandler
                0x0000000008001288                PVD_IRQHandler
                0x0000000008001288                SDIO_IRQHandler
                0x0000000008001288                TAMP_STAMP_IRQHandler
                0x0000000008001288                CAN2_RX1_IRQHandler
                0x0000000008001288                EXTI3_IRQHandler
                0x0000000008001288                TIM8_TRG_COM_TIM14_IRQHandler
                0x0000000008001288                TIM1_UP_TIM10_IRQHandler
                0x0000000008001288                TIM8_UP_TIM13_IRQHandler
                0x0000000008001288                I2C3_ER_IRQHandler
                0x0000000008001288                EXTI0_IRQHandler
                0x0000000008001288                I2C2_EV_IRQHandler
                0x0000000008001288                DMA1_Stream2_IRQHandler
                0x0000000008001288                CAN1_RX0_IRQHandler
                0x0000000008001288                FPU_IRQHandler
                0x0000000008001288                OTG_HS_WKUP_IRQHandler
                0x0000000008001288                CAN2_SCE_IRQHandler
                0x0000000008001288                DMA2_Stream2_IRQHandler
                0x0000000008001288                SPI1_IRQHandler
                0x0000000008001288                TIM6_DAC_IRQHandler
                0x0000000008001288                TIM1_BRK_TIM9_IRQHandler
                0x0000000008001288                DCMI_IRQHandler
                0x0000000008001288                CAN2_RX0_IRQHandler
                0x0000000008001288                DMA2_Stream3_IRQHandler
                0x0000000008001288                CAN1_RX1_IRQHandler
                0x0000000008001288                DMA2_Stream0_IRQHandler
                0x0000000008001288                I2C1_EV_IRQHandler
                0x0000000008001288                DMA1_Stream6_IRQHandler
                0x0000000008001288                DMA1_Stream1_IRQHandler
                0x0000000008001288                RCC_IRQHandler
                0x0000000008001288                TIM8_BRK_TIM12_IRQHandler
                0x0000000008001288                Default_Handler
                0x0000000008001288                EXTI15_10_IRQHandler
                0x0000000008001288                ADC_IRQHandler
                0x0000000008001288                DMA1_Stream7_IRQHandler
                0x0000000008001288                TIM7_IRQHandler
                0x0000000008001288                CAN2_TX_IRQHandler
                0x0000000008001288                TIM5_IRQHandler
                0x0000000008001288                DMA2_Stream7_IRQHandler
                0x0000000008001288                I2C3_EV_IRQHandler
                0x0000000008001288                EXTI9_5_IRQHandler
                0x0000000008001288                RTC_WKUP_IRQHandler
                0x0000000008001288                ETH_WKUP_IRQHandler
                0x0000000008001288                SPI2_IRQHandler
                0x0000000008001288                OTG_HS_EP1_IN_IRQHandler
                0x0000000008001288                DMA1_Stream0_IRQHandler
                0x0000000008001288                CAN1_TX_IRQHandler
                0x0000000008001288                EXTI4_IRQHandler
                0x0000000008001288                FSMC_IRQHandler
                0x0000000008001288                ETH_IRQHandler
                0x0000000008001288                OTG_HS_EP1_OUT_IRQHandler
                0x0000000008001288                WWDG_IRQHandler
                0x0000000008001288                OTG_FS_WKUP_IRQHandler
                0x0000000008001288                TIM1_TRG_COM_TIM11_IRQHandler
                0x0000000008001288                OTG_HS_IRQHandler
                0x0000000008001288                EXTI1_IRQHandler
                0x0000000008001288                I2C2_ER_IRQHandler
                0x0000000008001288                DMA2_Stream1_IRQHandler
                0x0000000008001288                CAN1_SCE_IRQHandler
                0x0000000008001288                FLASH_IRQHandler
                0x0000000008001288                DMA2_Stream4_IRQHandler
                0x0000000008001288                OTG_FS_IRQHandler
                0x0000000008001288                SPI3_IRQHandler
                0x0000000008001288                DMA1_Stream4_IRQHandler
                0x0000000008001288                I2C1_ER_IRQHandler
                0x0000000008001288                DMA2_Stream6_IRQHandler
                0x0000000008001288                DMA1_Stream3_IRQHandler
 .text.SX1276DelayMs
                0x000000000800128a       0x16 ./Drivers/LoRa_Drivers/Devices/SX127x/hw/sx1276-board.o
                0x000000000800128a                SX1276DelayMs
 .text.SX1276TimerInit
                0x00000000080012a0        0xe ./Drivers/LoRa_Drivers/Devices/SX127x/hw/sx1276-board.o
                0x00000000080012a0                SX1276TimerInit
 *fill*         0x00000000080012ae        0x2 
 .text.TIM3_Int_Init
                0x00000000080012b0       0x24 ./Drivers/LoRa_Drivers/Devices/SX127x/hw/sx1276-board.o
                0x00000000080012b0                TIM3_Int_Init
 .text.SX1276TxTimeoutTimerStop
                0x00000000080012d4       0x12 ./Drivers/LoRa_Drivers/Devices/SX127x/hw/sx1276-board.o
                0x00000000080012d4                SX1276TxTimeoutTimerStop
 .text.SX1276RxTimeoutTimerStart
                0x00000000080012e6       0x2c ./Drivers/LoRa_Drivers/Devices/SX127x/hw/sx1276-board.o
                0x00000000080012e6                SX1276RxTimeoutTimerStart
 .text.SX1276RxTimeoutTimerStop
                0x0000000008001312       0x12 ./Drivers/LoRa_Drivers/Devices/SX127x/hw/sx1276-board.o
                0x0000000008001312                SX1276RxTimeoutTimerStop
 .text.SX1276SyncWordTimeoutTimerStart
                0x0000000008001324       0x2c ./Drivers/LoRa_Drivers/Devices/SX127x/hw/sx1276-board.o
                0x0000000008001324                SX1276SyncWordTimeoutTimerStart
 .text.SX1276CheckRfFrequency
                0x0000000008001350       0x16 ./Drivers/LoRa_Drivers/Devices/SX127x/hw/sx1276-board.o
                0x0000000008001350                SX1276CheckRfFrequency
 *fill*         0x0000000008001366        0x2 
 .text.SX1276Reset
                0x0000000008001368       0x2c ./Drivers/LoRa_Drivers/Devices/SX127x/hw/sx1276-board.o
                0x0000000008001368                SX1276Reset
 .text.Sx1276SpiInOut
                0x0000000008001394       0x2c ./Drivers/LoRa_Drivers/Devices/SX127x/hw/sx1276-board.o
                0x0000000008001394                Sx1276SpiInOut
 .text.Sx1276SetNSS
                0x00000000080013c0       0x34 ./Drivers/LoRa_Drivers/Devices/SX127x/hw/sx1276-board.o
                0x00000000080013c0                Sx1276SetNSS
 .text.SX1276SetAntSwLowPower
                0x00000000080013f4       0x3c ./Drivers/LoRa_Drivers/Devices/SX127x/sx1276.o
                0x00000000080013f4                SX1276SetAntSwLowPower
 .text.SX1276Init
                0x0000000008001430       0x8c ./Drivers/LoRa_Drivers/Devices/SX127x/sx1276.o
                0x0000000008001430                SX1276Init
 .text.SX1276GetStatus
                0x00000000080014bc       0x18 ./Drivers/LoRa_Drivers/Devices/SX127x/sx1276.o
                0x00000000080014bc                SX1276GetStatus
 *fill*         0x00000000080014d4        0x4 
 .text.SX1276SetChannel
                0x00000000080014d8       0x6c ./Drivers/LoRa_Drivers/Devices/SX127x/sx1276.o
                0x00000000080014d8                SX1276SetChannel
 .text.SX1276IsChannelFree
                0x0000000008001544       0x58 ./Drivers/LoRa_Drivers/Devices/SX127x/sx1276.o
                0x0000000008001544                SX1276IsChannelFree
 .text.SX1276Random
                0x000000000800159c       0x5c ./Drivers/LoRa_Drivers/Devices/SX127x/sx1276.o
                0x000000000800159c                SX1276Random
 .text.RxChainCalibration
                0x00000000080015f8       0xd4 ./Drivers/LoRa_Drivers/Devices/SX127x/sx1276.o
 .text.GetFskBandwidthRegValue
                0x00000000080016cc       0x58 ./Drivers/LoRa_Drivers/Devices/SX127x/sx1276.o
 *fill*         0x0000000008001724        0x4 
 .text.SX1276SetRxConfig
                0x0000000008001728      0x3ac ./Drivers/LoRa_Drivers/Devices/SX127x/sx1276.o
                0x0000000008001728                SX1276SetRxConfig
 *fill*         0x0000000008001ad4        0x4 
 .text.SX1276SetTxConfig
                0x0000000008001ad8      0x448 ./Drivers/LoRa_Drivers/Devices/SX127x/sx1276.o
                0x0000000008001ad8                SX1276SetTxConfig
 .text.SX1276GetTimeOnAir
                0x0000000008001f20      0x3bc ./Drivers/LoRa_Drivers/Devices/SX127x/sx1276.o
                0x0000000008001f20                SX1276GetTimeOnAir
 .text.SX1276Send
                0x00000000080022dc      0x15c ./Drivers/LoRa_Drivers/Devices/SX127x/sx1276.o
                0x00000000080022dc                SX1276Send
 .text.SX1276SetSleep
                0x0000000008002438       0x20 ./Drivers/LoRa_Drivers/Devices/SX127x/sx1276.o
                0x0000000008002438                SX1276SetSleep
 .text.SX1276SetStby
                0x0000000008002458       0x20 ./Drivers/LoRa_Drivers/Devices/SX127x/sx1276.o
                0x0000000008002458                SX1276SetStby
 .text.SX1276SetRx
                0x0000000008002478      0x474 ./Drivers/LoRa_Drivers/Devices/SX127x/sx1276.o
                0x0000000008002478                SX1276SetRx
 .text.SX1276SetTx
                0x00000000080028ec       0xe4 ./Drivers/LoRa_Drivers/Devices/SX127x/sx1276.o
                0x00000000080028ec                SX1276SetTx
 .text.SX1276StartCad
                0x00000000080029d0       0x48 ./Drivers/LoRa_Drivers/Devices/SX127x/sx1276.o
                0x00000000080029d0                SX1276StartCad
 .text.SX1276ReadRssi
                0x0000000008002a18       0x7c ./Drivers/LoRa_Drivers/Devices/SX127x/sx1276.o
                0x0000000008002a18                SX1276ReadRssi
 .text.SX1276SetOpMode
                0x0000000008002a94       0x5c ./Drivers/LoRa_Drivers/Devices/SX127x/sx1276.o
                0x0000000008002a94                SX1276SetOpMode
 .text.SX1276SetModem
                0x0000000008002af0       0x8c ./Drivers/LoRa_Drivers/Devices/SX127x/sx1276.o
                0x0000000008002af0                SX1276SetModem
 .text.SX1276Write
                0x0000000008002b7c       0x24 ./Drivers/LoRa_Drivers/Devices/SX127x/sx1276.o
                0x0000000008002b7c                SX1276Write
 .text.SX1276Read
                0x0000000008002ba0       0x22 ./Drivers/LoRa_Drivers/Devices/SX127x/sx1276.o
                0x0000000008002ba0                SX1276Read
 .text.SX1276WriteBuffer
                0x0000000008002bc2       0x54 ./Drivers/LoRa_Drivers/Devices/SX127x/sx1276.o
                0x0000000008002bc2                SX1276WriteBuffer
 .text.SX1276ReadBuffer
                0x0000000008002c16       0x56 ./Drivers/LoRa_Drivers/Devices/SX127x/sx1276.o
                0x0000000008002c16                SX1276ReadBuffer
 .text.SX1276WriteFifo
                0x0000000008002c6c       0x20 ./Drivers/LoRa_Drivers/Devices/SX127x/sx1276.o
                0x0000000008002c6c                SX1276WriteFifo
 .text.SX1276SetMaxPayloadLength
                0x0000000008002c8c       0x58 ./Drivers/LoRa_Drivers/Devices/SX127x/sx1276.o
                0x0000000008002c8c                SX1276SetMaxPayloadLength
 .text.SX1276AntSwInit
                0x0000000008002ce4        0xe ./Drivers/LoRa_Drivers/Devices/SX127x/sx1276.o
                0x0000000008002ce4                SX1276AntSwInit
 .text.SX1276AntSwDeInit
                0x0000000008002cf2        0xe ./Drivers/LoRa_Drivers/Devices/SX127x/sx1276.o
                0x0000000008002cf2                SX1276AntSwDeInit
 .text.SX1276SetAntSw
                0x0000000008002d00       0x16 ./Drivers/LoRa_Drivers/Devices/SX127x/sx1276.o
                0x0000000008002d00                SX1276SetAntSw
 *fill*         0x0000000008002d16        0x2 
 .text.Init_Timer
                0x0000000008002d18      0x624 ./Drivers/Module/user_timer/user_timer.o
                0x0000000008002d18                Init_Timer
 .text.TIM_CMD  0x000000000800333c       0x38 ./Drivers/Module/user_timer/user_timer.o
                0x000000000800333c                TIM_CMD
 .text.Tim_AddEvent
                0x0000000008003374       0x6c ./Drivers/Module/user_timer/user_timer.o
                0x0000000008003374                Tim_AddEvent
 .text.TIM2_IRQHandler
                0x00000000080033e0       0x58 ./Drivers/Module/user_timer/user_timer.o
                0x00000000080033e0                TIM2_IRQHandler
 .text.TIM3_IRQHandler
                0x0000000008003438       0x58 ./Drivers/Module/user_timer/user_timer.o
                0x0000000008003438                TIM3_IRQHandler
 .text.TIM4_IRQHandler
                0x0000000008003490       0x48 ./Drivers/Module/user_timer/user_timer.o
                0x0000000008003490                TIM4_IRQHandler
 .text.User_Ip_Uart_GetChar
                0x00000000080034d8       0x1a ./Drivers/Module/user_uart/ip/uart/User_Ip_Uart.o
 .text.User_Ip_Uart_PutChar
                0x00000000080034f2       0x1e ./Drivers/Module/user_uart/ip/uart/User_Ip_Uart.o
 .text.User_Ip_Uart_StopAsyncTransmit
                0x0000000008003510       0x20 ./Drivers/Module/user_uart/ip/uart/User_Ip_Uart.o
 .text.User_Ip_Uart_GetBuffer
                0x0000000008003530       0x5c ./Drivers/Module/user_uart/ip/uart/User_Ip_Uart.o
 .text.User_Ip_Uart_TransmitBuffer
                0x000000000800358c       0x78 ./Drivers/Module/user_uart/ip/uart/User_Ip_Uart.o
 .text.User_Ip_Uart_ReceiveBuffer
                0x0000000008003604       0x86 ./Drivers/Module/user_uart/ip/uart/User_Ip_Uart.o
 *fill*         0x000000000800368a        0x2 
 .text.User_Ip_Uart_IrqHandler
                0x000000000800368c       0x6c ./Drivers/Module/user_uart/ip/uart/User_Ip_Uart.o
 .text.UART4_IRQHandler
                0x00000000080036f8        0xe ./Drivers/Module/user_uart/ip/uart/User_Ip_Uart.o
                0x00000000080036f8                UART4_IRQHandler
 .text.UART5_IRQHandler
                0x0000000008003706        0xe ./Drivers/Module/user_uart/ip/uart/User_Ip_Uart.o
                0x0000000008003706                UART5_IRQHandler
 .text.User_Ip_Usart_GetChar
                0x0000000008003714       0x1a ./Drivers/Module/user_uart/ip/usart/User_Ip_Usart.o
 .text.User_Ip_Usart_PutChar
                0x000000000800372e       0x1e ./Drivers/Module/user_uart/ip/usart/User_Ip_Usart.o
 .text.User_Ip_Usart_StopAsyncTransmit
                0x000000000800374c       0x20 ./Drivers/Module/user_uart/ip/usart/User_Ip_Usart.o
 .text.User_Ip_Usart_GetBuffer
                0x000000000800376c       0x6c ./Drivers/Module/user_uart/ip/usart/User_Ip_Usart.o
 .text.User_Ip_Usart_TransmitBuffer
                0x00000000080037d8       0x78 ./Drivers/Module/user_uart/ip/usart/User_Ip_Usart.o
 .text.User_Ip_Usart_ReceiveBuffer
                0x0000000008003850       0x8a ./Drivers/Module/user_uart/ip/usart/User_Ip_Usart.o
 *fill*         0x00000000080038da        0x2 
 .text.User_Ip_Usart_IrqHandler
                0x00000000080038dc       0x74 ./Drivers/Module/user_uart/ip/usart/User_Ip_Usart.o
 .text.USART1_IRQHandler
                0x0000000008003950        0xe ./Drivers/Module/user_uart/ip/usart/User_Ip_Usart.o
                0x0000000008003950                USART1_IRQHandler
 .text.USART2_IRQHandler
                0x000000000800395e        0xe ./Drivers/Module/user_uart/ip/usart/User_Ip_Usart.o
                0x000000000800395e                USART2_IRQHandler
 .text.USART3_IRQHandler
                0x000000000800396c        0xe ./Drivers/Module/user_uart/ip/usart/User_Ip_Usart.o
                0x000000000800396c                USART3_IRQHandler
 .text.USART6_IRQHandler
                0x000000000800397a        0xe ./Drivers/Module/user_uart/ip/usart/User_Ip_Usart.o
                0x000000000800397a                USART6_IRQHandler
 .text.HAL_Init
                0x0000000008003988       0x44 ./Drivers/STM32F4xx_HAL_Driver/Src/stm32f4xx_hal.o
                0x0000000008003988                HAL_Init
 .text.HAL_InitTick
                0x00000000080039cc       0x60 ./Drivers/STM32F4xx_HAL_Driver/Src/stm32f4xx_hal.o
                0x00000000080039cc                HAL_InitTick
 .text.HAL_IncTick
                0x0000000008003a2c       0x28 ./Drivers/STM32F4xx_HAL_Driver/Src/stm32f4xx_hal.o
                0x0000000008003a2c                HAL_IncTick
 .text.HAL_GetTick
                0x0000000008003a54       0x18 ./Drivers/STM32F4xx_HAL_Driver/Src/stm32f4xx_hal.o
                0x0000000008003a54                HAL_GetTick
 .text.HAL_Delay
                0x0000000008003a6c       0x48 ./Drivers/STM32F4xx_HAL_Driver/Src/stm32f4xx_hal.o
                0x0000000008003a6c                HAL_Delay
 .text.__NVIC_SetPriorityGrouping
                0x0000000008003ab4       0x48 ./Drivers/STM32F4xx_HAL_Driver/Src/stm32f4xx_hal_cortex.o
 .text.__NVIC_GetPriorityGrouping
                0x0000000008003afc       0x1c ./Drivers/STM32F4xx_HAL_Driver/Src/stm32f4xx_hal_cortex.o
 .text.__NVIC_EnableIRQ
                0x0000000008003b18       0x3c ./Drivers/STM32F4xx_HAL_Driver/Src/stm32f4xx_hal_cortex.o
 .text.__NVIC_SetPriority
                0x0000000008003b54       0x54 ./Drivers/STM32F4xx_HAL_Driver/Src/stm32f4xx_hal_cortex.o
 .text.NVIC_EncodePriority
                0x0000000008003ba8       0x66 ./Drivers/STM32F4xx_HAL_Driver/Src/stm32f4xx_hal_cortex.o
 *fill*         0x0000000008003c0e        0x2 
 .text.SysTick_Config
                0x0000000008003c10       0x44 ./Drivers/STM32F4xx_HAL_Driver/Src/stm32f4xx_hal_cortex.o
 .text.HAL_NVIC_SetPriorityGrouping
                0x0000000008003c54       0x16 ./Drivers/STM32F4xx_HAL_Driver/Src/stm32f4xx_hal_cortex.o
                0x0000000008003c54                HAL_NVIC_SetPriorityGrouping
 .text.HAL_NVIC_SetPriority
                0x0000000008003c6a       0x38 ./Drivers/STM32F4xx_HAL_Driver/Src/stm32f4xx_hal_cortex.o
                0x0000000008003c6a                HAL_NVIC_SetPriority
 .text.HAL_NVIC_EnableIRQ
                0x0000000008003ca2       0x1c ./Drivers/STM32F4xx_HAL_Driver/Src/stm32f4xx_hal_cortex.o
                0x0000000008003ca2                HAL_NVIC_EnableIRQ
 .text.HAL_SYSTICK_Config
                0x0000000008003cbe       0x18 ./Drivers/STM32F4xx_HAL_Driver/Src/stm32f4xx_hal_cortex.o
                0x0000000008003cbe                HAL_SYSTICK_Config
 *fill*         0x0000000008003cd6        0x2 
 .text.HAL_GPIO_Init
                0x0000000008003cd8      0x338 ./Drivers/STM32F4xx_HAL_Driver/Src/stm32f4xx_hal_gpio.o
                0x0000000008003cd8                HAL_GPIO_Init
 .text.HAL_GPIO_WritePin
                0x0000000008004010       0x32 ./Drivers/STM32F4xx_HAL_Driver/Src/stm32f4xx_hal_gpio.o
                0x0000000008004010                HAL_GPIO_WritePin
 .text.HAL_GPIO_TogglePin
                0x0000000008004042       0x34 ./Drivers/STM32F4xx_HAL_Driver/Src/stm32f4xx_hal_gpio.o
                0x0000000008004042                HAL_GPIO_TogglePin
 *fill*         0x0000000008004076        0x2 
 .text.HAL_RCC_OscConfig
                0x0000000008004078      0x4f0 ./Drivers/STM32F4xx_HAL_Driver/Src/stm32f4xx_hal_rcc.o
                0x0000000008004078                HAL_RCC_OscConfig
 .text.HAL_RCC_ClockConfig
                0x0000000008004568      0x1cc ./Drivers/STM32F4xx_HAL_Driver/Src/stm32f4xx_hal_rcc.o
                0x0000000008004568                HAL_RCC_ClockConfig
 .text.HAL_RCC_GetSysClockFreq
                0x0000000008004734      0x1c4 ./Drivers/STM32F4xx_HAL_Driver/Src/stm32f4xx_hal_rcc.o
                0x0000000008004734                HAL_RCC_GetSysClockFreq
 .text.HAL_SPI_Init
                0x00000000080048f8      0x112 ./Drivers/STM32F4xx_HAL_Driver/Src/stm32f4xx_hal_spi.o
                0x00000000080048f8                HAL_SPI_Init
 .text.HAL_SPI_TransmitReceive
                0x0000000008004a0a      0x344 ./Drivers/STM32F4xx_HAL_Driver/Src/stm32f4xx_hal_spi.o
                0x0000000008004a0a                HAL_SPI_TransmitReceive
 *fill*         0x0000000008004d4e        0x2 
 .text.SPI_WaitFlagStateUntilTimeout
                0x0000000008004d50      0x110 ./Drivers/STM32F4xx_HAL_Driver/Src/stm32f4xx_hal_spi.o
 .text.SPI_EndRxTxTransaction
                0x0000000008004e60       0x84 ./Drivers/STM32F4xx_HAL_Driver/Src/stm32f4xx_hal_spi.o
 .text.__libc_init_array
                0x0000000008004ee4       0x48 e:/st/stm32cubeide_1.7.0/stm32cubeide/plugins/com.st.stm32cube.ide.mcu.externaltools.gnu-tools-for-stm32.9-2020-q2-update.win32_2.0.0.202105311346/tools/bin/../lib/gcc/arm-none-eabi/9.3.1/../../../../arm-none-eabi/lib/thumb/v7e-m+fp/hard\libc_nano.a(lib_a-init.o)
                0x0000000008004ee4                __libc_init_array
 .text.memcpy   0x0000000008004f2c       0x1c e:/st/stm32cubeide_1.7.0/stm32cubeide/plugins/com.st.stm32cube.ide.mcu.externaltools.gnu-tools-for-stm32.9-2020-q2-update.win32_2.0.0.202105311346/tools/bin/../lib/gcc/arm-none-eabi/9.3.1/../../../../arm-none-eabi/lib/thumb/v7e-m+fp/hard\libc_nano.a(lib_a-memcpy-stub.o)
                0x0000000008004f2c                memcpy
 .text.memset   0x0000000008004f48       0x10 e:/st/stm32cubeide_1.7.0/stm32cubeide/plugins/com.st.stm32cube.ide.mcu.externaltools.gnu-tools-for-stm32.9-2020-q2-update.win32_2.0.0.202105311346/tools/bin/../lib/gcc/arm-none-eabi/9.3.1/../../../../arm-none-eabi/lib/thumb/v7e-m+fp/hard\libc_nano.a(lib_a-memset.o)
                0x0000000008004f48                memset
 .text.ceil     0x0000000008004f58      0x108 e:/st/stm32cubeide_1.7.0/stm32cubeide/plugins/com.st.stm32cube.ide.mcu.externaltools.gnu-tools-for-stm32.9-2020-q2-update.win32_2.0.0.202105311346/tools/bin/../lib/gcc/arm-none-eabi/9.3.1/../../../../arm-none-eabi/lib/thumb/v7e-m+fp/hard\libm.a(lib_a-s_ceil.o)
                0x0000000008004f58                ceil
 .text.floor    0x0000000008005060      0x100 e:/st/stm32cubeide_1.7.0/stm32cubeide/plugins/com.st.stm32cube.ide.mcu.externaltools.gnu-tools-for-stm32.9-2020-q2-update.win32_2.0.0.202105311346/tools/bin/../lib/gcc/arm-none-eabi/9.3.1/../../../../arm-none-eabi/lib/thumb/v7e-m+fp/hard\libm.a(lib_a-s_floor.o)
                0x0000000008005060                floor
 .text.round    0x0000000008005160       0x8c e:/st/stm32cubeide_1.7.0/stm32cubeide/plugins/com.st.stm32cube.ide.mcu.externaltools.gnu-tools-for-stm32.9-2020-q2-update.win32_2.0.0.202105311346/tools/bin/../lib/gcc/arm-none-eabi/9.3.1/../../../../arm-none-eabi/lib/thumb/v7e-m+fp/hard\libm.a(lib_a-s_round.o)
                0x0000000008005160                round
 *(.glue_7)
 .glue_7        0x00000000080051ec        0x0 linker stubs
 *(.glue_7t)
 .glue_7t       0x00000000080051ec        0x0 linker stubs
 *(.eh_frame)
 .eh_frame      0x00000000080051ec        0x0 e:/st/stm32cubeide_1.7.0/stm32cubeide/plugins/com.st.stm32cube.ide.mcu.externaltools.gnu-tools-for-stm32.9-2020-q2-update.win32_2.0.0.202105311346/tools/bin/../lib/gcc/arm-none-eabi/9.3.1/thumb/v7e-m+fp/hard/crtbegin.o
 *(.init)
 .init          0x00000000080051ec        0x4 e:/st/stm32cubeide_1.7.0/stm32cubeide/plugins/com.st.stm32cube.ide.mcu.externaltools.gnu-tools-for-stm32.9-2020-q2-update.win32_2.0.0.202105311346/tools/bin/../lib/gcc/arm-none-eabi/9.3.1/thumb/v7e-m+fp/hard/crti.o
                0x00000000080051ec                _init
 .init          0x00000000080051f0        0x8 e:/st/stm32cubeide_1.7.0/stm32cubeide/plugins/com.st.stm32cube.ide.mcu.externaltools.gnu-tools-for-stm32.9-2020-q2-update.win32_2.0.0.202105311346/tools/bin/../lib/gcc/arm-none-eabi/9.3.1/thumb/v7e-m+fp/hard/crtn.o
 *(.fini)
 .fini          0x00000000080051f8        0x4 e:/st/stm32cubeide_1.7.0/stm32cubeide/plugins/com.st.stm32cube.ide.mcu.externaltools.gnu-tools-for-stm32.9-2020-q2-update.win32_2.0.0.202105311346/tools/bin/../lib/gcc/arm-none-eabi/9.3.1/thumb/v7e-m+fp/hard/crti.o
                0x00000000080051f8                _fini
 .fini          0x00000000080051fc        0x8 e:/st/stm32cubeide_1.7.0/stm32cubeide/plugins/com.st.stm32cube.ide.mcu.externaltools.gnu-tools-for-stm32.9-2020-q2-update.win32_2.0.0.202105311346/tools/bin/../lib/gcc/arm-none-eabi/9.3.1/thumb/v7e-m+fp/hard/crtn.o
                0x0000000008005204                . = ALIGN (0x4)
                0x0000000008005204                _etext = .

.vfp11_veneer   0x0000000008005204        0x0
 .vfp11_veneer  0x0000000008005204        0x0 linker stubs

.v4_bx          0x0000000008005204        0x0
 .v4_bx         0x0000000008005204        0x0 linker stubs

.iplt           0x0000000008005204        0x0
 .iplt          0x0000000008005204        0x0 e:/st/stm32cubeide_1.7.0/stm32cubeide/plugins/com.st.stm32cube.ide.mcu.externaltools.gnu-tools-for-stm32.9-2020-q2-update.win32_2.0.0.202105311346/tools/bin/../lib/gcc/arm-none-eabi/9.3.1/thumb/v7e-m+fp/hard/crtbegin.o

.rodata         0x0000000008005204      0x18c
                0x0000000008005204                . = ALIGN (0x4)
 *(.rodata)
 *(.rodata*)
 .rodata.AHBPrescTable
                0x0000000008005204       0x10 ./Core/Src/system_stm32f4xx.o
                0x0000000008005204                AHBPrescTable
 .rodata.Radio  0x0000000008005214       0x54 ./Drivers/LoRa_Drivers/Devices/SX127x/hw/sx1276-board.o
                0x0000000008005214                Radio
 .rodata.RadioRegsInit
                0x0000000008005268       0x30 ./Drivers/LoRa_Drivers/Devices/SX127x/sx1276.o
                0x0000000008005268                RadioRegsInit
 .rodata.FskBandwidths
                0x0000000008005298       0xb0 ./Drivers/LoRa_Drivers/Devices/SX127x/sx1276.o
                0x0000000008005298                FskBandwidths
 .rodata.Max_Event_Time
                0x0000000008005348        0x5 ./Drivers/Module/user_timer/cfg/user_timer_cfg.o
                0x0000000008005348                Max_Event_Time
 *fill*         0x000000000800534d        0x3 
 .rodata.User_Ip_Uart_BaseAddress
                0x0000000008005350       0x24 ./Drivers/Module/user_uart/ip/uart/User_Ip_Uart.o
 .rodata.User_Ip_Usart_BaseAddress
                0x0000000008005374       0x1c ./Drivers/Module/user_uart/ip/usart/User_Ip_Usart.o
                0x0000000008005390                . = ALIGN (0x4)

.ARM.extab      0x0000000008005390        0x0
                0x0000000008005390                . = ALIGN (0x4)
 *(.ARM.extab* .gnu.linkonce.armextab.*)
                0x0000000008005390                . = ALIGN (0x4)

.ARM            0x0000000008005390        0x8
                0x0000000008005390                . = ALIGN (0x4)
                0x0000000008005390                __exidx_start = .
 *(.ARM.exidx*)
 .ARM.exidx     0x0000000008005390        0x8 e:/st/stm32cubeide_1.7.0/stm32cubeide/plugins/com.st.stm32cube.ide.mcu.externaltools.gnu-tools-for-stm32.9-2020-q2-update.win32_2.0.0.202105311346/tools/bin/../lib/gcc/arm-none-eabi/9.3.1/thumb/v7e-m+fp/hard\libgcc.a(_udivmoddi4.o)
                0x0000000008005398                __exidx_end = .
                0x0000000008005398                . = ALIGN (0x4)

.rel.dyn        0x0000000008005398        0x0
 .rel.iplt      0x0000000008005398        0x0 e:/st/stm32cubeide_1.7.0/stm32cubeide/plugins/com.st.stm32cube.ide.mcu.externaltools.gnu-tools-for-stm32.9-2020-q2-update.win32_2.0.0.202105311346/tools/bin/../lib/gcc/arm-none-eabi/9.3.1/thumb/v7e-m+fp/hard/crtbegin.o

.preinit_array  0x0000000008005398        0x0
                0x0000000008005398                . = ALIGN (0x4)
                0x0000000008005398                PROVIDE (__preinit_array_start = .)
 *(.preinit_array*)
                0x0000000008005398                PROVIDE (__preinit_array_end = .)
                0x0000000008005398                . = ALIGN (0x4)

.init_array     0x0000000008005398        0x4
                0x0000000008005398                . = ALIGN (0x4)
                0x0000000008005398                PROVIDE (__init_array_start = .)
 *(SORT_BY_NAME(.init_array.*))
 *(.init_array*)
 .init_array    0x0000000008005398        0x4 e:/st/stm32cubeide_1.7.0/stm32cubeide/plugins/com.st.stm32cube.ide.mcu.externaltools.gnu-tools-for-stm32.9-2020-q2-update.win32_2.0.0.202105311346/tools/bin/../lib/gcc/arm-none-eabi/9.3.1/thumb/v7e-m+fp/hard/crtbegin.o
                0x000000000800539c                PROVIDE (__init_array_end = .)
                0x000000000800539c                . = ALIGN (0x4)

.fini_array     0x000000000800539c        0x4
                0x000000000800539c                . = ALIGN (0x4)
                [!provide]                        PROVIDE (__fini_array_start = .)
 *(SORT_BY_NAME(.fini_array.*))
 *(.fini_array*)
 .fini_array    0x000000000800539c        0x4 e:/st/stm32cubeide_1.7.0/stm32cubeide/plugins/com.st.stm32cube.ide.mcu.externaltools.gnu-tools-for-stm32.9-2020-q2-update.win32_2.0.0.202105311346/tools/bin/../lib/gcc/arm-none-eabi/9.3.1/thumb/v7e-m+fp/hard/crtbegin.o
                [!provide]                        PROVIDE (__fini_array_end = .)
                0x00000000080053a0                . = ALIGN (0x4)
                0x00000000080053a0                _sidata = LOADADDR (.data)

.data           0x0000000020000000       0x6c load address 0x00000000080053a0
                0x0000000020000000                . = ALIGN (0x4)
                0x0000000020000000                _sdata = .
 *(.data)
 *(.data*)
 .data.SystemCoreClock
                0x0000000020000000        0x4 ./Core/Src/system_stm32f4xx.o
                0x0000000020000000                SystemCoreClock
 .data.TRIGMode_Cfg
                0x0000000020000004        0x8 ./Drivers/Module/user_timer/cfg/user_timer_cfg.o
                0x0000000020000004                TRIGMode_Cfg
 .data.Tim2_chanel2_Cfg
                0x000000002000000c       0x20 ./Drivers/Module/user_timer/cfg/user_timer_cfg.o
                0x000000002000000c                Tim2_chanel2_Cfg
 .data.Tim2_BaseCfg
                0x000000002000002c        0xc ./Drivers/Module/user_timer/cfg/user_timer_cfg.o
                0x000000002000002c                Tim2_BaseCfg
 .data.Tim2_HW_Cfg
                0x0000000020000038       0x24 ./Drivers/Module/user_timer/cfg/user_timer_cfg.o
                0x0000000020000038                Tim2_HW_Cfg
 .data.Timer2_Cfg
                0x000000002000005c        0x8 ./Drivers/Module/user_timer/cfg/user_timer_cfg.o
                0x000000002000005c                Timer2_Cfg
 .data.uwTickPrio
                0x0000000020000064        0x4 ./Drivers/STM32F4xx_HAL_Driver/Src/stm32f4xx_hal.o
                0x0000000020000064                uwTickPrio
 .data.uwTickFreq
                0x0000000020000068        0x1 ./Drivers/STM32F4xx_HAL_Driver/Src/stm32f4xx_hal.o
                0x0000000020000068                uwTickFreq
 *(.RamFunc)
 *(.RamFunc*)
                0x000000002000006c                . = ALIGN (0x4)
 *fill*         0x0000000020000069        0x3 
                0x000000002000006c                _edata = .
                0x000000000800540c                _siccmram = LOADADDR (.ccmram)

.igot.plt       0x000000002000006c        0x0 load address 0x000000000800540c
 .igot.plt      0x000000002000006c        0x0 e:/st/stm32cubeide_1.7.0/stm32cubeide/plugins/com.st.stm32cube.ide.mcu.externaltools.gnu-tools-for-stm32.9-2020-q2-update.win32_2.0.0.202105311346/tools/bin/../lib/gcc/arm-none-eabi/9.3.1/thumb/v7e-m+fp/hard/crtbegin.o

.ccmram         0x0000000010000000        0x0 load address 0x000000000800540c
                0x0000000010000000                . = ALIGN (0x4)
                0x0000000010000000                _sccmram = .
 *(.ccmram)
 *(.ccmram*)
                0x0000000010000000                . = ALIGN (0x4)
                0x0000000010000000                _eccmram = .
                0x0000000010000000                . = ALIGN (0x4)

.bss            0x000000002000006c      0x2fc
                0x000000002000006c                _sbss = .
                0x000000002000006c                __bss_start__ = _sbss
 *(.bss)
 .bss           0x000000002000006c       0x1c e:/st/stm32cubeide_1.7.0/stm32cubeide/plugins/com.st.stm32cube.ide.mcu.externaltools.gnu-tools-for-stm32.9-2020-q2-update.win32_2.0.0.202105311346/tools/bin/../lib/gcc/arm-none-eabi/9.3.1/thumb/v7e-m+fp/hard/crtbegin.o
 *(.bss*)
 .bss.RadioEvents
                0x0000000020000088        0x4 ./Drivers/LoRa_Drivers/Devices/SX127x/sx1276.o
 .bss.RxTxBuffer
                0x000000002000008c      0x100 ./Drivers/LoRa_Drivers/Devices/SX127x/sx1276.o
 .bss.RadioIsActive
                0x000000002000018c        0x1 ./Drivers/LoRa_Drivers/Devices/SX127x/sx1276.o
 *fill*         0x000000002000018d        0x3 
 .bss.EventInterrupt
                0x0000000020000190       0x64 ./Drivers/Module/user_timer/user_timer.o
 .bss.count_event.7829
                0x00000000200001f4        0x5 ./Drivers/Module/user_timer/user_timer.o
 *fill*         0x00000000200001f9        0x3 
 .bss.Buffer_Uart4Channel
                0x00000000200001fc       0x14 ./Drivers/Module/user_uart/ip/uart/User_Ip_Uart.o
 .bss.Buffer_Uart5Channel
                0x0000000020000210       0x14 ./Drivers/Module/user_uart/ip/uart/User_Ip_Uart.o
 .bss.Buffer_Uart7Channel
                0x0000000020000224       0x14 ./Drivers/Module/user_uart/ip/uart/User_Ip_Uart.o
 .bss.Buffer_Uart8Channel
                0x0000000020000238       0x14 ./Drivers/Module/user_uart/ip/uart/User_Ip_Uart.o
 .bss.Buffer_Usart0Channel
                0x000000002000024c       0x14 ./Drivers/Module/user_uart/ip/usart/User_Ip_Usart.o
 .bss.Buffer_Usart1Channel
                0x0000000020000260       0x14 ./Drivers/Module/user_uart/ip/usart/User_Ip_Usart.o
 .bss.Buffer_Usart2Channel
                0x0000000020000274       0x14 ./Drivers/Module/user_uart/ip/usart/User_Ip_Usart.o
 .bss.Buffer_Usart3Channel
                0x0000000020000288       0x14 ./Drivers/Module/user_uart/ip/usart/User_Ip_Usart.o
 .bss.Buffer_Usart6Channel
                0x000000002000029c       0x14 ./Drivers/Module/user_uart/ip/usart/User_Ip_Usart.o
 *(COMMON)
 COMMON         0x00000000200002b0       0x58 ./Core/Src/spi.o
                0x00000000200002b0                hspi1
 COMMON         0x0000000020000308       0x5c ./Drivers/LoRa_Drivers/Devices/SX127x/sx1276.o
                0x0000000020000308                SX1276
 COMMON         0x0000000020000364        0x4 ./Drivers/STM32F4xx_HAL_Driver/Src/stm32f4xx_hal.o
                0x0000000020000364                uwTick
                0x0000000020000368                . = ALIGN (0x4)
                0x0000000020000368                _ebss = .
                0x0000000020000368                __bss_end__ = _ebss

._user_heap_stack
                0x0000000020000368      0x600
                0x0000000020000368                . = ALIGN (0x8)
                [!provide]                        PROVIDE (end = .)
                0x0000000020000368                PROVIDE (_end = .)
                0x0000000020000568                . = (. + _Min_Heap_Size)
 *fill*         0x0000000020000368      0x200 
                0x0000000020000968                . = (. + _Min_Stack_Size)
 *fill*         0x0000000020000568      0x400 
                0x0000000020000968                . = ALIGN (0x8)

/DISCARD/
 libc.a(*)
 libm.a(*)
 libgcc.a(*)

.ARM.attributes
                0x0000000000000000       0x30
 *(.ARM.attributes)
 .ARM.attributes
                0x0000000000000000       0x1e e:/st/stm32cubeide_1.7.0/stm32cubeide/plugins/com.st.stm32cube.ide.mcu.externaltools.gnu-tools-for-stm32.9-2020-q2-update.win32_2.0.0.202105311346/tools/bin/../lib/gcc/arm-none-eabi/9.3.1/thumb/v7e-m+fp/hard/crti.o
 .ARM.attributes
                0x000000000000001e       0x34 e:/st/stm32cubeide_1.7.0/stm32cubeide/plugins/com.st.stm32cube.ide.mcu.externaltools.gnu-tools-for-stm32.9-2020-q2-update.win32_2.0.0.202105311346/tools/bin/../lib/gcc/arm-none-eabi/9.3.1/thumb/v7e-m+fp/hard/crtbegin.o
 .ARM.attributes
                0x0000000000000052       0x34 ./Core/App/App_Test.o
 .ARM.attributes
                0x0000000000000086       0x34 ./Core/Src/gpio.o
 .ARM.attributes
                0x00000000000000ba       0x34 ./Core/Src/main.o
 .ARM.attributes
                0x00000000000000ee       0x34 ./Core/Src/spi.o
 .ARM.attributes
                0x0000000000000122       0x34 ./Core/Src/stm32f4xx_hal_msp.o
 .ARM.attributes
                0x0000000000000156       0x34 ./Core/Src/stm32f4xx_it.o
 .ARM.attributes
                0x000000000000018a       0x34 ./Core/Src/system_stm32f4xx.o
 .ARM.attributes
                0x00000000000001be       0x21 ./Core/Startup/startup_stm32f407vgtx.o
 .ARM.attributes
                0x00000000000001df       0x34 ./Drivers/LoRa_Drivers/Devices/SX127x/hw/sx1276-board.o
 .ARM.attributes
                0x0000000000000213       0x34 ./Drivers/LoRa_Drivers/Devices/SX127x/sx1276.o
 .ARM.attributes
                0x0000000000000247       0x39 ./Drivers/Module/user_timer/cfg/user_timer_cfg.o
 .ARM.attributes
                0x0000000000000280       0x34 ./Drivers/Module/user_timer/user_timer.o
 .ARM.attributes
                0x00000000000002b4       0x34 ./Drivers/Module/user_uart/ip/uart/User_Ip_Uart.o
 .ARM.attributes
                0x00000000000002e8       0x34 ./Drivers/Module/user_uart/ip/usart/User_Ip_Usart.o
 .ARM.attributes
                0x000000000000031c       0x34 ./Drivers/STM32F4xx_HAL_Driver/Src/stm32f4xx_hal.o
 .ARM.attributes
                0x0000000000000350       0x34 ./Drivers/STM32F4xx_HAL_Driver/Src/stm32f4xx_hal_cortex.o
 .ARM.attributes
                0x0000000000000384       0x34 ./Drivers/STM32F4xx_HAL_Driver/Src/stm32f4xx_hal_gpio.o
 .ARM.attributes
                0x00000000000003b8       0x34 ./Drivers/STM32F4xx_HAL_Driver/Src/stm32f4xx_hal_rcc.o
 .ARM.attributes
                0x00000000000003ec       0x34 ./Drivers/STM32F4xx_HAL_Driver/Src/stm32f4xx_hal_spi.o
 .ARM.attributes
                0x0000000000000420       0x34 e:/st/stm32cubeide_1.7.0/stm32cubeide/plugins/com.st.stm32cube.ide.mcu.externaltools.gnu-tools-for-stm32.9-2020-q2-update.win32_2.0.0.202105311346/tools/bin/../lib/gcc/arm-none-eabi/9.3.1/../../../../arm-none-eabi/lib/thumb/v7e-m+fp/hard\libc_nano.a(lib_a-init.o)
 .ARM.attributes
                0x0000000000000454       0x34 e:/st/stm32cubeide_1.7.0/stm32cubeide/plugins/com.st.stm32cube.ide.mcu.externaltools.gnu-tools-for-stm32.9-2020-q2-update.win32_2.0.0.202105311346/tools/bin/../lib/gcc/arm-none-eabi/9.3.1/../../../../arm-none-eabi/lib/thumb/v7e-m+fp/hard\libc_nano.a(lib_a-memcpy-stub.o)
 .ARM.attributes
                0x0000000000000488       0x34 e:/st/stm32cubeide_1.7.0/stm32cubeide/plugins/com.st.stm32cube.ide.mcu.externaltools.gnu-tools-for-stm32.9-2020-q2-update.win32_2.0.0.202105311346/tools/bin/../lib/gcc/arm-none-eabi/9.3.1/../../../../arm-none-eabi/lib/thumb/v7e-m+fp/hard\libc_nano.a(lib_a-memset.o)
 .ARM.attributes
                0x00000000000004bc       0x34 e:/st/stm32cubeide_1.7.0/stm32cubeide/plugins/com.st.stm32cube.ide.mcu.externaltools.gnu-tools-for-stm32.9-2020-q2-update.win32_2.0.0.202105311346/tools/bin/../lib/gcc/arm-none-eabi/9.3.1/../../../../arm-none-eabi/lib/thumb/v7e-m+fp/hard\libm.a(lib_a-s_ceil.o)
 .ARM.attributes
                0x00000000000004f0       0x34 e:/st/stm32cubeide_1.7.0/stm32cubeide/plugins/com.st.stm32cube.ide.mcu.externaltools.gnu-tools-for-stm32.9-2020-q2-update.win32_2.0.0.202105311346/tools/bin/../lib/gcc/arm-none-eabi/9.3.1/../../../../arm-none-eabi/lib/thumb/v7e-m+fp/hard\libm.a(lib_a-s_floor.o)
 .ARM.attributes
                0x0000000000000524       0x34 e:/st/stm32cubeide_1.7.0/stm32cubeide/plugins/com.st.stm32cube.ide.mcu.externaltools.gnu-tools-for-stm32.9-2020-q2-update.win32_2.0.0.202105311346/tools/bin/../lib/gcc/arm-none-eabi/9.3.1/../../../../arm-none-eabi/lib/thumb/v7e-m+fp/hard\libm.a(lib_a-s_round.o)
 .ARM.attributes
                0x0000000000000558       0x1e e:/st/stm32cubeide_1.7.0/stm32cubeide/plugins/com.st.stm32cube.ide.mcu.externaltools.gnu-tools-for-stm32.9-2020-q2-update.win32_2.0.0.202105311346/tools/bin/../lib/gcc/arm-none-eabi/9.3.1/thumb/v7e-m+fp/hard\libgcc.a(_arm_addsubdf3.o)
 .ARM.attributes
                0x0000000000000576       0x1e e:/st/stm32cubeide_1.7.0/stm32cubeide/plugins/com.st.stm32cube.ide.mcu.externaltools.gnu-tools-for-stm32.9-2020-q2-update.win32_2.0.0.202105311346/tools/bin/../lib/gcc/arm-none-eabi/9.3.1/thumb/v7e-m+fp/hard\libgcc.a(_arm_muldivdf3.o)
 .ARM.attributes
                0x0000000000000594       0x1e e:/st/stm32cubeide_1.7.0/stm32cubeide/plugins/com.st.stm32cube.ide.mcu.externaltools.gnu-tools-for-stm32.9-2020-q2-update.win32_2.0.0.202105311346/tools/bin/../lib/gcc/arm-none-eabi/9.3.1/thumb/v7e-m+fp/hard\libgcc.a(_arm_cmpdf2.o)
 .ARM.attributes
                0x00000000000005b2       0x1e e:/st/stm32cubeide_1.7.0/stm32cubeide/plugins/com.st.stm32cube.ide.mcu.externaltools.gnu-tools-for-stm32.9-2020-q2-update.win32_2.0.0.202105311346/tools/bin/../lib/gcc/arm-none-eabi/9.3.1/thumb/v7e-m+fp/hard\libgcc.a(_arm_fixunsdfsi.o)
 .ARM.attributes
                0x00000000000005d0       0x1e e:/st/stm32cubeide_1.7.0/stm32cubeide/plugins/com.st.stm32cube.ide.mcu.externaltools.gnu-tools-for-stm32.9-2020-q2-update.win32_2.0.0.202105311346/tools/bin/../lib/gcc/arm-none-eabi/9.3.1/thumb/v7e-m+fp/hard\libgcc.a(_aeabi_uldivmod.o)
 .ARM.attributes
                0x00000000000005ee       0x34 e:/st/stm32cubeide_1.7.0/stm32cubeide/plugins/com.st.stm32cube.ide.mcu.externaltools.gnu-tools-for-stm32.9-2020-q2-update.win32_2.0.0.202105311346/tools/bin/../lib/gcc/arm-none-eabi/9.3.1/thumb/v7e-m+fp/hard\libgcc.a(_udivmoddi4.o)
 .ARM.attributes
                0x0000000000000622       0x1e e:/st/stm32cubeide_1.7.0/stm32cubeide/plugins/com.st.stm32cube.ide.mcu.externaltools.gnu-tools-for-stm32.9-2020-q2-update.win32_2.0.0.202105311346/tools/bin/../lib/gcc/arm-none-eabi/9.3.1/thumb/v7e-m+fp/hard\libgcc.a(_dvmd_tls.o)
 .ARM.attributes
                0x0000000000000640       0x1e e:/st/stm32cubeide_1.7.0/stm32cubeide/plugins/com.st.stm32cube.ide.mcu.externaltools.gnu-tools-for-stm32.9-2020-q2-update.win32_2.0.0.202105311346/tools/bin/../lib/gcc/arm-none-eabi/9.3.1/thumb/v7e-m+fp/hard/crtn.o
OUTPUT(My_Spi_Driver.elf elf32-littlearm)
LOAD linker stubs
LOAD e:/st/stm32cubeide_1.7.0/stm32cubeide/plugins/com.st.stm32cube.ide.mcu.externaltools.gnu-tools-for-stm32.9-2020-q2-update.win32_2.0.0.202105311346/tools/bin/../lib/gcc/arm-none-eabi/9.3.1/../../../../arm-none-eabi/lib/thumb/v7e-m+fp/hard\libc.a
LOAD e:/st/stm32cubeide_1.7.0/stm32cubeide/plugins/com.st.stm32cube.ide.mcu.externaltools.gnu-tools-for-stm32.9-2020-q2-update.win32_2.0.0.202105311346/tools/bin/../lib/gcc/arm-none-eabi/9.3.1/../../../../arm-none-eabi/lib/thumb/v7e-m+fp/hard\libm.a
LOAD e:/st/stm32cubeide_1.7.0/stm32cubeide/plugins/com.st.stm32cube.ide.mcu.externaltools.gnu-tools-for-stm32.9-2020-q2-update.win32_2.0.0.202105311346/tools/bin/../lib/gcc/arm-none-eabi/9.3.1/thumb/v7e-m+fp/hard\libgcc.a

.debug_info     0x0000000000000000     0xed5e
 .debug_info    0x0000000000000000      0xbda ./Core/App/App_Test.o
 .debug_info    0x0000000000000bda      0x512 ./Core/Src/gpio.o
 .debug_info    0x00000000000010ec     0x14d0 ./Core/Src/main.o
 .debug_info    0x00000000000025bc      0xa5a ./Core/Src/spi.o
 .debug_info    0x0000000000003016      0x394 ./Core/Src/stm32f4xx_hal_msp.o
 .debug_info    0x00000000000033aa      0x222 ./Core/Src/stm32f4xx_it.o
 .debug_info    0x00000000000035cc      0x5a4 ./Core/Src/system_stm32f4xx.o
 .debug_info    0x0000000000003b70       0x22 ./Core/Startup/startup_stm32f407vgtx.o
 .debug_info    0x0000000000003b92     0x1cc2 ./Drivers/LoRa_Drivers/Devices/SX127x/hw/sx1276-board.o
 .debug_info    0x0000000000005854     0x1b25 ./Drivers/LoRa_Drivers/Devices/SX127x/sx1276.o
 .debug_info    0x0000000000007379      0x42a ./Drivers/Module/user_timer/cfg/user_timer_cfg.o
 .debug_info    0x00000000000077a3      0xce3 ./Drivers/Module/user_timer/user_timer.o
 .debug_info    0x0000000000008486     0x134a ./Drivers/Module/user_uart/ip/uart/User_Ip_Uart.o
 .debug_info    0x00000000000097d0     0x1371 ./Drivers/Module/user_uart/ip/usart/User_Ip_Usart.o
 .debug_info    0x000000000000ab41      0x9b2 ./Drivers/STM32F4xx_HAL_Driver/Src/stm32f4xx_hal.o
 .debug_info    0x000000000000b4f3      0xed7 ./Drivers/STM32F4xx_HAL_Driver/Src/stm32f4xx_hal_cortex.o
 .debug_info    0x000000000000c3ca      0x83e ./Drivers/STM32F4xx_HAL_Driver/Src/stm32f4xx_hal_gpio.o
 .debug_info    0x000000000000cc08      0x996 ./Drivers/STM32F4xx_HAL_Driver/Src/stm32f4xx_hal_rcc.o
 .debug_info    0x000000000000d59e     0x17c0 ./Drivers/STM32F4xx_HAL_Driver/Src/stm32f4xx_hal_spi.o

.debug_abbrev   0x0000000000000000     0x25a8
 .debug_abbrev  0x0000000000000000      0x16a ./Core/App/App_Test.o
 .debug_abbrev  0x000000000000016a      0x14e ./Core/Src/gpio.o
 .debug_abbrev  0x00000000000002b8      0x20e ./Core/Src/main.o
 .debug_abbrev  0x00000000000004c6      0x1bb ./Core/Src/spi.o
 .debug_abbrev  0x0000000000000681      0x11d ./Core/Src/stm32f4xx_hal_msp.o
 .debug_abbrev  0x000000000000079e       0xd2 ./Core/Src/stm32f4xx_it.o
 .debug_abbrev  0x0000000000000870      0x145 ./Core/Src/system_stm32f4xx.o
 .debug_abbrev  0x00000000000009b5       0x12 ./Core/Startup/startup_stm32f407vgtx.o
 .debug_abbrev  0x00000000000009c7      0x308 ./Drivers/LoRa_Drivers/Devices/SX127x/hw/sx1276-board.o
 .debug_abbrev  0x0000000000000ccf      0x39d ./Drivers/LoRa_Drivers/Devices/SX127x/sx1276.o
 .debug_abbrev  0x000000000000106c       0xf6 ./Drivers/Module/user_timer/cfg/user_timer_cfg.o
 .debug_abbrev  0x0000000000001162      0x24b ./Drivers/Module/user_timer/user_timer.o
 .debug_abbrev  0x00000000000013ad      0x2ff ./Drivers/Module/user_uart/ip/uart/User_Ip_Uart.o
 .debug_abbrev  0x00000000000016ac      0x2ff ./Drivers/Module/user_uart/ip/usart/User_Ip_Usart.o
 .debug_abbrev  0x00000000000019ab      0x1ed ./Drivers/STM32F4xx_HAL_Driver/Src/stm32f4xx_hal.o
 .debug_abbrev  0x0000000000001b98      0x33c ./Drivers/STM32F4xx_HAL_Driver/Src/stm32f4xx_hal_cortex.o
 .debug_abbrev  0x0000000000001ed4      0x1f1 ./Drivers/STM32F4xx_HAL_Driver/Src/stm32f4xx_hal_gpio.o
 .debug_abbrev  0x00000000000020c5      0x275 ./Drivers/STM32F4xx_HAL_Driver/Src/stm32f4xx_hal_rcc.o
 .debug_abbrev  0x000000000000233a      0x26e ./Drivers/STM32F4xx_HAL_Driver/Src/stm32f4xx_hal_spi.o

.debug_aranges  0x0000000000000000      0xa10
 .debug_aranges
                0x0000000000000000       0x20 ./Core/App/App_Test.o
 .debug_aranges
                0x0000000000000020       0x20 ./Core/Src/gpio.o
 .debug_aranges
                0x0000000000000040       0x38 ./Core/Src/main.o
 .debug_aranges
                0x0000000000000078       0x30 ./Core/Src/spi.o
 .debug_aranges
                0x00000000000000a8       0x20 ./Core/Src/stm32f4xx_hal_msp.o
 .debug_aranges
                0x00000000000000c8       0x60 ./Core/Src/stm32f4xx_it.o
 .debug_aranges
                0x0000000000000128       0x28 ./Core/Src/system_stm32f4xx.o
 .debug_aranges
                0x0000000000000150       0x28 ./Core/Startup/startup_stm32f407vgtx.o
 .debug_aranges
                0x0000000000000178       0x88 ./Drivers/LoRa_Drivers/Devices/SX127x/hw/sx1276-board.o
 .debug_aranges
                0x0000000000000200      0x148 ./Drivers/LoRa_Drivers/Devices/SX127x/sx1276.o
 .debug_aranges
                0x0000000000000348       0x18 ./Drivers/Module/user_timer/cfg/user_timer_cfg.o
 .debug_aranges
                0x0000000000000360       0x68 ./Drivers/Module/user_timer/user_timer.o
 .debug_aranges
                0x00000000000003c8       0xc8 ./Drivers/Module/user_uart/ip/uart/User_Ip_Uart.o
 .debug_aranges
                0x0000000000000490       0xc8 ./Drivers/Module/user_uart/ip/usart/User_Ip_Usart.o
 .debug_aranges
                0x0000000000000558       0xf0 ./Drivers/STM32F4xx_HAL_Driver/Src/stm32f4xx_hal.o
 .debug_aranges
                0x0000000000000648      0x118 ./Drivers/STM32F4xx_HAL_Driver/Src/stm32f4xx_hal_cortex.o
 .debug_aranges
                0x0000000000000760       0x58 ./Drivers/STM32F4xx_HAL_Driver/Src/stm32f4xx_hal_gpio.o
 .debug_aranges
                0x00000000000007b8       0x88 ./Drivers/STM32F4xx_HAL_Driver/Src/stm32f4xx_hal_rcc.o
 .debug_aranges
                0x0000000000000840      0x1d0 ./Drivers/STM32F4xx_HAL_Driver/Src/stm32f4xx_hal_spi.o

.debug_ranges   0x0000000000000000      0x8f8
 .debug_ranges  0x0000000000000000       0x10 ./Core/App/App_Test.o
 .debug_ranges  0x0000000000000010       0x10 ./Core/Src/gpio.o
 .debug_ranges  0x0000000000000020       0x28 ./Core/Src/main.o
 .debug_ranges  0x0000000000000048       0x20 ./Core/Src/spi.o
 .debug_ranges  0x0000000000000068       0x10 ./Core/Src/stm32f4xx_hal_msp.o
 .debug_ranges  0x0000000000000078       0x50 ./Core/Src/stm32f4xx_it.o
 .debug_ranges  0x00000000000000c8       0x18 ./Core/Src/system_stm32f4xx.o
 .debug_ranges  0x00000000000000e0       0x20 ./Core/Startup/startup_stm32f407vgtx.o
 .debug_ranges  0x0000000000000100       0x78 ./Drivers/LoRa_Drivers/Devices/SX127x/hw/sx1276-board.o
 .debug_ranges  0x0000000000000178      0x150 ./Drivers/LoRa_Drivers/Devices/SX127x/sx1276.o
 .debug_ranges  0x00000000000002c8       0x58 ./Drivers/Module/user_timer/user_timer.o
 .debug_ranges  0x0000000000000320       0xb8 ./Drivers/Module/user_uart/ip/uart/User_Ip_Uart.o
 .debug_ranges  0x00000000000003d8       0xb8 ./Drivers/Module/user_uart/ip/usart/User_Ip_Usart.o
 .debug_ranges  0x0000000000000490       0xe0 ./Drivers/STM32F4xx_HAL_Driver/Src/stm32f4xx_hal.o
 .debug_ranges  0x0000000000000570      0x108 ./Drivers/STM32F4xx_HAL_Driver/Src/stm32f4xx_hal_cortex.o
 .debug_ranges  0x0000000000000678       0x48 ./Drivers/STM32F4xx_HAL_Driver/Src/stm32f4xx_hal_gpio.o
 .debug_ranges  0x00000000000006c0       0x78 ./Drivers/STM32F4xx_HAL_Driver/Src/stm32f4xx_hal_rcc.o
 .debug_ranges  0x0000000000000738      0x1c0 ./Drivers/STM32F4xx_HAL_Driver/Src/stm32f4xx_hal_spi.o

.debug_macro    0x0000000000000000    0x22e3d
 .debug_macro   0x0000000000000000      0x2a0 ./Core/App/App_Test.o
 .debug_macro   0x00000000000002a0      0xaa8 ./Core/App/App_Test.o
 .debug_macro   0x0000000000000d48      0x295 ./Core/App/App_Test.o
 .debug_macro   0x0000000000000fdd       0x2e ./Core/App/App_Test.o
 .debug_macro   0x000000000000100b       0x2f ./Core/App/App_Test.o
 .debug_macro   0x000000000000103a       0x22 ./Core/App/App_Test.o
 .debug_macro   0x000000000000105c       0x8e ./Core/App/App_Test.o
 .debug_macro   0x00000000000010ea       0x51 ./Core/App/App_Test.o
 .debug_macro   0x000000000000113b      0x103 ./Core/App/App_Test.o
 .debug_macro   0x000000000000123e       0x6a ./Core/App/App_Test.o
 .debug_macro   0x00000000000012a8      0x1df ./Core/App/App_Test.o
 .debug_macro   0x0000000000001487       0x1c ./Core/App/App_Test.o
 .debug_macro   0x00000000000014a3       0x22 ./Core/App/App_Test.o
 .debug_macro   0x00000000000014c5       0xdf ./Core/App/App_Test.o
 .debug_macro   0x00000000000015a4     0x102d ./Core/App/App_Test.o
 .debug_macro   0x00000000000025d1      0x11f ./Core/App/App_Test.o
 .debug_macro   0x00000000000026f0    0x15e58 ./Core/App/App_Test.o
 .debug_macro   0x0000000000018548       0x6d ./Core/App/App_Test.o
 .debug_macro   0x00000000000185b5     0x3666 ./Core/App/App_Test.o
 .debug_macro   0x000000000001bc1b      0x174 ./Core/App/App_Test.o
 .debug_macro   0x000000000001bd8f       0x5c ./Core/App/App_Test.o
 .debug_macro   0x000000000001bdeb      0x96b ./Core/App/App_Test.o
 .debug_macro   0x000000000001c756      0x9fe ./Core/App/App_Test.o
 .debug_macro   0x000000000001d154      0x116 ./Core/App/App_Test.o
 .debug_macro   0x000000000001d26a      0x13e ./Core/App/App_Test.o
 .debug_macro   0x000000000001d3a8       0xa5 ./Core/App/App_Test.o
 .debug_macro   0x000000000001d44d      0x174 ./Core/App/App_Test.o
 .debug_macro   0x000000000001d5c1      0x287 ./Core/App/App_Test.o
 .debug_macro   0x000000000001d848       0x5f ./Core/App/App_Test.o
 .debug_macro   0x000000000001d8a7      0x236 ./Core/App/App_Test.o
 .debug_macro   0x000000000001dadd      0x12c ./Core/App/App_Test.o
 .debug_macro   0x000000000001dc09      0x21e ./Core/App/App_Test.o
 .debug_macro   0x000000000001de27       0x2e ./Core/App/App_Test.o
 .debug_macro   0x000000000001de55      0x11a ./Core/App/App_Test.o
 .debug_macro   0x000000000001df6f       0x7e ./Core/App/App_Test.o
 .debug_macro   0x000000000001dfed       0x89 ./Core/App/App_Test.o
 .debug_macro   0x000000000001e076      0x225 ./Core/App/App_Test.o
 .debug_macro   0x000000000001e29b      0x12d ./Core/App/App_Test.o
 .debug_macro   0x000000000001e3c8       0x1c ./Core/App/App_Test.o
 .debug_macro   0x000000000001e3e4       0x22 ./Core/App/App_Test.o
 .debug_macro   0x000000000001e406     0x1497 ./Core/App/App_Test.o
 .debug_macro   0x000000000001f89d      0x795 ./Core/App/App_Test.o
 .debug_macro   0x0000000000020032       0x37 ./Core/App/App_Test.o
 .debug_macro   0x0000000000020069       0x10 ./Core/App/App_Test.o
 .debug_macro   0x0000000000020079       0x16 ./Core/App/App_Test.o
 .debug_macro   0x000000000002008f       0x1c ./Core/App/App_Test.o
 .debug_macro   0x00000000000200ab       0x40 ./Core/App/App_Test.o
 .debug_macro   0x00000000000200eb       0x5e ./Core/App/App_Test.o
 .debug_macro   0x0000000000020149      0x1d3 ./Core/Src/gpio.o
 .debug_macro   0x000000000002031c      0x25e ./Core/Src/main.o
 .debug_macro   0x000000000002057a      0x1d3 ./Core/Src/spi.o
 .debug_macro   0x000000000002074d      0x1c9 ./Core/Src/stm32f4xx_hal_msp.o
 .debug_macro   0x0000000000020916      0x1d3 ./Core/Src/stm32f4xx_it.o
 .debug_macro   0x0000000000020ae9      0x1ba ./Core/Src/system_stm32f4xx.o
 .debug_macro   0x0000000000020ca3      0x40d ./Drivers/LoRa_Drivers/Devices/SX127x/hw/sx1276-board.o
 .debug_macro   0x00000000000210b0       0x52 ./Drivers/LoRa_Drivers/Devices/SX127x/hw/sx1276-board.o
 .debug_macro   0x0000000000021102       0x16 ./Drivers/LoRa_Drivers/Devices/SX127x/hw/sx1276-board.o
 .debug_macro   0x0000000000021118      0x333 ./Drivers/LoRa_Drivers/Devices/SX127x/hw/sx1276-board.o
 .debug_macro   0x000000000002144b      0x192 ./Drivers/LoRa_Drivers/Devices/SX127x/sx1276.o
 .debug_macro   0x00000000000215dd      0x1a9 ./Drivers/LoRa_Drivers/Devices/SX127x/sx1276.o
 .debug_macro   0x0000000000021786       0x16 ./Drivers/LoRa_Drivers/Devices/SX127x/sx1276.o
 .debug_macro   0x000000000002179c       0x20 ./Drivers/LoRa_Drivers/Devices/SX127x/sx1276.o
 .debug_macro   0x00000000000217bc      0x1ff ./Drivers/Module/user_timer/cfg/user_timer_cfg.o
 .debug_macro   0x00000000000219bb       0x10 ./Drivers/Module/user_timer/cfg/user_timer_cfg.o
 .debug_macro   0x00000000000219cb      0x1ff ./Drivers/Module/user_timer/user_timer.o
 .debug_macro   0x0000000000021bca      0x339 ./Drivers/Module/user_uart/ip/uart/User_Ip_Uart.o
 .debug_macro   0x0000000000021f03      0x335 ./Drivers/Module/user_uart/ip/usart/User_Ip_Usart.o
 .debug_macro   0x0000000000022238      0x10e ./Drivers/Module/user_uart/ip/usart/User_Ip_Usart.o
 .debug_macro   0x0000000000022346       0x8d ./Drivers/Module/user_uart/ip/usart/User_Ip_Usart.o
 .debug_macro   0x00000000000223d3       0xd9 ./Drivers/Module/user_uart/ip/usart/User_Ip_Usart.o
 .debug_macro   0x00000000000224ac       0x56 ./Drivers/Module/user_uart/ip/usart/User_Ip_Usart.o
 .debug_macro   0x0000000000022502      0x21a ./Drivers/STM32F4xx_HAL_Driver/Src/stm32f4xx_hal.o
 .debug_macro   0x000000000002271c      0x1ba ./Drivers/STM32F4xx_HAL_Driver/Src/stm32f4xx_hal_cortex.o
 .debug_macro   0x00000000000228d6      0x1c0 ./Drivers/STM32F4xx_HAL_Driver/Src/stm32f4xx_hal_gpio.o
 .debug_macro   0x0000000000022a96      0x1de ./Drivers/STM32F4xx_HAL_Driver/Src/stm32f4xx_hal_rcc.o
 .debug_macro   0x0000000000022c74      0x1c9 ./Drivers/STM32F4xx_HAL_Driver/Src/stm32f4xx_hal_spi.o

.debug_line     0x0000000000000000     0xd517
 .debug_line    0x0000000000000000      0x83a ./Core/App/App_Test.o
 .debug_line    0x000000000000083a      0x6d2 ./Core/Src/gpio.o
 .debug_line    0x0000000000000f0c      0x8dd ./Core/Src/main.o
 .debug_line    0x00000000000017e9      0x706 ./Core/Src/spi.o
 .debug_line    0x0000000000001eef      0x695 ./Core/Src/stm32f4xx_hal_msp.o
 .debug_line    0x0000000000002584      0x757 ./Core/Src/stm32f4xx_it.o
 .debug_line    0x0000000000002cdb      0x716 ./Core/Src/system_stm32f4xx.o
 .debug_line    0x00000000000033f1       0x88 ./Core/Startup/startup_stm32f407vgtx.o
 .debug_line    0x0000000000003479      0xb49 ./Drivers/LoRa_Drivers/Devices/SX127x/hw/sx1276-board.o
 .debug_line    0x0000000000003fc2     0x1764 ./Drivers/LoRa_Drivers/Devices/SX127x/sx1276.o
 .debug_line    0x0000000000005726      0x766 ./Drivers/Module/user_timer/cfg/user_timer_cfg.o
 .debug_line    0x0000000000005e8c      0xd41 ./Drivers/Module/user_timer/user_timer.o
 .debug_line    0x0000000000006bcd      0xff5 ./Drivers/Module/user_uart/ip/uart/User_Ip_Uart.o
 .debug_line    0x0000000000007bc2      0xfc0 ./Drivers/Module/user_uart/ip/usart/User_Ip_Usart.o
 .debug_line    0x0000000000008b82      0x97c ./Drivers/STM32F4xx_HAL_Driver/Src/stm32f4xx_hal.o
 .debug_line    0x00000000000094fe      0xc2b ./Drivers/STM32F4xx_HAL_Driver/Src/stm32f4xx_hal_cortex.o
 .debug_line    0x000000000000a129      0xaf2 ./Drivers/STM32F4xx_HAL_Driver/Src/stm32f4xx_hal_gpio.o
 .debug_line    0x000000000000ac1b      0xcf8 ./Drivers/STM32F4xx_HAL_Driver/Src/stm32f4xx_hal_rcc.o
 .debug_line    0x000000000000b913     0x1c04 ./Drivers/STM32F4xx_HAL_Driver/Src/stm32f4xx_hal_spi.o

.debug_str      0x0000000000000000    0xcf752
 .debug_str     0x0000000000000000    0xc3bc1 ./Core/App/App_Test.o
                                      0xc3f56 (size before relaxing)
 .debug_str     0x00000000000c3bc1      0x1ae ./Core/Src/gpio.o
                                      0xbc043 (size before relaxing)
 .debug_str     0x00000000000c3d6f      0x567 ./Core/Src/main.o
                                      0xc44c6 (size before relaxing)
 .debug_str     0x00000000000c42d6       0x4b ./Core/Src/spi.o
                                      0xbc4a0 (size before relaxing)
 .debug_str     0x00000000000c4321       0x2c ./Core/Src/stm32f4xx_hal_msp.o
                                      0xbbfa6 (size before relaxing)
 .debug_str     0x00000000000c434d       0xbd ./Core/Src/stm32f4xx_it.o
                                      0xbbf34 (size before relaxing)
 .debug_str     0x00000000000c440a       0xaf ./Core/Src/system_stm32f4xx.o
                                      0xbbf98 (size before relaxing)
 .debug_str     0x00000000000c44b9       0x36 ./Core/Startup/startup_stm32f407vgtx.o
                                         0x5a (size before relaxing)
 .debug_str     0x00000000000c44ef     0x43b7 ./Drivers/LoRa_Drivers/Devices/SX127x/hw/sx1276-board.o
                                      0xc86be (size before relaxing)
 .debug_str     0x00000000000c88a6      0xcf8 ./Drivers/LoRa_Drivers/Devices/SX127x/sx1276.o
                                       0xfb1d (size before relaxing)
 .debug_str     0x00000000000c959e       0x5c ./Drivers/Module/user_timer/cfg/user_timer_cfg.o
                                      0xbc238 (size before relaxing)
 .debug_str     0x00000000000c95fa      0x653 ./Drivers/Module/user_timer/user_timer.o
                                      0xbc9a9 (size before relaxing)
 .debug_str     0x00000000000c9c4d     0x43b2 ./Drivers/Module/user_uart/ip/uart/User_Ip_Uart.o
                                      0xc345b (size before relaxing)
 .debug_str     0x00000000000cdfff      0x505 ./Drivers/Module/user_uart/ip/usart/User_Ip_Usart.o
                                      0xc34c3 (size before relaxing)
 .debug_str     0x00000000000ce504      0x583 ./Drivers/STM32F4xx_HAL_Driver/Src/stm32f4xx_hal.o
                                      0xbca7a (size before relaxing)
 .debug_str     0x00000000000cea87      0x38f ./Drivers/STM32F4xx_HAL_Driver/Src/stm32f4xx_hal_cortex.o
                                      0xbc869 (size before relaxing)
 .debug_str     0x00000000000cee16      0x15f ./Drivers/STM32F4xx_HAL_Driver/Src/stm32f4xx_hal_gpio.o
                                      0xbc13f (size before relaxing)
 .debug_str     0x00000000000cef75      0x259 ./Drivers/STM32F4xx_HAL_Driver/Src/stm32f4xx_hal_rcc.o
                                      0xbc39a (size before relaxing)
 .debug_str     0x00000000000cf1ce      0x584 ./Drivers/STM32F4xx_HAL_Driver/Src/stm32f4xx_hal_spi.o
                                      0xbc83c (size before relaxing)

.comment        0x0000000000000000       0x53
 .comment       0x0000000000000000       0x53 ./Core/App/App_Test.o
                                         0x54 (size before relaxing)
 .comment       0x0000000000000053       0x54 ./Core/Src/gpio.o
 .comment       0x0000000000000053       0x54 ./Core/Src/main.o
 .comment       0x0000000000000053       0x54 ./Core/Src/spi.o
 .comment       0x0000000000000053       0x54 ./Core/Src/stm32f4xx_hal_msp.o
 .comment       0x0000000000000053       0x54 ./Core/Src/stm32f4xx_it.o
 .comment       0x0000000000000053       0x54 ./Core/Src/system_stm32f4xx.o
 .comment       0x0000000000000053       0x54 ./Drivers/LoRa_Drivers/Devices/SX127x/hw/sx1276-board.o
 .comment       0x0000000000000053       0x54 ./Drivers/LoRa_Drivers/Devices/SX127x/sx1276.o
 .comment       0x0000000000000053       0x54 ./Drivers/Module/user_timer/cfg/user_timer_cfg.o
 .comment       0x0000000000000053       0x54 ./Drivers/Module/user_timer/user_timer.o
 .comment       0x0000000000000053       0x54 ./Drivers/Module/user_uart/ip/uart/User_Ip_Uart.o
 .comment       0x0000000000000053       0x54 ./Drivers/Module/user_uart/ip/usart/User_Ip_Usart.o
 .comment       0x0000000000000053       0x54 ./Drivers/STM32F4xx_HAL_Driver/Src/stm32f4xx_hal.o
 .comment       0x0000000000000053       0x54 ./Drivers/STM32F4xx_HAL_Driver/Src/stm32f4xx_hal_cortex.o
 .comment       0x0000000000000053       0x54 ./Drivers/STM32F4xx_HAL_Driver/Src/stm32f4xx_hal_gpio.o
 .comment       0x0000000000000053       0x54 ./Drivers/STM32F4xx_HAL_Driver/Src/stm32f4xx_hal_rcc.o
 .comment       0x0000000000000053       0x54 ./Drivers/STM32F4xx_HAL_Driver/Src/stm32f4xx_hal_spi.o

.debug_frame    0x0000000000000000     0x28c4
 .debug_frame   0x0000000000000000       0x30 ./Core/App/App_Test.o
 .debug_frame   0x0000000000000030       0x34 ./Core/Src/gpio.o
 .debug_frame   0x0000000000000064       0x84 ./Core/Src/main.o
 .debug_frame   0x00000000000000e8       0x74 ./Core/Src/spi.o
 .debug_frame   0x000000000000015c       0x38 ./Core/Src/stm32f4xx_hal_msp.o
 .debug_frame   0x0000000000000194      0x104 ./Core/Src/stm32f4xx_it.o
 .debug_frame   0x0000000000000298       0x58 ./Core/Src/system_stm32f4xx.o
 .debug_frame   0x00000000000002f0      0x1e4 ./Drivers/LoRa_Drivers/Devices/SX127x/hw/sx1276-board.o
 .debug_frame   0x00000000000004d4      0x558 ./Drivers/LoRa_Drivers/Devices/SX127x/sx1276.o
 .debug_frame   0x0000000000000a2c      0x194 ./Drivers/Module/user_timer/user_timer.o
 .debug_frame   0x0000000000000bc0      0x32c ./Drivers/Module/user_uart/ip/uart/User_Ip_Uart.o
 .debug_frame   0x0000000000000eec      0x328 ./Drivers/Module/user_uart/ip/usart/User_Ip_Usart.o
 .debug_frame   0x0000000000001214      0x374 ./Drivers/STM32F4xx_HAL_Driver/Src/stm32f4xx_hal.o
 .debug_frame   0x0000000000001588      0x498 ./Drivers/STM32F4xx_HAL_Driver/Src/stm32f4xx_hal_cortex.o
 .debug_frame   0x0000000000001a20      0x14c ./Drivers/STM32F4xx_HAL_Driver/Src/stm32f4xx_hal_gpio.o
 .debug_frame   0x0000000000001b6c      0x1f0 ./Drivers/STM32F4xx_HAL_Driver/Src/stm32f4xx_hal_rcc.o
 .debug_frame   0x0000000000001d5c      0x824 ./Drivers/STM32F4xx_HAL_Driver/Src/stm32f4xx_hal_spi.o
 .debug_frame   0x0000000000002580       0x2c e:/st/stm32cubeide_1.7.0/stm32cubeide/plugins/com.st.stm32cube.ide.mcu.externaltools.gnu-tools-for-stm32.9-2020-q2-update.win32_2.0.0.202105311346/tools/bin/../lib/gcc/arm-none-eabi/9.3.1/../../../../arm-none-eabi/lib/thumb/v7e-m+fp/hard\libc_nano.a(lib_a-init.o)
 .debug_frame   0x00000000000025ac       0x28 e:/st/stm32cubeide_1.7.0/stm32cubeide/plugins/com.st.stm32cube.ide.mcu.externaltools.gnu-tools-for-stm32.9-2020-q2-update.win32_2.0.0.202105311346/tools/bin/../lib/gcc/arm-none-eabi/9.3.1/../../../../arm-none-eabi/lib/thumb/v7e-m+fp/hard\libc_nano.a(lib_a-memcpy-stub.o)
 .debug_frame   0x00000000000025d4       0x20 e:/st/stm32cubeide_1.7.0/stm32cubeide/plugins/com.st.stm32cube.ide.mcu.externaltools.gnu-tools-for-stm32.9-2020-q2-update.win32_2.0.0.202105311346/tools/bin/../lib/gcc/arm-none-eabi/9.3.1/../../../../arm-none-eabi/lib/thumb/v7e-m+fp/hard\libc_nano.a(lib_a-memset.o)
 .debug_frame   0x00000000000025f4       0x30 e:/st/stm32cubeide_1.7.0/stm32cubeide/plugins/com.st.stm32cube.ide.mcu.externaltools.gnu-tools-for-stm32.9-2020-q2-update.win32_2.0.0.202105311346/tools/bin/../lib/gcc/arm-none-eabi/9.3.1/../../../../arm-none-eabi/lib/thumb/v7e-m+fp/hard\libm.a(lib_a-s_ceil.o)
 .debug_frame   0x0000000000002624       0x30 e:/st/stm32cubeide_1.7.0/stm32cubeide/plugins/com.st.stm32cube.ide.mcu.externaltools.gnu-tools-for-stm32.9-2020-q2-update.win32_2.0.0.202105311346/tools/bin/../lib/gcc/arm-none-eabi/9.3.1/../../../../arm-none-eabi/lib/thumb/v7e-m+fp/hard\libm.a(lib_a-s_floor.o)
 .debug_frame   0x0000000000002654       0x2c e:/st/stm32cubeide_1.7.0/stm32cubeide/plugins/com.st.stm32cube.ide.mcu.externaltools.gnu-tools-for-stm32.9-2020-q2-update.win32_2.0.0.202105311346/tools/bin/../lib/gcc/arm-none-eabi/9.3.1/../../../../arm-none-eabi/lib/thumb/v7e-m+fp/hard\libm.a(lib_a-s_round.o)
 .debug_frame   0x0000000000002680       0xac e:/st/stm32cubeide_1.7.0/stm32cubeide/plugins/com.st.stm32cube.ide.mcu.externaltools.gnu-tools-for-stm32.9-2020-q2-update.win32_2.0.0.202105311346/tools/bin/../lib/gcc/arm-none-eabi/9.3.1/thumb/v7e-m+fp/hard\libgcc.a(_arm_addsubdf3.o)
 .debug_frame   0x000000000000272c       0x50 e:/st/stm32cubeide_1.7.0/stm32cubeide/plugins/com.st.stm32cube.ide.mcu.externaltools.gnu-tools-for-stm32.9-2020-q2-update.win32_2.0.0.202105311346/tools/bin/../lib/gcc/arm-none-eabi/9.3.1/thumb/v7e-m+fp/hard\libgcc.a(_arm_muldivdf3.o)
 .debug_frame   0x000000000000277c       0xc4 e:/st/stm32cubeide_1.7.0/stm32cubeide/plugins/com.st.stm32cube.ide.mcu.externaltools.gnu-tools-for-stm32.9-2020-q2-update.win32_2.0.0.202105311346/tools/bin/../lib/gcc/arm-none-eabi/9.3.1/thumb/v7e-m+fp/hard\libgcc.a(_arm_cmpdf2.o)
 .debug_frame   0x0000000000002840       0x24 e:/st/stm32cubeide_1.7.0/stm32cubeide/plugins/com.st.stm32cube.ide.mcu.externaltools.gnu-tools-for-stm32.9-2020-q2-update.win32_2.0.0.202105311346/tools/bin/../lib/gcc/arm-none-eabi/9.3.1/thumb/v7e-m+fp/hard\libgcc.a(_arm_fixunsdfsi.o)
 .debug_frame   0x0000000000002864       0x2c e:/st/stm32cubeide_1.7.0/stm32cubeide/plugins/com.st.stm32cube.ide.mcu.externaltools.gnu-tools-for-stm32.9-2020-q2-update.win32_2.0.0.202105311346/tools/bin/../lib/gcc/arm-none-eabi/9.3.1/thumb/v7e-m+fp/hard\libgcc.a(_aeabi_uldivmod.o)
 .debug_frame   0x0000000000002890       0x34 e:/st/stm32cubeide_1.7.0/stm32cubeide/plugins/com.st.stm32cube.ide.mcu.externaltools.gnu-tools-for-stm32.9-2020-q2-update.win32_2.0.0.202105311346/tools/bin/../lib/gcc/arm-none-eabi/9.3.1/thumb/v7e-m+fp/hard\libgcc.a(_udivmoddi4.o)
