Archive member included to satisfy reference by file (symbol)

e:/st/stm32cubeide_1.7.0/stm32cubeide/plugins/com.st.stm32cube.ide.mcu.externaltools.gnu-tools-for-stm32.9-2020-q2-update.win32_2.0.0.202105311346/tools/bin/../lib/gcc/arm-none-eabi/9.3.1/../../../../arm-none-eabi/lib/thumb/v7e-m+fp/hard\libc_nano.a(lib_a-calloc.o)
                              ./Drivers/LoRa_Drivers/Modules/DataLinkLayer/Layer2.o (calloc)
e:/st/stm32cubeide_1.7.0/stm32cubeide/plugins/com.st.stm32cube.ide.mcu.externaltools.gnu-tools-for-stm32.9-2020-q2-update.win32_2.0.0.202105311346/tools/bin/../lib/gcc/arm-none-eabi/9.3.1/../../../../arm-none-eabi/lib/thumb/v7e-m+fp/hard\libc_nano.a(lib_a-errno.o)
                              ./Core/Src/syscalls.o (__errno)
e:/st/stm32cubeide_1.7.0/stm32cubeide/plugins/com.st.stm32cube.ide.mcu.externaltools.gnu-tools-for-stm32.9-2020-q2-update.win32_2.0.0.202105311346/tools/bin/../lib/gcc/arm-none-eabi/9.3.1/../../../../arm-none-eabi/lib/thumb/v7e-m+fp/hard\libc_nano.a(lib_a-exit.o)
                              e:/st/stm32cubeide_1.7.0/stm32cubeide/plugins/com.st.stm32cube.ide.mcu.externaltools.gnu-tools-for-stm32.9-2020-q2-update.win32_2.0.0.202105311346/tools/bin/../lib/gcc/arm-none-eabi/9.3.1/../../../../arm-none-eabi/lib/thumb/v7e-m+fp/hard/crt0.o (exit)
e:/st/stm32cubeide_1.7.0/stm32cubeide/plugins/com.st.stm32cube.ide.mcu.externaltools.gnu-tools-for-stm32.9-2020-q2-update.win32_2.0.0.202105311346/tools/bin/../lib/gcc/arm-none-eabi/9.3.1/../../../../arm-none-eabi/lib/thumb/v7e-m+fp/hard\libc_nano.a(lib_a-impure.o)
                              e:/st/stm32cubeide_1.7.0/stm32cubeide/plugins/com.st.stm32cube.ide.mcu.externaltools.gnu-tools-for-stm32.9-2020-q2-update.win32_2.0.0.202105311346/tools/bin/../lib/gcc/arm-none-eabi/9.3.1/../../../../arm-none-eabi/lib/thumb/v7e-m+fp/hard\libc_nano.a(lib_a-exit.o) (_global_impure_ptr)
e:/st/stm32cubeide_1.7.0/stm32cubeide/plugins/com.st.stm32cube.ide.mcu.externaltools.gnu-tools-for-stm32.9-2020-q2-update.win32_2.0.0.202105311346/tools/bin/../lib/gcc/arm-none-eabi/9.3.1/../../../../arm-none-eabi/lib/thumb/v7e-m+fp/hard\libc_nano.a(lib_a-init.o)
                              e:/st/stm32cubeide_1.7.0/stm32cubeide/plugins/com.st.stm32cube.ide.mcu.externaltools.gnu-tools-for-stm32.9-2020-q2-update.win32_2.0.0.202105311346/tools/bin/../lib/gcc/arm-none-eabi/9.3.1/../../../../arm-none-eabi/lib/thumb/v7e-m+fp/hard/crt0.o (__libc_init_array)
e:/st/stm32cubeide_1.7.0/stm32cubeide/plugins/com.st.stm32cube.ide.mcu.externaltools.gnu-tools-for-stm32.9-2020-q2-update.win32_2.0.0.202105311346/tools/bin/../lib/gcc/arm-none-eabi/9.3.1/../../../../arm-none-eabi/lib/thumb/v7e-m+fp/hard\libc_nano.a(lib_a-malloc.o)
                              ./Drivers/LoRa_Drivers/Modules/PhysicLayer/Layer1.o (free)
e:/st/stm32cubeide_1.7.0/stm32cubeide/plugins/com.st.stm32cube.ide.mcu.externaltools.gnu-tools-for-stm32.9-2020-q2-update.win32_2.0.0.202105311346/tools/bin/../lib/gcc/arm-none-eabi/9.3.1/../../../../arm-none-eabi/lib/thumb/v7e-m+fp/hard\libc_nano.a(lib_a-memcpy-stub.o)
                              ./Core/App/App_Test.o (memcpy)
e:/st/stm32cubeide_1.7.0/stm32cubeide/plugins/com.st.stm32cube.ide.mcu.externaltools.gnu-tools-for-stm32.9-2020-q2-update.win32_2.0.0.202105311346/tools/bin/../lib/gcc/arm-none-eabi/9.3.1/../../../../arm-none-eabi/lib/thumb/v7e-m+fp/hard\libc_nano.a(lib_a-memset.o)
                              e:/st/stm32cubeide_1.7.0/stm32cubeide/plugins/com.st.stm32cube.ide.mcu.externaltools.gnu-tools-for-stm32.9-2020-q2-update.win32_2.0.0.202105311346/tools/bin/../lib/gcc/arm-none-eabi/9.3.1/../../../../arm-none-eabi/lib/thumb/v7e-m+fp/hard/crt0.o (memset)
e:/st/stm32cubeide_1.7.0/stm32cubeide/plugins/com.st.stm32cube.ide.mcu.externaltools.gnu-tools-for-stm32.9-2020-q2-update.win32_2.0.0.202105311346/tools/bin/../lib/gcc/arm-none-eabi/9.3.1/../../../../arm-none-eabi/lib/thumb/v7e-m+fp/hard\libc_nano.a(lib_a-nano-callocr.o)
                              e:/st/stm32cubeide_1.7.0/stm32cubeide/plugins/com.st.stm32cube.ide.mcu.externaltools.gnu-tools-for-stm32.9-2020-q2-update.win32_2.0.0.202105311346/tools/bin/../lib/gcc/arm-none-eabi/9.3.1/../../../../arm-none-eabi/lib/thumb/v7e-m+fp/hard\libc_nano.a(lib_a-calloc.o) (_calloc_r)
e:/st/stm32cubeide_1.7.0/stm32cubeide/plugins/com.st.stm32cube.ide.mcu.externaltools.gnu-tools-for-stm32.9-2020-q2-update.win32_2.0.0.202105311346/tools/bin/../lib/gcc/arm-none-eabi/9.3.1/../../../../arm-none-eabi/lib/thumb/v7e-m+fp/hard\libc_nano.a(lib_a-nano-freer.o)
                              e:/st/stm32cubeide_1.7.0/stm32cubeide/plugins/com.st.stm32cube.ide.mcu.externaltools.gnu-tools-for-stm32.9-2020-q2-update.win32_2.0.0.202105311346/tools/bin/../lib/gcc/arm-none-eabi/9.3.1/../../../../arm-none-eabi/lib/thumb/v7e-m+fp/hard\libc_nano.a(lib_a-malloc.o) (_free_r)
[...]
Memory Configuration

Name             Origin             Length             Attributes
CCMRAM           0x0000000010000000 0x0000000000010000 xrw
RAM              0x0000000020000000 0x0000000000020000 xrw
FLASH            0x0000000008000000 0x0000000000100000 xr
*default*        0x0000000000000000 0xffffffffffffffff

Linker script and memory map

LOAD e:/st/stm32cubeide_1.7.0/stm32cubeide/plugins/com.st.stm32cube.ide.mcu.externaltools.gnu-tools-for-stm32.9-2020-q2-update.win32_2.0.0.202105311346/tools/bin/../lib/gcc/arm-none-eabi/9.3.1/thumb/v7e-m+fp/hard/crti.o
LOAD e:/st/stm32cubeide_1.7.0/stm32cubeide/plugins/com.st.stm32cube.ide.mcu.externaltools.gnu-tools-for-stm32.9-2020-q2-update.win32_2.0.0.202105311346/tools/bin/../lib/gcc/arm-none-eabi/9.3.1/thumb/v7e-m+fp/hard/crtbegin.o
LOAD e:/st/stm32cubeide_1.7.0/stm32cubeide/plugins/com.st.stm32cube.ide.mcu.externaltools.gnu-tools-for-stm32.9-2020-q2-update.win32_2.0.0.202105311346/tools/bin/../lib/gcc/arm-none-eabi/9.3.1/../../../../arm-none-eabi/lib/thumb/v7e-m+fp/hard/crt0.o
LOAD ./Core/App/App_Test.o
LOAD ./Core/Src/gpio.o
LOAD ./Core/Src/main.o
LOAD ./Core/Src/rng.o
LOAD ./Core/Src/spi.o
LOAD ./Core/Src/stm32f4xx_hal_msp.o
LOAD ./Core/Src/stm32f4xx_it.o
LOAD ./Core/Src/syscalls.o
LOAD ./Core/Src/sysmem.o
LOAD ./Core/Src/system_stm32f4xx.o
LOAD ./Core/Startup/startup_stm32f407vgtx.o
LOAD ./Drivers/LoRa_Drivers/Devices/SX126X/delay/my_delay.o
LOAD ./Drivers/LoRa_Drivers/Devices/SX126X/src/crc.o
LOAD ./Drivers/LoRa_Drivers/Devices/SX126X/src/radio.o
LOAD ./Drivers/LoRa_Drivers/Devices/SX126X/src/sx126x-board.o
LOAD ./Drivers/LoRa_Drivers/Devices/SX126X/src/sx126x.o
LOAD ./Drivers/LoRa_Drivers/Modules/DataLinkLayer/Layer2.o
LOAD ./Drivers/LoRa_Drivers/Modules/Message.o
LOAD ./Drivers/LoRa_Drivers/Modules/NetworkLayer/Layer3.o
LOAD ./Drivers/LoRa_Drivers/Modules/PhysicLayer/Layer1.o
LOAD ./Drivers/Module/user_timer/cfg/user_timer_cfg.o
LOAD ./Drivers/Module/user_timer/user_timer.o
LOAD ./Drivers/Module/user_uart/User_Uart.o
LOAD ./Drivers/Module/user_uart/User_Uart_Ipw.o
LOAD ./Drivers/Module/user_uart/cfg/User_Uart_Cfg.o
LOAD ./Drivers/Module/user_uart/ip/uart/User_Ip_Uart.o
LOAD ./Drivers/Module/user_uart/ip/usart/User_Ip_Usart.o
LOAD ./Drivers/Module/user_uart/protocol/slip/User_Slip.o
LOAD ./Drivers/STM32F4xx_HAL_Driver/Src/stm32f4xx_hal.o
LOAD ./Drivers/STM32F4xx_HAL_Driver/Src/stm32f4xx_hal_cortex.o
LOAD ./Drivers/STM32F4xx_HAL_Driver/Src/stm32f4xx_hal_dma.o
LOAD ./Drivers/STM32F4xx_HAL_Driver/Src/stm32f4xx_hal_dma_ex.o
LOAD ./Drivers/STM32F4xx_HAL_Driver/Src/stm32f4xx_hal_exti.o
LOAD ./Drivers/STM32F4xx_HAL_Driver/Src/stm32f4xx_hal_flash.o
LOAD ./Drivers/STM32F4xx_HAL_Driver/Src/stm32f4xx_hal_flash_ex.o
LOAD ./Drivers/STM32F4xx_HAL_Driver/Src/stm32f4xx_hal_flash_ramfunc.o
LOAD ./Drivers/STM32F4xx_HAL_Driver/Src/stm32f4xx_hal_gpio.o
LOAD ./Drivers/STM32F4xx_HAL_Driver/Src/stm32f4xx_hal_pwr.o
LOAD ./Drivers/STM32F4xx_HAL_Driver/Src/stm32f4xx_hal_pwr_ex.o
LOAD ./Drivers/STM32F4xx_HAL_Driver/Src/stm32f4xx_hal_rcc.o
LOAD ./Drivers/STM32F4xx_HAL_Driver/Src/stm32f4xx_hal_rcc_ex.o
LOAD ./Drivers/STM32F4xx_HAL_Driver/Src/stm32f4xx_hal_rng.o
LOAD ./Drivers/STM32F4xx_HAL_Driver/Src/stm32f4xx_hal_spi.o
LOAD ./Drivers/STM32F4xx_HAL_Driver/Src/stm32f4xx_hal_tim.o
LOAD ./Drivers/STM32F4xx_HAL_Driver/Src/stm32f4xx_hal_tim_ex.o
START GROUP
LOAD e:/st/stm32cubeide_1.7.0/stm32cubeide/plugins/com.st.stm32cube.ide.mcu.externaltools.gnu-tools-for-stm32.9-2020-q2-update.win32_2.0.0.202105311346/tools/bin/../lib/gcc/arm-none-eabi/9.3.1/../../../../arm-none-eabi/lib/thumb/v7e-m+fp/hard\libc_nano.a
LOAD e:/st/stm32cubeide_1.7.0/stm32cubeide/plugins/com.st.stm32cube.ide.mcu.externaltools.gnu-tools-for-stm32.9-2020-q2-update.win32_2.0.0.202105311346/tools/bin/../lib/gcc/arm-none-eabi/9.3.1/../../../../arm-none-eabi/lib/thumb/v7e-m+fp/hard\libm.a
END GROUP
START GROUP
LOAD e:/st/stm32cubeide_1.7.0/stm32cubeide/plugins/com.st.stm32cube.ide.mcu.externaltools.gnu-tools-for-stm32.9-2020-q2-update.win32_2.0.0.202105311346/tools/bin/../lib/gcc/arm-none-eabi/9.3.1/thumb/v7e-m+fp/hard\libgcc.a
LOAD e:/st/stm32cubeide_1.7.0/stm32cubeide/plugins/com.st.stm32cube.ide.mcu.externaltools.gnu-tools-for-stm32.9-2020-q2-update.win32_2.0.0.202105311346/tools/bin/../lib/gcc/arm-none-eabi/9.3.1/../../../../arm-none-eabi/lib/thumb/v7e-m+fp/hard\libc_nano.a
END GROUP
START GROUP
LOAD e:/st/stm32cubeide_1.7.0/stm32cubeide/plugins/com.st.stm32cube.ide.mcu.externaltools.gnu-tools-for-stm32.9-2020-q2-update.win32_2.0.0.202105311346/tools/bin/../lib/gcc/arm-none-eabi/9.3.1/thumb/v7e-m+fp/hard\libgcc.a
LOAD e:/st/stm32cubeide_1.7.0/stm32cubeide/plugins/com.st.stm32cube.ide.mcu.externaltools.gnu-tools-for-stm32.9-2020-q2-update.win32_2.0.0.202105311346/tools/bin/../lib/gcc/arm-none-eabi/9.3.1/../../../../arm-none-eabi/lib/thumb/v7e-m+fp/hard\libc_nano.a
LOAD e:/st/stm32cubeide_1.7.0/stm32cubeide/plugins/com.st.stm32cube.ide.mcu.externaltools.gnu-tools-for-stm32.9-2020-q2-update.win32_2.0.0.202105311346/tools/bin/../lib/gcc/arm-none-eabi/9.3.1/../../../../arm-none-eabi/lib/thumb/v7e-m+fp/hard\libnosys.a
END GROUP
START GROUP
LOAD e:/st/stm32cubeide_1.7.0/stm32cubeide/plugins/com.st.stm32cube.ide.mcu.externaltools.gnu-tools-for-stm32.9-2020-q2-update.win32_2.0.0.202105311346/tools/bin/../lib/gcc/arm-none-eabi/9.3.1/thumb/v7e-m+fp/hard\libgcc.a
LOAD e:/st/stm32cubeide_1.7.0/stm32cubeide/plugins/com.st.stm32cube.ide.mcu.externaltools.gnu-tools-for-stm32.9-2020-q2-update.win32_2.0.0.202105311346/tools/bin/../lib/gcc/arm-none-eabi/9.3.1/../../../../arm-none-eabi/lib/thumb/v7e-m+fp/hard\libc_nano.a
LOAD e:/st/stm32cubeide_1.7.0/stm32cubeide/plugins/com.st.stm32cube.ide.mcu.externaltools.gnu-tools-for-stm32.9-2020-q2-update.win32_2.0.0.202105311346/tools/bin/../lib/gcc/arm-none-eabi/9.3.1/../../../../arm-none-eabi/lib/thumb/v7e-m+fp/hard\libnosys.a
END GROUP
LOAD e:/st/stm32cubeide_1.7.0/stm32cubeide/plugins/com.st.stm32cube.ide.mcu.externaltools.gnu-tools-for-stm32.9-2020-q2-update.win32_2.0.0.202105311346/tools/bin/../lib/gcc/arm-none-eabi/9.3.1/thumb/v7e-m+fp/hard/crtend.o
LOAD e:/st/stm32cubeide_1.7.0/stm32cubeide/plugins/com.st.stm32cube.ide.mcu.externaltools.gnu-tools-for-stm32.9-2020-q2-update.win32_2.0.0.202105311346/tools/bin/../lib/gcc/arm-none-eabi/9.3.1/thumb/v7e-m+fp/hard/crtn.o
                0x0000000020020000                _estack = (ORIGIN (RAM) + LENGTH (RAM))
                0x0000000000000200                _Min_Heap_Size = 0x200
                0x0000000000000400                _Min_Stack_Size = 0x400

.isr_vector     0x0000000008000000      0x188
                0x0000000008000000                . = ALIGN (0x4)
 *(.isr_vector)
 .isr_vector    0x0000000008000000      0x188 ./Core/Startup/startup_stm32f407vgtx.o
                0x0000000008000000                g_pfnVectors
                0x0000000008000188                . = ALIGN (0x4)

.text           0x0000000008000188     0x666c
                0x0000000008000188                . = ALIGN (0x4)
 *(.text)
 .text          0x0000000008000188       0x40 e:/st/stm32cubeide_1.7.0/stm32cubeide/plugins/com.st.stm32cube.ide.mcu.externaltools.gnu-tools-for-stm32.9-2020-q2-update.win32_2.0.0.202105311346/tools/bin/../lib/gcc/arm-none-eabi/9.3.1/thumb/v7e-m+fp/hard/crtbegin.o
 .text          0x00000000080001c8      0x378 e:/st/stm32cubeide_1.7.0/stm32cubeide/plugins/com.st.stm32cube.ide.mcu.externaltools.gnu-tools-for-stm32.9-2020-q2-update.win32_2.0.0.202105311346/tools/bin/../lib/gcc/arm-none-eabi/9.3.1/thumb/v7e-m+fp/hard\libgcc.a(_arm_addsubdf3.o)
                0x00000000080001c8                __aeabi_drsub
                0x00000000080001d0                __aeabi_dsub
                0x00000000080001d0                __subdf3
                0x00000000080001d4                __aeabi_dadd
                0x00000000080001d4                __adddf3
                0x000000000800044c                __floatunsidf
                0x000000000800044c                __aeabi_ui2d
                0x000000000800046c                __floatsidf
                0x000000000800046c                __aeabi_i2d
                0x0000000008000490                __aeabi_f2d
                0x0000000008000490                __extendsfdf2
                0x00000000080004d4                __floatundidf
                0x00000000080004d4                __aeabi_ul2d
                0x00000000080004e4                __floatdidf
                0x00000000080004e4                __aeabi_l2d
 .text          0x0000000008000540      0x424 e:/st/stm32cubeide_1.7.0/stm32cubeide/plugins/com.st.stm32cube.ide.mcu.externaltools.gnu-tools-for-stm32.9-2020-q2-update.win32_2.0.0.202105311346/tools/bin/../lib/gcc/arm-none-eabi/9.3.1/thumb/v7e-m+fp/hard\libgcc.a(_arm_muldivdf3.o)
                0x0000000008000540                __aeabi_dmul
                0x0000000008000540                __muldf3
                0x0000000008000794                __divdf3
                0x0000000008000794                __aeabi_ddiv
 .text          0x0000000008000964      0x110 e:/st/stm32cubeide_1.7.0/stm32cubeide/plugins/com.st.stm32cube.ide.mcu.externaltools.gnu-tools-for-stm32.9-2020-q2-update.win32_2.0.0.202105311346/tools/bin/../lib/gcc/arm-none-eabi/9.3.1/thumb/v7e-m+fp/hard\libgcc.a(_arm_cmpdf2.o)
                0x0000000008000964                __gtdf2
                0x0000000008000964                __gedf2
                0x000000000800096c                __ltdf2
                0x000000000800096c                __ledf2
                0x0000000008000974                __nedf2
                0x0000000008000974                __eqdf2
                0x0000000008000974                __cmpdf2
                0x00000000080009f0                __aeabi_cdrcmple
                0x0000000008000a00                __aeabi_cdcmpeq
                0x0000000008000a00                __aeabi_cdcmple
                0x0000000008000a10                __aeabi_dcmpeq
                0x0000000008000a24                __aeabi_dcmplt
                0x0000000008000a38                __aeabi_dcmple
                0x0000000008000a4c                __aeabi_dcmpge
                0x0000000008000a60                __aeabi_dcmpgt
 .text          0x0000000008000a74       0x40 e:/st/stm32cubeide_1.7.0/stm32cubeide/plugins/com.st.stm32cube.ide.mcu.externaltools.gnu-tools-for-stm32.9-2020-q2-update.win32_2.0.0.202105311346/tools/bin/../lib/gcc/arm-none-eabi/9.3.1/thumb/v7e-m+fp/hard\libgcc.a(_arm_fixunsdfsi.o)
                0x0000000008000a74                __aeabi_d2uiz
                0x0000000008000a74                __fixunsdfsi
 .text          0x0000000008000ab4       0x30 e:/st/stm32cubeide_1.7.0/stm32cubeide/plugins/com.st.stm32cube.ide.mcu.externaltools.gnu-tools-for-stm32.9-2020-q2-update.win32_2.0.0.202105311346/tools/bin/../lib/gcc/arm-none-eabi/9.3.1/thumb/v7e-m+fp/hard\libgcc.a(_aeabi_uldivmod.o)
                0x0000000008000ab4                __aeabi_uldivmod
 .text          0x0000000008000ae4      0x2c4 e:/st/stm32cubeide_1.7.0/stm32cubeide/plugins/com.st.stm32cube.ide.mcu.externaltools.gnu-tools-for-stm32.9-2020-q2-update.win32_2.0.0.202105311346/tools/bin/../lib/gcc/arm-none-eabi/9.3.1/thumb/v7e-m+fp/hard\libgcc.a(_udivmoddi4.o)
                0x0000000008000ae4                __udivmoddi4
 .text          0x0000000008000da8        0x4 e:/st/stm32cubeide_1.7.0/stm32cubeide/plugins/com.st.stm32cube.ide.mcu.externaltools.gnu-tools-for-stm32.9-2020-q2-update.win32_2.0.0.202105311346/tools/bin/../lib/gcc/arm-none-eabi/9.3.1/thumb/v7e-m+fp/hard\libgcc.a(_dvmd_tls.o)
                0x0000000008000da8                __aeabi_idiv0
                0x0000000008000da8                __aeabi_ldiv0
 *(.text*)
 .text.OnCaDDetectted
                0x0000000008000dac       0x3c ./Core/App/App_Test.o
                0x0000000008000dac                OnCaDDetectted
 .text.OnTxDone
                0x0000000008000de8       0x28 ./Core/App/App_Test.o
                0x0000000008000de8                OnTxDone
 .text.OnRxDone
                0x0000000008000e10       0x88 ./Core/App/App_Test.o
                0x0000000008000e10                OnRxDone
 .text.OnRxTimeout
                0x0000000008000e98       0x20 ./Core/App/App_Test.o
                0x0000000008000e98                OnRxTimeout
 .text.OnRxError
                0x0000000008000eb8       0x18 ./Core/App/App_Test.o
                0x0000000008000eb8                OnRxError
 .text.App_TestMain
                0x0000000008000ed0      0x118 ./Core/App/App_Test.o
                0x0000000008000ed0                App_TestMain
 .text.LoRa_IRQHandle
                0x0000000008000fe8       0x14 ./Core/App/App_Test.o
                0x0000000008000fe8                LoRa_IRQHandle
 .text.Session_Response
                0x0000000008000ffc      0x11c ./Core/App/App_Test.o
                0x0000000008000ffc                Session_Response
 .text.Session_Default
                0x0000000008001118       0x2c ./Core/App/App_Test.o
                0x0000000008001118                Session_Default
 .text.Payload_Handle
                0x0000000008001144        0xe ./Core/App/App_Test.o
                0x0000000008001144                Payload_Handle
 *fill*         0x0000000008001152        0x2 
 .text.MX_GPIO_Init
                0x0000000008001154      0x1e4 ./Core/Src/gpio.o
                0x0000000008001154                MX_GPIO_Init
 .text.main     0x0000000008001338       0x1e ./Core/Src/main.o
                0x0000000008001338                main
 *fill*         0x0000000008001356        0x2 
 .text.SystemClock_Config
                0x0000000008001358       0xd4 ./Core/Src/main.o
                0x0000000008001358                SystemClock_Config
 .text.Error_Handler
                0x000000000800142c        0xa ./Core/Src/main.o
                0x000000000800142c                Error_Handler
 *fill*         0x0000000008001436        0x2 
 .text.MX_RNG_Init
                0x0000000008001438       0x28 ./Core/Src/rng.o
                0x0000000008001438                MX_RNG_Init
 .text.HAL_RNG_MspInit
                0x0000000008001460       0x44 ./Core/Src/rng.o
                0x0000000008001460                HAL_RNG_MspInit
 .text.MX_SPI1_Init
                0x00000000080014a4       0x6c ./Core/Src/spi.o
                0x00000000080014a4                MX_SPI1_Init
 .text.HAL_SPI_MspInit
                0x0000000008001510       0x90 ./Core/Src/spi.o
                0x0000000008001510                HAL_SPI_MspInit
 .text.HAL_MspInit
                0x00000000080015a0       0x50 ./Core/Src/stm32f4xx_hal_msp.o
                0x00000000080015a0                HAL_MspInit
 .text.NMI_Handler
                0x00000000080015f0        0x6 ./Core/Src/stm32f4xx_it.o
                0x00000000080015f0                NMI_Handler
 .text.HardFault_Handler
                0x00000000080015f6        0x6 ./Core/Src/stm32f4xx_it.o
                0x00000000080015f6                HardFault_Handler
 .text.MemManage_Handler
                0x00000000080015fc        0x6 ./Core/Src/stm32f4xx_it.o
                0x00000000080015fc                MemManage_Handler
 .text.BusFault_Handler
                0x0000000008001602        0x6 ./Core/Src/stm32f4xx_it.o
                0x0000000008001602                BusFault_Handler
 .text.UsageFault_Handler
                0x0000000008001608        0x6 ./Core/Src/stm32f4xx_it.o
                0x0000000008001608                UsageFault_Handler
 .text.SVC_Handler
                0x000000000800160e        0xe ./Core/Src/stm32f4xx_it.o
                0x000000000800160e                SVC_Handler
 .text.DebugMon_Handler
                0x000000000800161c        0xe ./Core/Src/stm32f4xx_it.o
                0x000000000800161c                DebugMon_Handler
 .text.PendSV_Handler
                0x000000000800162a        0xe ./Core/Src/stm32f4xx_it.o
                0x000000000800162a                PendSV_Handler
 .text.SysTick_Handler
                0x0000000008001638        0xc ./Core/Src/stm32f4xx_it.o
                0x0000000008001638                SysTick_Handler
 .text._sbrk    0x0000000008001644       0x6c ./Core/Src/sysmem.o
                0x0000000008001644                _sbrk
 .text.SystemInit
                0x00000000080016b0       0x24 ./Core/Src/system_stm32f4xx.o
                0x00000000080016b0                SystemInit
 .text.Reset_Handler
                0x00000000080016d4       0x50 ./Core/Startup/startup_stm32f407vgtx.o
                0x00000000080016d4                Reset_Handler
 .text.Default_Handler
                0x0000000008001724        0x2 ./Core/Startup/startup_stm32f407vgtx.o
                0x0000000008001724                RTC_Alarm_IRQHandler
                0x0000000008001724                HASH_RNG_IRQHandler
                0x0000000008001724                EXTI2_IRQHandler
                0x0000000008001724                TIM8_CC_IRQHandler
                0x0000000008001724                TIM1_CC_IRQHandler
                0x0000000008001724                DMA2_Stream5_IRQHandler
                0x0000000008001724                DMA1_Stream5_IRQHandler
                0x0000000008001724                PVD_IRQHandler
                0x0000000008001724                SDIO_IRQHandler
                0x0000000008001724                TAMP_STAMP_IRQHandler
                0x0000000008001724                CAN2_RX1_IRQHandler
                0x0000000008001724                EXTI3_IRQHandler
                0x0000000008001724                TIM8_TRG_COM_TIM14_IRQHandler
                0x0000000008001724                TIM1_UP_TIM10_IRQHandler
                0x0000000008001724                TIM8_UP_TIM13_IRQHandler
                0x0000000008001724                I2C3_ER_IRQHandler
                0x0000000008001724                EXTI0_IRQHandler
                0x0000000008001724                I2C2_EV_IRQHandler
                0x0000000008001724                DMA1_Stream2_IRQHandler
                0x0000000008001724                CAN1_RX0_IRQHandler
                0x0000000008001724                FPU_IRQHandler
                0x0000000008001724                OTG_HS_WKUP_IRQHandler
                0x0000000008001724                CAN2_SCE_IRQHandler
                0x0000000008001724                DMA2_Stream2_IRQHandler
                0x0000000008001724                SPI1_IRQHandler
                0x0000000008001724                TIM6_DAC_IRQHandler
                0x0000000008001724                TIM1_BRK_TIM9_IRQHandler
                0x0000000008001724                DCMI_IRQHandler
                0x0000000008001724                CAN2_RX0_IRQHandler
                0x0000000008001724                DMA2_Stream3_IRQHandler
                0x0000000008001724                CAN1_RX1_IRQHandler
                0x0000000008001724                DMA2_Stream0_IRQHandler
                0x0000000008001724                I2C1_EV_IRQHandler
                0x0000000008001724                DMA1_Stream6_IRQHandler
                0x0000000008001724                DMA1_Stream1_IRQHandler
                0x0000000008001724                RCC_IRQHandler
                0x0000000008001724                TIM8_BRK_TIM12_IRQHandler
                0x0000000008001724                Default_Handler
                0x0000000008001724                EXTI15_10_IRQHandler
                0x0000000008001724                ADC_IRQHandler
                0x0000000008001724                DMA1_Stream7_IRQHandler
                0x0000000008001724                TIM7_IRQHandler
                0x0000000008001724                CAN2_TX_IRQHandler
                0x0000000008001724                TIM5_IRQHandler
                0x0000000008001724                DMA2_Stream7_IRQHandler
                0x0000000008001724                I2C3_EV_IRQHandler
                0x0000000008001724                EXTI9_5_IRQHandler
                0x0000000008001724                RTC_WKUP_IRQHandler
                0x0000000008001724                ETH_WKUP_IRQHandler
                0x0000000008001724                SPI2_IRQHandler
                0x0000000008001724                OTG_HS_EP1_IN_IRQHandler
                0x0000000008001724                DMA1_Stream0_IRQHandler
                0x0000000008001724                CAN1_TX_IRQHandler
                0x0000000008001724                EXTI4_IRQHandler
                0x0000000008001724                FSMC_IRQHandler
                0x0000000008001724                ETH_IRQHandler
                0x0000000008001724                OTG_HS_EP1_OUT_IRQHandler
                0x0000000008001724                WWDG_IRQHandler
                0x0000000008001724                OTG_FS_WKUP_IRQHandler
                0x0000000008001724                TIM1_TRG_COM_TIM11_IRQHandler
                0x0000000008001724                OTG_HS_IRQHandler
                0x0000000008001724                EXTI1_IRQHandler
                0x0000000008001724                I2C2_ER_IRQHandler
                0x0000000008001724                DMA2_Stream1_IRQHandler
                0x0000000008001724                CAN1_SCE_IRQHandler
                0x0000000008001724                FLASH_IRQHandler
                0x0000000008001724                DMA2_Stream4_IRQHandler
                0x0000000008001724                OTG_FS_IRQHandler
                0x0000000008001724                SPI3_IRQHandler
                0x0000000008001724                DMA1_Stream4_IRQHandler
                0x0000000008001724                I2C1_ER_IRQHandler
                0x0000000008001724                DMA2_Stream6_IRQHandler
                0x0000000008001724                DMA1_Stream3_IRQHandler
 .text.DelayMs  0x0000000008001726       0x20 ./Drivers/LoRa_Drivers/Devices/SX126X/delay/my_delay.o
                0x0000000008001726                DelayMs
 *fill*         0x0000000008001746        0x2 
 .text.RadioGetFskBandwidthRegValue
                0x0000000008001748       0x64 ./Drivers/LoRa_Drivers/Devices/SX126X/src/radio.o
 .text.RadioInit
                0x00000000080017ac       0x5c ./Drivers/LoRa_Drivers/Devices/SX126X/src/radio.o
                0x00000000080017ac                RadioInit
 .text.RadioGetStatus
                0x0000000008001808       0x2c ./Drivers/LoRa_Drivers/Devices/SX126X/src/radio.o
                0x0000000008001808                RadioGetStatus
 .text.RadioSetModem
                0x0000000008001834       0x50 ./Drivers/LoRa_Drivers/Devices/SX126X/src/radio.o
                0x0000000008001834                RadioSetModem
 .text.RadioSetChannel
                0x0000000008001884       0x16 ./Drivers/LoRa_Drivers/Devices/SX126X/src/radio.o
                0x0000000008001884                RadioSetChannel
 .text.RadioIsChannelFree
                0x000000000800189a       0x3e ./Drivers/LoRa_Drivers/Devices/SX126X/src/radio.o
                0x000000000800189a                RadioIsChannelFree
 .text.RadioRandom
                0x00000000080018d8       0x54 ./Drivers/LoRa_Drivers/Devices/SX126X/src/radio.o
                0x00000000080018d8                RadioRandom
 .text.RadioSetRxConfig
                0x000000000800192c      0x288 ./Drivers/LoRa_Drivers/Devices/SX126X/src/radio.o
                0x000000000800192c                RadioSetRxConfig
 .text.RadioSetTxConfig
                0x0000000008001bb4      0x1e8 ./Drivers/LoRa_Drivers/Devices/SX126X/src/radio.o
                0x0000000008001bb4                RadioSetTxConfig
 .text.RadioCheckRfFrequency
                0x0000000008001d9c       0x16 ./Drivers/LoRa_Drivers/Devices/SX126X/src/radio.o
                0x0000000008001d9c                RadioCheckRfFrequency
 *fill*         0x0000000008001db2        0x6 
 .text.RadioTimeOnAir
                0x0000000008001db8      0x2b0 ./Drivers/LoRa_Drivers/Devices/SX126X/src/radio.o
                0x0000000008001db8                RadioTimeOnAir
 .text.RadioSend
                0x0000000008002068       0x54 ./Drivers/LoRa_Drivers/Devices/SX126X/src/radio.o
                0x0000000008002068                RadioSend
 .text.RadioSleep
                0x00000000080020bc       0x26 ./Drivers/LoRa_Drivers/Devices/SX126X/src/radio.o
                0x00000000080020bc                RadioSleep
 .text.RadioStandby
                0x00000000080020e2        0xe ./Drivers/LoRa_Drivers/Devices/SX126X/src/radio.o
                0x00000000080020e2                RadioStandby
 .text.RadioRx  0x00000000080020f0       0x48 ./Drivers/LoRa_Drivers/Devices/SX126X/src/radio.o
                0x00000000080020f0                RadioRx
 .text.RadioRxBoosted
                0x0000000008002138       0x40 ./Drivers/LoRa_Drivers/Devices/SX126X/src/radio.o
                0x0000000008002138                RadioRxBoosted
 .text.RadioSetRxDutyCycle
                0x0000000008002178       0x1a ./Drivers/LoRa_Drivers/Devices/SX126X/src/radio.o
                0x0000000008002178                RadioSetRxDutyCycle
 .text.RadioStartCad
                0x0000000008002192        0xc ./Drivers/LoRa_Drivers/Devices/SX126X/src/radio.o
                0x0000000008002192                RadioStartCad
 .text.RadioSetTxContinuousWave
                0x000000000800219e       0x2c ./Drivers/LoRa_Drivers/Devices/SX126X/src/radio.o
                0x000000000800219e                RadioSetTxContinuousWave
 .text.RadioRssi
                0x00000000080021ca       0x1a ./Drivers/LoRa_Drivers/Devices/SX126X/src/radio.o
                0x00000000080021ca                RadioRssi
 .text.RadioWrite
                0x00000000080021e4       0x24 ./Drivers/LoRa_Drivers/Devices/SX126X/src/radio.o
                0x00000000080021e4                RadioWrite
 .text.RadioRead
                0x0000000008002208       0x1c ./Drivers/LoRa_Drivers/Devices/SX126X/src/radio.o
                0x0000000008002208                RadioRead
 .text.RadioWriteBuffer
                0x0000000008002224       0x26 ./Drivers/LoRa_Drivers/Devices/SX126X/src/radio.o
                0x0000000008002224                RadioWriteBuffer
 .text.RadioReadBuffer
                0x000000000800224a       0x26 ./Drivers/LoRa_Drivers/Devices/SX126X/src/radio.o
                0x000000000800224a                RadioReadBuffer
 .text.RadioSetMaxPayloadLength
                0x0000000008002270       0x58 ./Drivers/LoRa_Drivers/Devices/SX126X/src/radio.o
                0x0000000008002270                RadioSetMaxPayloadLength
 .text.RadioSetPublicNetwork
                0x00000000080022c8       0x5c ./Drivers/LoRa_Drivers/Devices/SX126X/src/radio.o
                0x00000000080022c8                RadioSetPublicNetwork
 .text.RadioGetWakeupTime
                0x0000000008002324       0x10 ./Drivers/LoRa_Drivers/Devices/SX126X/src/radio.o
                0x0000000008002324                RadioGetWakeupTime
 .text.RadioOnDioIrq
                0x0000000008002334       0x18 ./Drivers/LoRa_Drivers/Devices/SX126X/src/radio.o
                0x0000000008002334                RadioOnDioIrq
 .text.RadioIrqProcess
                0x000000000800234c      0x1f8 ./Drivers/LoRa_Drivers/Devices/SX126X/src/radio.o
                0x000000000800234c                RadioIrqProcess
 .text.HALSpiInOut
                0x0000000008002544       0x30 ./Drivers/LoRa_Drivers/Devices/SX126X/src/sx126x-board.o
                0x0000000008002544                HALSpiInOut
 .text.SX126xReset
                0x0000000008002574       0x38 ./Drivers/LoRa_Drivers/Devices/SX126X/src/sx126x-board.o
                0x0000000008002574                SX126xReset
 .text.SX126xWaitOnBusy
                0x00000000080025ac       0x20 ./Drivers/LoRa_Drivers/Devices/SX126X/src/sx126x-board.o
                0x00000000080025ac                SX126xWaitOnBusy
 .text.SX126xWakeup
                0x00000000080025cc       0x38 ./Drivers/LoRa_Drivers/Devices/SX126X/src/sx126x-board.o
                0x00000000080025cc                SX126xWakeup
 .text.SX126xWriteCommand
                0x0000000008002604       0x74 ./Drivers/LoRa_Drivers/Devices/SX126X/src/sx126x-board.o
                0x0000000008002604                SX126xWriteCommand
 .text.SX126xReadCommand
                0x0000000008002678       0x78 ./Drivers/LoRa_Drivers/Devices/SX126X/src/sx126x-board.o
                0x0000000008002678                SX126xReadCommand
 .text.SX126xWriteRegisters
                0x00000000080026f0       0x88 ./Drivers/LoRa_Drivers/Devices/SX126X/src/sx126x-board.o
                0x00000000080026f0                SX126xWriteRegisters
 .text.SX126xWriteRegister
                0x0000000008002778       0x24 ./Drivers/LoRa_Drivers/Devices/SX126X/src/sx126x-board.o
                0x0000000008002778                SX126xWriteRegister
 .text.SX126xReadRegisters
                0x000000000800279c       0x94 ./Drivers/LoRa_Drivers/Devices/SX126X/src/sx126x-board.o
                0x000000000800279c                SX126xReadRegisters
 .text.SX126xReadRegister
                0x0000000008002830       0x22 ./Drivers/LoRa_Drivers/Devices/SX126X/src/sx126x-board.o
                0x0000000008002830                SX126xReadRegister
 *fill*         0x0000000008002852        0x2 
 .text.SX126xWriteBuffer
                0x0000000008002854       0x78 ./Drivers/LoRa_Drivers/Devices/SX126X/src/sx126x-board.o
                0x0000000008002854                SX126xWriteBuffer
 .text.SX126xReadBuffer
                0x00000000080028cc       0x84 ./Drivers/LoRa_Drivers/Devices/SX126X/src/sx126x-board.o
                0x00000000080028cc                SX126xReadBuffer
 .text.SX126xSetRfTxPower
                0x0000000008002950       0x1e ./Drivers/LoRa_Drivers/Devices/SX126X/src/sx126x-board.o
                0x0000000008002950                SX126xSetRfTxPower
 .text.SX126xGetPaSelect
                0x000000000800296e       0x16 ./Drivers/LoRa_Drivers/Devices/SX126X/src/sx126x-board.o
                0x000000000800296e                SX126xGetPaSelect
 .text.SX126xAntSwOn
                0x0000000008002984        0xe ./Drivers/LoRa_Drivers/Devices/SX126X/src/sx126x-board.o
                0x0000000008002984                SX126xAntSwOn
 .text.SX126xAntSwOff
                0x0000000008002992        0xe ./Drivers/LoRa_Drivers/Devices/SX126X/src/sx126x-board.o
                0x0000000008002992                SX126xAntSwOff
 .text.SX126xInit
                0x00000000080029a0       0x30 ./Drivers/LoRa_Drivers/Devices/SX126X/src/sx126x.o
                0x00000000080029a0                SX126xInit
 .text.SX126xGetOperatingMode
                0x00000000080029d0       0x18 ./Drivers/LoRa_Drivers/Devices/SX126X/src/sx126x.o
                0x00000000080029d0                SX126xGetOperatingMode
 .text.SX126xCheckDeviceReady
                0x00000000080029e8       0x28 ./Drivers/LoRa_Drivers/Devices/SX126X/src/sx126x.o
                0x00000000080029e8                SX126xCheckDeviceReady
 .text.SX126xSetPayload
                0x0000000008002a10       0x20 ./Drivers/LoRa_Drivers/Devices/SX126X/src/sx126x.o
                0x0000000008002a10                SX126xSetPayload
 .text.SX126xGetPayload
                0x0000000008002a30       0x44 ./Drivers/LoRa_Drivers/Devices/SX126X/src/sx126x.o
                0x0000000008002a30                SX126xGetPayload
 .text.SX126xSendPayload
                0x0000000008002a74       0x26 ./Drivers/LoRa_Drivers/Devices/SX126X/src/sx126x.o
                0x0000000008002a74                SX126xSendPayload
 .text.SX126xSetSyncWord
                0x0000000008002a9a       0x1e ./Drivers/LoRa_Drivers/Devices/SX126X/src/sx126x.o
                0x0000000008002a9a                SX126xSetSyncWord
 .text.SX126xSetCrcSeed
                0x0000000008002ab8       0x40 ./Drivers/LoRa_Drivers/Devices/SX126X/src/sx126x.o
                0x0000000008002ab8                SX126xSetCrcSeed
 .text.SX126xSetCrcPolynomial
                0x0000000008002af8       0x40 ./Drivers/LoRa_Drivers/Devices/SX126X/src/sx126x.o
                0x0000000008002af8                SX126xSetCrcPolynomial
 .text.SX126xSetWhiteningSeed
                0x0000000008002b38       0x66 ./Drivers/LoRa_Drivers/Devices/SX126X/src/sx126x.o
                0x0000000008002b38                SX126xSetWhiteningSeed
 *fill*         0x0000000008002b9e        0x2 
 .text.SX126xSetSleep
                0x0000000008002ba0       0x2c ./Drivers/LoRa_Drivers/Devices/SX126X/src/sx126x.o
                0x0000000008002ba0                SX126xSetSleep
 .text.SX126xSetStandby
                0x0000000008002bcc       0x38 ./Drivers/LoRa_Drivers/Devices/SX126X/src/sx126x.o
                0x0000000008002bcc                SX126xSetStandby
 .text.SX126xSetTx
                0x0000000008002c04       0x40 ./Drivers/LoRa_Drivers/Devices/SX126X/src/sx126x.o
                0x0000000008002c04                SX126xSetTx
 .text.SX126xSetRx
                0x0000000008002c44       0x40 ./Drivers/LoRa_Drivers/Devices/SX126X/src/sx126x.o
                0x0000000008002c44                SX126xSetRx
 .text.SX126xSetRxBoosted
                0x0000000008002c84       0x48 ./Drivers/LoRa_Drivers/Devices/SX126X/src/sx126x.o
                0x0000000008002c84                SX126xSetRxBoosted
 .text.SX126xSetRxDutyCycle
                0x0000000008002ccc       0x58 ./Drivers/LoRa_Drivers/Devices/SX126X/src/sx126x.o
                0x0000000008002ccc                SX126xSetRxDutyCycle
 .text.SX126xSetCad
                0x0000000008002d24       0x1c ./Drivers/LoRa_Drivers/Devices/SX126X/src/sx126x.o
                0x0000000008002d24                SX126xSetCad
 .text.SX126xSetTxContinuousWave
                0x0000000008002d40       0x12 ./Drivers/LoRa_Drivers/Devices/SX126X/src/sx126x.o
                0x0000000008002d40                SX126xSetTxContinuousWave
 .text.SX126xSetStopRxTimerOnPreambleDetect
                0x0000000008002d52       0x1e ./Drivers/LoRa_Drivers/Devices/SX126X/src/sx126x.o
                0x0000000008002d52                SX126xSetStopRxTimerOnPreambleDetect
 .text.SX126xSetLoRaSymbNumTimeout
                0x0000000008002d70       0x1e ./Drivers/LoRa_Drivers/Devices/SX126X/src/sx126x.o
                0x0000000008002d70                SX126xSetLoRaSymbNumTimeout
 .text.SX126xSetRegulatorMode
                0x0000000008002d8e       0x1e ./Drivers/LoRa_Drivers/Devices/SX126X/src/sx126x.o
                0x0000000008002d8e                SX126xSetRegulatorMode
 .text.SX126xCalibrateImage
                0x0000000008002dac       0x8c ./Drivers/LoRa_Drivers/Devices/SX126X/src/sx126x.o
                0x0000000008002dac                SX126xCalibrateImage
 .text.SX126xSetPaConfig
                0x0000000008002e38       0x44 ./Drivers/LoRa_Drivers/Devices/SX126X/src/sx126x.o
                0x0000000008002e38                SX126xSetPaConfig
 .text.SX126xSetDioIrqParams
                0x0000000008002e7c       0x74 ./Drivers/LoRa_Drivers/Devices/SX126X/src/sx126x.o
                0x0000000008002e7c                SX126xSetDioIrqParams
 .text.SX126xGetIrqStatus
                0x0000000008002ef0       0x2a ./Drivers/LoRa_Drivers/Devices/SX126X/src/sx126x.o
                0x0000000008002ef0                SX126xGetIrqStatus
 .text.SX126xSetDio2AsRfSwitchCtrl
                0x0000000008002f1a       0x1e ./Drivers/LoRa_Drivers/Devices/SX126X/src/sx126x.o
                0x0000000008002f1a                SX126xSetDio2AsRfSwitchCtrl
 .text.SX126xSetRfFrequency
                0x0000000008002f38       0x8c ./Drivers/LoRa_Drivers/Devices/SX126X/src/sx126x.o
                0x0000000008002f38                SX126xSetRfFrequency
 .text.SX126xSetPacketType
                0x0000000008002fc4       0x28 ./Drivers/LoRa_Drivers/Devices/SX126X/src/sx126x.o
                0x0000000008002fc4                SX126xSetPacketType
 .text.SX126xGetPacketType
                0x0000000008002fec       0x18 ./Drivers/LoRa_Drivers/Devices/SX126X/src/sx126x.o
                0x0000000008002fec                SX126xGetPacketType
 .text.SX126xSetTxParams
                0x0000000008003004       0xb6 ./Drivers/LoRa_Drivers/Devices/SX126X/src/sx126x.o
                0x0000000008003004                SX126xSetTxParams
 *fill*         0x00000000080030ba        0x6 
 .text.SX126xSetModulationParams
                0x00000000080030c0      0x13c ./Drivers/LoRa_Drivers/Devices/SX126X/src/sx126x.o
                0x00000000080030c0                SX126xSetModulationParams
 .text.SX126xSetPacketParams
                0x00000000080031fc      0x110 ./Drivers/LoRa_Drivers/Devices/SX126X/src/sx126x.o
                0x00000000080031fc                SX126xSetPacketParams
 .text.SX126xSetCadParams
                0x000000000800330c       0x64 ./Drivers/LoRa_Drivers/Devices/SX126X/src/sx126x.o
                0x000000000800330c                SX126xSetCadParams
 .text.SX126xSetBufferBaseAddress
                0x0000000008003370       0x2e ./Drivers/LoRa_Drivers/Devices/SX126X/src/sx126x.o
                0x0000000008003370                SX126xSetBufferBaseAddress
 .text.SX126xGetRssiInst
                0x000000000800339e       0x2a ./Drivers/LoRa_Drivers/Devices/SX126X/src/sx126x.o
                0x000000000800339e                SX126xGetRssiInst
 .text.SX126xGetRxBufferStatus
                0x00000000080033c8       0x5a ./Drivers/LoRa_Drivers/Devices/SX126X/src/sx126x.o
                0x00000000080033c8                SX126xGetRxBufferStatus
 *fill*         0x0000000008003422        0x2 
 .text.SX126xGetPacketStatus
                0x0000000008003424       0xbc ./Drivers/LoRa_Drivers/Devices/SX126X/src/sx126x.o
                0x0000000008003424                SX126xGetPacketStatus
 .text.SX126xClearIrqStatus
                0x00000000080034e0       0x30 ./Drivers/LoRa_Drivers/Devices/SX126X/src/sx126x.o
                0x00000000080034e0                SX126xClearIrqStatus
 .text.Init_Timer
                0x0000000008003510      0x624 ./Drivers/Module/user_timer/user_timer.o
                0x0000000008003510                Init_Timer
 .text.Tim_AddEvent
                0x0000000008003b34       0x6c ./Drivers/Module/user_timer/user_timer.o
                0x0000000008003b34                Tim_AddEvent
 .text.TIM2_IRQHandler
                0x0000000008003ba0       0x58 ./Drivers/Module/user_timer/user_timer.o
                0x0000000008003ba0                TIM2_IRQHandler
 .text.TIM3_IRQHandler
                0x0000000008003bf8       0x58 ./Drivers/Module/user_timer/user_timer.o
                0x0000000008003bf8                TIM3_IRQHandler
 .text.TIM4_IRQHandler
                0x0000000008003c50       0x48 ./Drivers/Module/user_timer/user_timer.o
                0x0000000008003c50                TIM4_IRQHandler
 .text.User_Uart_Init
                0x0000000008003c98      0x13c ./Drivers/Module/user_uart/User_Uart.o
                0x0000000008003c98                User_Uart_Init
 .text.User_Uart_AsyncTransmit
                0x0000000008003dd4       0xa4 ./Drivers/Module/user_uart/User_Uart.o
                0x0000000008003dd4                User_Uart_AsyncTransmit
 .text.User_Uart_Ipw_Init
                0x0000000008003e78       0x46 ./Drivers/Module/user_uart/User_Uart_Ipw.o
                0x0000000008003e78                User_Uart_Ipw_Init
 .text.User_Uart_Ipw_AsyncTransmit
                0x0000000008003ebe       0x60 ./Drivers/Module/user_uart/User_Uart_Ipw.o
                0x0000000008003ebe                User_Uart_Ipw_AsyncTransmit
 *fill*         0x0000000008003f1e        0x2 
 .text.User_Ip_Uart_SetBaudrate
                0x0000000008003f20       0xc8 ./Drivers/Module/user_uart/ip/uart/User_Ip_Uart.o
 .text.User_Ip_Uart_SetParityMode
                0x0000000008003fe8       0x60 ./Drivers/Module/user_uart/ip/uart/User_Ip_Uart.o
 .text.User_Ip_Uart_SetStopBitCount
                0x0000000008004048       0x36 ./Drivers/Module/user_uart/ip/uart/User_Ip_Uart.o
 *fill*         0x000000000800407e        0x2 
 .text.User_Ip_Uart_DeInit
                0x0000000008004080       0x48 ./Drivers/Module/user_uart/ip/uart/User_Ip_Uart.o
                0x0000000008004080                User_Ip_Uart_DeInit
 .text.User_Ip_Uart_Init
                0x00000000080040c8       0xd8 ./Drivers/Module/user_uart/ip/uart/User_Ip_Uart.o
                0x00000000080040c8                User_Ip_Uart_Init
 .text.User_Ip_Uart_GetChar
                0x00000000080041a0       0x1a ./Drivers/Module/user_uart/ip/uart/User_Ip_Uart.o
 .text.User_Ip_Uart_PutChar
                0x00000000080041ba       0x1e ./Drivers/Module/user_uart/ip/uart/User_Ip_Uart.o
 .text.User_Ip_Uart_StartAsyncTransmit
                0x00000000080041d8       0x20 ./Drivers/Module/user_uart/ip/uart/User_Ip_Uart.o
                0x00000000080041d8                User_Ip_Uart_StartAsyncTransmit
 .text.User_Ip_Uart_StopAsyncTransmit
                0x00000000080041f8       0x20 ./Drivers/Module/user_uart/ip/uart/User_Ip_Uart.o
 .text.User_Ip_Uart_GetBuffer
                0x0000000008004218       0x5c ./Drivers/Module/user_uart/ip/uart/User_Ip_Uart.o
 .text.User_Ip_Uart_WriteBuffer
                0x0000000008004274       0xf8 ./Drivers/Module/user_uart/ip/uart/User_Ip_Uart.o
                0x0000000008004274                User_Ip_Uart_WriteBuffer
 .text.User_Ip_Uart_TransmitBuffer
                0x000000000800436c       0x78 ./Drivers/Module/user_uart/ip/uart/User_Ip_Uart.o
 .text.User_Ip_Uart_ReceiveBuffer
                0x00000000080043e4       0x86 ./Drivers/Module/user_uart/ip/uart/User_Ip_Uart.o
 *fill*         0x000000000800446a        0x2 
 .text.User_Ip_Uart_IrqHandler
                0x000000000800446c       0x6c ./Drivers/Module/user_uart/ip/uart/User_Ip_Uart.o
 .text.UART4_IRQHandler
                0x00000000080044d8        0xe ./Drivers/Module/user_uart/ip/uart/User_Ip_Uart.o
                0x00000000080044d8                UART4_IRQHandler
 .text.UART5_IRQHandler
                0x00000000080044e6        0xe ./Drivers/Module/user_uart/ip/uart/User_Ip_Uart.o
                0x00000000080044e6                UART5_IRQHandler
 .text.User_Ip_Usart_SetBaudrate
                0x00000000080044f4       0xc8 ./Drivers/Module/user_uart/ip/usart/User_Ip_Usart.o
 .text.User_Ip_Usart_SetParityMode
                0x00000000080045bc       0x60 ./Drivers/Module/user_uart/ip/usart/User_Ip_Usart.o
 .text.User_Ip_Usart_SetStopBitCount
                0x000000000800461c       0x36 ./Drivers/Module/user_uart/ip/usart/User_Ip_Usart.o
 .text.User_Ip_Usart_DeInit
                0x0000000008004652       0x48 ./Drivers/Module/user_uart/ip/usart/User_Ip_Usart.o
                0x0000000008004652                User_Ip_Usart_DeInit
 *fill*         0x000000000800469a        0x2 
 .text.User_Ip_Usart_Init
                0x000000000800469c       0xdc ./Drivers/Module/user_uart/ip/usart/User_Ip_Usart.o
                0x000000000800469c                User_Ip_Usart_Init
 .text.User_Ip_Usart_GetChar
                0x0000000008004778       0x1a ./Drivers/Module/user_uart/ip/usart/User_Ip_Usart.o
 .text.User_Ip_Usart_PutChar
                0x0000000008004792       0x1e ./Drivers/Module/user_uart/ip/usart/User_Ip_Usart.o
 .text.User_Ip_Usart_StartAsyncTransmit
                0x00000000080047b0       0x20 ./Drivers/Module/user_uart/ip/usart/User_Ip_Usart.o
                0x00000000080047b0                User_Ip_Usart_StartAsyncTransmit
 .text.User_Ip_Usart_StopAsyncTransmit
                0x00000000080047d0       0x20 ./Drivers/Module/user_uart/ip/usart/User_Ip_Usart.o
 .text.User_Ip_Usart_GetBuffer
                0x00000000080047f0       0x6c ./Drivers/Module/user_uart/ip/usart/User_Ip_Usart.o
 .text.User_Ip_Usart_WriteBuffer
                0x000000000800485c       0xf8 ./Drivers/Module/user_uart/ip/usart/User_Ip_Usart.o
                0x000000000800485c                User_Ip_Usart_WriteBuffer
 .text.User_Ip_Usart_TransmitBuffer
                0x0000000008004954       0x78 ./Drivers/Module/user_uart/ip/usart/User_Ip_Usart.o
 .text.User_Ip_Usart_ReceiveBuffer
                0x00000000080049cc       0x86 ./Drivers/Module/user_uart/ip/usart/User_Ip_Usart.o
 *fill*         0x0000000008004a52        0x2 
 .text.User_Ip_Usart_IrqHandler
                0x0000000008004a54       0x74 ./Drivers/Module/user_uart/ip/usart/User_Ip_Usart.o
 .text.USART1_IRQHandler
                0x0000000008004ac8        0xe ./Drivers/Module/user_uart/ip/usart/User_Ip_Usart.o
                0x0000000008004ac8                USART1_IRQHandler
 .text.USART2_IRQHandler
                0x0000000008004ad6        0xe ./Drivers/Module/user_uart/ip/usart/User_Ip_Usart.o
                0x0000000008004ad6                USART2_IRQHandler
 .text.USART3_IRQHandler
                0x0000000008004ae4        0xe ./Drivers/Module/user_uart/ip/usart/User_Ip_Usart.o
                0x0000000008004ae4                USART3_IRQHandler
 .text.USART6_IRQHandler
                0x0000000008004af2        0xe ./Drivers/Module/user_uart/ip/usart/User_Ip_Usart.o
                0x0000000008004af2                USART6_IRQHandler
 .text.User_Slip_Init
                0x0000000008004b00       0x64 ./Drivers/Module/user_uart/protocol/slip/User_Slip.o
                0x0000000008004b00                User_Slip_Init
 .text.User_Slip_SendFrame
                0x0000000008004b64      0x108 ./Drivers/Module/user_uart/protocol/slip/User_Slip.o
                0x0000000008004b64                User_Slip_SendFrame
 .text.HAL_Init
                0x0000000008004c6c       0x44 ./Drivers/STM32F4xx_HAL_Driver/Src/stm32f4xx_hal.o
                0x0000000008004c6c                HAL_Init
 .text.HAL_InitTick
                0x0000000008004cb0       0x60 ./Drivers/STM32F4xx_HAL_Driver/Src/stm32f4xx_hal.o
                0x0000000008004cb0                HAL_InitTick
 .text.HAL_IncTick
                0x0000000008004d10       0x28 ./Drivers/STM32F4xx_HAL_Driver/Src/stm32f4xx_hal.o
                0x0000000008004d10                HAL_IncTick
 .text.HAL_GetTick
                0x0000000008004d38       0x18 ./Drivers/STM32F4xx_HAL_Driver/Src/stm32f4xx_hal.o
                0x0000000008004d38                HAL_GetTick
 .text.HAL_Delay
                0x0000000008004d50       0x48 ./Drivers/STM32F4xx_HAL_Driver/Src/stm32f4xx_hal.o
                0x0000000008004d50                HAL_Delay
 .text.__NVIC_SetPriorityGrouping
                0x0000000008004d98       0x48 ./Drivers/STM32F4xx_HAL_Driver/Src/stm32f4xx_hal_cortex.o
 .text.__NVIC_GetPriorityGrouping
                0x0000000008004de0       0x1c ./Drivers/STM32F4xx_HAL_Driver/Src/stm32f4xx_hal_cortex.o
 .text.__NVIC_EnableIRQ
                0x0000000008004dfc       0x3c ./Drivers/STM32F4xx_HAL_Driver/Src/stm32f4xx_hal_cortex.o
 .text.__NVIC_SetPriority
                0x0000000008004e38       0x54 ./Drivers/STM32F4xx_HAL_Driver/Src/stm32f4xx_hal_cortex.o
 .text.NVIC_EncodePriority
                0x0000000008004e8c       0x66 ./Drivers/STM32F4xx_HAL_Driver/Src/stm32f4xx_hal_cortex.o
 *fill*         0x0000000008004ef2        0x2 
 .text.SysTick_Config
                0x0000000008004ef4       0x44 ./Drivers/STM32F4xx_HAL_Driver/Src/stm32f4xx_hal_cortex.o
 .text.HAL_NVIC_SetPriorityGrouping
                0x0000000008004f38       0x16 ./Drivers/STM32F4xx_HAL_Driver/Src/stm32f4xx_hal_cortex.o
                0x0000000008004f38                HAL_NVIC_SetPriorityGrouping
 .text.HAL_NVIC_SetPriority
                0x0000000008004f4e       0x38 ./Drivers/STM32F4xx_HAL_Driver/Src/stm32f4xx_hal_cortex.o
                0x0000000008004f4e                HAL_NVIC_SetPriority
 .text.HAL_NVIC_EnableIRQ
                0x0000000008004f86       0x1c ./Drivers/STM32F4xx_HAL_Driver/Src/stm32f4xx_hal_cortex.o
                0x0000000008004f86                HAL_NVIC_EnableIRQ
 .text.HAL_SYSTICK_Config
                0x0000000008004fa2       0x18 ./Drivers/STM32F4xx_HAL_Driver/Src/stm32f4xx_hal_cortex.o
                0x0000000008004fa2                HAL_SYSTICK_Config
 *fill*         0x0000000008004fba        0x2 
 .text.HAL_GPIO_Init
                0x0000000008004fbc      0x338 ./Drivers/STM32F4xx_HAL_Driver/Src/stm32f4xx_hal_gpio.o
                0x0000000008004fbc                HAL_GPIO_Init
 .text.HAL_GPIO_ReadPin
                0x00000000080052f4       0x30 ./Drivers/STM32F4xx_HAL_Driver/Src/stm32f4xx_hal_gpio.o
                0x00000000080052f4                HAL_GPIO_ReadPin
 .text.HAL_GPIO_WritePin
                0x0000000008005324       0x32 ./Drivers/STM32F4xx_HAL_Driver/Src/stm32f4xx_hal_gpio.o
                0x0000000008005324                HAL_GPIO_WritePin
 .text.HAL_GPIO_TogglePin
                0x0000000008005356       0x34 ./Drivers/STM32F4xx_HAL_Driver/Src/stm32f4xx_hal_gpio.o
                0x0000000008005356                HAL_GPIO_TogglePin
 *fill*         0x000000000800538a        0x2 
 .text.HAL_RCC_OscConfig
                0x000000000800538c      0x4f0 ./Drivers/STM32F4xx_HAL_Driver/Src/stm32f4xx_hal_rcc.o
                0x000000000800538c                HAL_RCC_OscConfig
 .text.HAL_RCC_ClockConfig
                0x000000000800587c      0x1cc ./Drivers/STM32F4xx_HAL_Driver/Src/stm32f4xx_hal_rcc.o
                0x000000000800587c                HAL_RCC_ClockConfig
 .text.HAL_RCC_GetSysClockFreq
                0x0000000008005a48      0x1c4 ./Drivers/STM32F4xx_HAL_Driver/Src/stm32f4xx_hal_rcc.o
                0x0000000008005a48                HAL_RCC_GetSysClockFreq
 .text.HAL_RNG_Init
                0x0000000008005c0c       0x54 ./Drivers/STM32F4xx_HAL_Driver/Src/stm32f4xx_hal_rng.o
                0x0000000008005c0c                HAL_RNG_Init
 .text.HAL_RNG_GenerateRandomNumber
                0x0000000008005c60       0xac ./Drivers/STM32F4xx_HAL_Driver/Src/stm32f4xx_hal_rng.o
                0x0000000008005c60                HAL_RNG_GenerateRandomNumber
 .text.HAL_SPI_Init
                0x0000000008005d0c      0x112 ./Drivers/STM32F4xx_HAL_Driver/Src/stm32f4xx_hal_spi.o
                0x0000000008005d0c                HAL_SPI_Init
 .text.HAL_SPI_TransmitReceive
                0x0000000008005e1e      0x344 ./Drivers/STM32F4xx_HAL_Driver/Src/stm32f4xx_hal_spi.o
                0x0000000008005e1e                HAL_SPI_TransmitReceive
 *fill*         0x0000000008006162        0x2 
 .text.SPI_WaitFlagStateUntilTimeout
                0x0000000008006164      0x110 ./Drivers/STM32F4xx_HAL_Driver/Src/stm32f4xx_hal_spi.o
 .text.SPI_EndRxTxTransaction
                0x0000000008006274       0x84 ./Drivers/STM32F4xx_HAL_Driver/Src/stm32f4xx_hal_spi.o
 .text.calloc   0x00000000080062f8       0x10 e:/st/stm32cubeide_1.7.0/stm32cubeide/plugins/com.st.stm32cube.ide.mcu.externaltools.gnu-tools-for-stm32.9-2020-q2-update.win32_2.0.0.202105311346/tools/bin/../lib/gcc/arm-none-eabi/9.3.1/../../../../arm-none-eabi/lib/thumb/v7e-m+fp/hard\libc_nano.a(lib_a-calloc.o)
                0x00000000080062f8                calloc
 .text.__errno  0x0000000008006308        0xc e:/st/stm32cubeide_1.7.0/stm32cubeide/plugins/com.st.stm32cube.ide.mcu.externaltools.gnu-tools-for-stm32.9-2020-q2-update.win32_2.0.0.202105311346/tools/bin/../lib/gcc/arm-none-eabi/9.3.1/../../../../arm-none-eabi/lib/thumb/v7e-m+fp/hard\libc_nano.a(lib_a-errno.o)
                0x0000000008006308                __errno
 .text.__libc_init_array
                0x0000000008006314       0x48 e:/st/stm32cubeide_1.7.0/stm32cubeide/plugins/com.st.stm32cube.ide.mcu.externaltools.gnu-tools-for-stm32.9-2020-q2-update.win32_2.0.0.202105311346/tools/bin/../lib/gcc/arm-none-eabi/9.3.1/../../../../arm-none-eabi/lib/thumb/v7e-m+fp/hard\libc_nano.a(lib_a-init.o)
                0x0000000008006314                __libc_init_array
 .text.memcpy   0x000000000800635c       0x1c e:/st/stm32cubeide_1.7.0/stm32cubeide/plugins/com.st.stm32cube.ide.mcu.externaltools.gnu-tools-for-stm32.9-2020-q2-update.win32_2.0.0.202105311346/tools/bin/../lib/gcc/arm-none-eabi/9.3.1/../../../../arm-none-eabi/lib/thumb/v7e-m+fp/hard\libc_nano.a(lib_a-memcpy-stub.o)
                0x000000000800635c                memcpy
 .text.memset   0x0000000008006378       0x10 e:/st/stm32cubeide_1.7.0/stm32cubeide/plugins/com.st.stm32cube.ide.mcu.externaltools.gnu-tools-for-stm32.9-2020-q2-update.win32_2.0.0.202105311346/tools/bin/../lib/gcc/arm-none-eabi/9.3.1/../../../../arm-none-eabi/lib/thumb/v7e-m+fp/hard\libc_nano.a(lib_a-memset.o)
                0x0000000008006378                memset
 .text._calloc_r
                0x0000000008006388       0x1e e:/st/stm32cubeide_1.7.0/stm32cubeide/plugins/com.st.stm32cube.ide.mcu.externaltools.gnu-tools-for-stm32.9-2020-q2-update.win32_2.0.0.202105311346/tools/bin/../lib/gcc/arm-none-eabi/9.3.1/../../../../arm-none-eabi/lib/thumb/v7e-m+fp/hard\libc_nano.a(lib_a-nano-callocr.o)
                0x0000000008006388                _calloc_r
 *fill*         0x00000000080063a6        0x2 
 .text._malloc_r
                0x00000000080063a8       0xb4 e:/st/stm32cubeide_1.7.0/stm32cubeide/plugins/com.st.stm32cube.ide.mcu.externaltools.gnu-tools-for-stm32.9-2020-q2-update.win32_2.0.0.202105311346/tools/bin/../lib/gcc/arm-none-eabi/9.3.1/../../../../arm-none-eabi/lib/thumb/v7e-m+fp/hard\libc_nano.a(lib_a-nano-mallocr.o)
                0x00000000080063a8                _malloc_r
 .text._sbrk_r  0x000000000800645c       0x20 e:/st/stm32cubeide_1.7.0/stm32cubeide/plugins/com.st.stm32cube.ide.mcu.externaltools.gnu-tools-for-stm32.9-2020-q2-update.win32_2.0.0.202105311346/tools/bin/../lib/gcc/arm-none-eabi/9.3.1/../../../../arm-none-eabi/lib/thumb/v7e-m+fp/hard\libc_nano.a(lib_a-sbrkr.o)
                0x000000000800645c                _sbrk_r
 .text.strncmp  0x000000000800647c       0x24 e:/st/stm32cubeide_1.7.0/stm32cubeide/plugins/com.st.stm32cube.ide.mcu.externaltools.gnu-tools-for-stm32.9-2020-q2-update.win32_2.0.0.202105311346/tools/bin/../lib/gcc/arm-none-eabi/9.3.1/../../../../arm-none-eabi/lib/thumb/v7e-m+fp/hard\libc_nano.a(lib_a-strncmp.o)
                0x000000000800647c                strncmp
 .text.__malloc_lock
                0x00000000080064a0        0xc e:/st/stm32cubeide_1.7.0/stm32cubeide/plugins/com.st.stm32cube.ide.mcu.externaltools.gnu-tools-for-stm32.9-2020-q2-update.win32_2.0.0.202105311346/tools/bin/../lib/gcc/arm-none-eabi/9.3.1/../../../../arm-none-eabi/lib/thumb/v7e-m+fp/hard\libc_nano.a(lib_a-mlock.o)
                0x00000000080064a0                __malloc_lock
 .text.__malloc_unlock
                0x00000000080064ac        0xc e:/st/stm32cubeide_1.7.0/stm32cubeide/plugins/com.st.stm32cube.ide.mcu.externaltools.gnu-tools-for-stm32.9-2020-q2-update.win32_2.0.0.202105311346/tools/bin/../lib/gcc/arm-none-eabi/9.3.1/../../../../arm-none-eabi/lib/thumb/v7e-m+fp/hard\libc_nano.a(lib_a-mlock.o)
                0x00000000080064ac                __malloc_unlock
 .text.__retarget_lock_acquire_recursive
                0x00000000080064b8        0x2 e:/st/stm32cubeide_1.7.0/stm32cubeide/plugins/com.st.stm32cube.ide.mcu.externaltools.gnu-tools-for-stm32.9-2020-q2-update.win32_2.0.0.202105311346/tools/bin/../lib/gcc/arm-none-eabi/9.3.1/../../../../arm-none-eabi/lib/thumb/v7e-m+fp/hard\libc_nano.a(lib_a-lock.o)
                0x00000000080064b8                __retarget_lock_acquire_recursive
 .text.__retarget_lock_release_recursive
                0x00000000080064ba        0x2 e:/st/stm32cubeide_1.7.0/stm32cubeide/plugins/com.st.stm32cube.ide.mcu.externaltools.gnu-tools-for-stm32.9-2020-q2-update.win32_2.0.0.202105311346/tools/bin/../lib/gcc/arm-none-eabi/9.3.1/../../../../arm-none-eabi/lib/thumb/v7e-m+fp/hard\libc_nano.a(lib_a-lock.o)
                0x00000000080064ba                __retarget_lock_release_recursive
 *fill*         0x00000000080064bc        0x4 
 .text.ceil     0x00000000080064c0      0x108 e:/st/stm32cubeide_1.7.0/stm32cubeide/plugins/com.st.stm32cube.ide.mcu.externaltools.gnu-tools-for-stm32.9-2020-q2-update.win32_2.0.0.202105311346/tools/bin/../lib/gcc/arm-none-eabi/9.3.1/../../../../arm-none-eabi/lib/thumb/v7e-m+fp/hard\libm.a(lib_a-s_ceil.o)
                0x00000000080064c0                ceil
 .text.floor    0x00000000080065c8      0x100 e:/st/stm32cubeide_1.7.0/stm32cubeide/plugins/com.st.stm32cube.ide.mcu.externaltools.gnu-tools-for-stm32.9-2020-q2-update.win32_2.0.0.202105311346/tools/bin/../lib/gcc/arm-none-eabi/9.3.1/../../../../arm-none-eabi/lib/thumb/v7e-m+fp/hard\libm.a(lib_a-s_floor.o)
                0x00000000080065c8                floor
 .text.rint     0x00000000080066c8      0x114 e:/st/stm32cubeide_1.7.0/stm32cubeide/plugins/com.st.stm32cube.ide.mcu.externaltools.gnu-tools-for-stm32.9-2020-q2-update.win32_2.0.0.202105311346/tools/bin/../lib/gcc/arm-none-eabi/9.3.1/../../../../arm-none-eabi/lib/thumb/v7e-m+fp/hard\libm.a(lib_a-s_rint.o)
                0x00000000080066c8                rint
 *(.glue_7)
 .glue_7        0x00000000080067dc        0x0 linker stubs
 *(.glue_7t)
 .glue_7t       0x00000000080067dc        0x0 linker stubs
 *(.eh_frame)
 .eh_frame      0x00000000080067dc        0x0 e:/st/stm32cubeide_1.7.0/stm32cubeide/plugins/com.st.stm32cube.ide.mcu.externaltools.gnu-tools-for-stm32.9-2020-q2-update.win32_2.0.0.202105311346/tools/bin/../lib/gcc/arm-none-eabi/9.3.1/thumb/v7e-m+fp/hard/crtbegin.o
 *(.init)
 .init          0x00000000080067dc        0x4 e:/st/stm32cubeide_1.7.0/stm32cubeide/plugins/com.st.stm32cube.ide.mcu.externaltools.gnu-tools-for-stm32.9-2020-q2-update.win32_2.0.0.202105311346/tools/bin/../lib/gcc/arm-none-eabi/9.3.1/thumb/v7e-m+fp/hard/crti.o
                0x00000000080067dc                _init
 .init          0x00000000080067e0        0x8 e:/st/stm32cubeide_1.7.0/stm32cubeide/plugins/com.st.stm32cube.ide.mcu.externaltools.gnu-tools-for-stm32.9-2020-q2-update.win32_2.0.0.202105311346/tools/bin/../lib/gcc/arm-none-eabi/9.3.1/thumb/v7e-m+fp/hard/crtn.o
 *(.fini)
 .fini          0x00000000080067e8        0x4 e:/st/stm32cubeide_1.7.0/stm32cubeide/plugins/com.st.stm32cube.ide.mcu.externaltools.gnu-tools-for-stm32.9-2020-q2-update.win32_2.0.0.202105311346/tools/bin/../lib/gcc/arm-none-eabi/9.3.1/thumb/v7e-m+fp/hard/crti.o
                0x00000000080067e8                _fini
 .fini          0x00000000080067ec        0x8 e:/st/stm32cubeide_1.7.0/stm32cubeide/plugins/com.st.stm32cube.ide.mcu.externaltools.gnu-tools-for-stm32.9-2020-q2-update.win32_2.0.0.202105311346/tools/bin/../lib/gcc/arm-none-eabi/9.3.1/thumb/v7e-m+fp/hard/crtn.o
                0x00000000080067f4                . = ALIGN (0x4)
                0x00000000080067f4                _etext = .

.vfp11_veneer   0x00000000080067f4        0x0
 .vfp11_veneer  0x00000000080067f4        0x0 linker stubs

.v4_bx          0x00000000080067f4        0x0
 .v4_bx         0x00000000080067f4        0x0 linker stubs

.iplt           0x00000000080067f4        0x0
 .iplt          0x00000000080067f4        0x0 e:/st/stm32cubeide_1.7.0/stm32cubeide/plugins/com.st.stm32cube.ide.mcu.externaltools.gnu-tools-for-stm32.9-2020-q2-update.win32_2.0.0.202105311346/tools/bin/../lib/gcc/arm-none-eabi/9.3.1/thumb/v7e-m+fp/hard/crtbegin.o

.rodata         0x00000000080067f8      0x208
                0x00000000080067f8                . = ALIGN (0x4)
 *(.rodata)
 .rodata        0x00000000080067f8       0x27 ./Core/App/App_Test.o
 *fill*         0x000000000800681f        0x1 
 .rodata        0x0000000008006820       0x2d ./Drivers/LoRa_Drivers/Devices/SX126X/src/radio.o
 *fill*         0x000000000800684d        0x3 
 .rodata        0x0000000008006850       0x11 ./Drivers/LoRa_Drivers/Devices/SX126X/src/sx126x.o
 *(.rodata*)
 *fill*         0x0000000008006861        0x3 
 .rodata.AHBPrescTable
                0x0000000008006864       0x10 ./Core/Src/system_stm32f4xx.o
                0x0000000008006864                AHBPrescTable
 .rodata.Radio  0x0000000008006874       0x6c ./Drivers/LoRa_Drivers/Devices/SX126X/src/radio.o
                0x0000000008006874                Radio
 .rodata.FskBandwidths
                0x00000000080068e0       0xb0 ./Drivers/LoRa_Drivers/Devices/SX126X/src/radio.o
                0x00000000080068e0                FskBandwidths
 .rodata.Bandwidths
                0x0000000008006990        0x3 ./Drivers/LoRa_Drivers/Devices/SX126X/src/radio.o
                0x0000000008006990                Bandwidths
 *fill*         0x0000000008006993        0x1 
 .rodata.Max_Event_Time
                0x0000000008006994        0x5 ./Drivers/Module/user_timer/cfg/user_timer_cfg.o
                0x0000000008006994                Max_Event_Time
 *fill*         0x0000000008006999        0x3 
 .rodata.User_Uart_HwConfig
                0x000000000800699c       0x10 ./Drivers/Module/user_uart/cfg/User_Uart_Cfg.o
 .rodata.User_Ip_Uart_BaseAddress
                0x00000000080069ac       0x24 ./Drivers/Module/user_uart/ip/uart/User_Ip_Uart.o
 .rodata.User_Ip_Usart_BaseAddress
                0x00000000080069d0       0x1c ./Drivers/Module/user_uart/ip/usart/User_Ip_Usart.o
 *fill*         0x00000000080069ec        0x4 
 .rodata.TWO52  0x00000000080069f0       0x10 e:/st/stm32cubeide_1.7.0/stm32cubeide/plugins/com.st.stm32cube.ide.mcu.externaltools.gnu-tools-for-stm32.9-2020-q2-update.win32_2.0.0.202105311346/tools/bin/../lib/gcc/arm-none-eabi/9.3.1/../../../../arm-none-eabi/lib/thumb/v7e-m+fp/hard\libm.a(lib_a-s_rint.o)
                0x0000000008006a00                . = ALIGN (0x4)

.ARM.extab      0x0000000008006a00        0x0
                0x0000000008006a00                . = ALIGN (0x4)
 *(.ARM.extab* .gnu.linkonce.armextab.*)
                0x0000000008006a00                . = ALIGN (0x4)

.ARM            0x0000000008006a00        0x8
                0x0000000008006a00                . = ALIGN (0x4)
                0x0000000008006a00                __exidx_start = .
 *(.ARM.exidx*)
 .ARM.exidx     0x0000000008006a00        0x8 e:/st/stm32cubeide_1.7.0/stm32cubeide/plugins/com.st.stm32cube.ide.mcu.externaltools.gnu-tools-for-stm32.9-2020-q2-update.win32_2.0.0.202105311346/tools/bin/../lib/gcc/arm-none-eabi/9.3.1/thumb/v7e-m+fp/hard\libgcc.a(_udivmoddi4.o)
                0x0000000008006a08                __exidx_end = .
                0x0000000008006a08                . = ALIGN (0x4)

.rel.dyn        0x0000000008006a08        0x0
 .rel.iplt      0x0000000008006a08        0x0 e:/st/stm32cubeide_1.7.0/stm32cubeide/plugins/com.st.stm32cube.ide.mcu.externaltools.gnu-tools-for-stm32.9-2020-q2-update.win32_2.0.0.202105311346/tools/bin/../lib/gcc/arm-none-eabi/9.3.1/thumb/v7e-m+fp/hard/crtbegin.o

.preinit_array  0x0000000008006a08        0x0
                0x0000000008006a08                . = ALIGN (0x4)
                0x0000000008006a08                PROVIDE (__preinit_array_start = .)
 *(.preinit_array*)
                0x0000000008006a08                PROVIDE (__preinit_array_end = .)
                0x0000000008006a08                . = ALIGN (0x4)

.init_array     0x0000000008006a08        0x4
                0x0000000008006a08                . = ALIGN (0x4)
                0x0000000008006a08                PROVIDE (__init_array_start = .)
 *(SORT_BY_NAME(.init_array.*))
 *(.init_array*)
 .init_array    0x0000000008006a08        0x4 e:/st/stm32cubeide_1.7.0/stm32cubeide/plugins/com.st.stm32cube.ide.mcu.externaltools.gnu-tools-for-stm32.9-2020-q2-update.win32_2.0.0.202105311346/tools/bin/../lib/gcc/arm-none-eabi/9.3.1/thumb/v7e-m+fp/hard/crtbegin.o
                0x0000000008006a0c                PROVIDE (__init_array_end = .)
                0x0000000008006a0c                . = ALIGN (0x4)

.fini_array     0x0000000008006a0c        0x4
                0x0000000008006a0c                . = ALIGN (0x4)
                [!provide]                        PROVIDE (__fini_array_start = .)
 *(SORT_BY_NAME(.fini_array.*))
 *(.fini_array*)
 .fini_array    0x0000000008006a0c        0x4 e:/st/stm32cubeide_1.7.0/stm32cubeide/plugins/com.st.stm32cube.ide.mcu.externaltools.gnu-tools-for-stm32.9-2020-q2-update.win32_2.0.0.202105311346/tools/bin/../lib/gcc/arm-none-eabi/9.3.1/thumb/v7e-m+fp/hard/crtbegin.o
                [!provide]                        PROVIDE (__fini_array_end = .)
                0x0000000008006a10                . = ALIGN (0x4)
                0x0000000008006a10                _sidata = LOADADDR (.data)

.data           0x0000000020000000      0x18c load address 0x0000000008006a10
                0x0000000020000000                . = ALIGN (0x4)
                0x0000000020000000                _sdata = .
 *(.data)
 *(.data*)
 .data.Session_Current
                0x0000000020000000        0x8 ./Core/App/App_Test.o
                0x0000000020000000                Session_Current
 .data.SystemCoreClock
                0x0000000020000008        0x4 ./Core/Src/system_stm32f4xx.o
                0x0000000020000008                SystemCoreClock
 *fill*         0x000000002000000c        0x4 
 .data.RadioLoRaSymbTime
                0x0000000020000010       0x90 ./Drivers/LoRa_Drivers/Devices/SX126X/src/radio.o
 .data.MaxPayloadLength
                0x00000000200000a0        0x1 ./Drivers/LoRa_Drivers/Devices/SX126X/src/radio.o
                0x00000000200000a0                MaxPayloadLength
 .data.RxContinuous
                0x00000000200000a1        0x1 ./Drivers/LoRa_Drivers/Devices/SX126X/src/radio.o
                0x00000000200000a1                RxContinuous
 *fill*         0x00000000200000a2        0x2 
 .data.TRIGMode_Cfg
                0x00000000200000a4        0x8 ./Drivers/Module/user_timer/cfg/user_timer_cfg.o
                0x00000000200000a4                TRIGMode_Cfg
 .data.Tim2_chanel2_Cfg
                0x00000000200000ac       0x20 ./Drivers/Module/user_timer/cfg/user_timer_cfg.o
                0x00000000200000ac                Tim2_chanel2_Cfg
 .data.Tim2_BaseCfg
                0x00000000200000cc        0xc ./Drivers/Module/user_timer/cfg/user_timer_cfg.o
                0x00000000200000cc                Tim2_BaseCfg
 .data.Tim2_HW_Cfg
                0x00000000200000d8       0x24 ./Drivers/Module/user_timer/cfg/user_timer_cfg.o
                0x00000000200000d8                Tim2_HW_Cfg
 .data.Timer2_Cfg
                0x00000000200000fc        0x8 ./Drivers/Module/user_timer/cfg/user_timer_cfg.o
                0x00000000200000fc                Timer2_Cfg
 .data.User_Uart_ConfigPtr
                0x0000000020000104        0x8 ./Drivers/Module/user_uart/cfg/User_Uart_Cfg.o
                0x0000000020000104                User_Uart_ConfigPtr
 .data.User_Uart_IRQn
                0x000000002000010c        0x9 ./Drivers/Module/user_uart/ip/uart/User_Ip_Uart.o
 *fill*         0x0000000020000115        0x3 
 .data.User_Usart_IRQn
                0x0000000020000118        0x7 ./Drivers/Module/user_uart/ip/usart/User_Ip_Usart.o
 *fill*         0x000000002000011f        0x1 
 .data.uwTickPrio
                0x0000000020000120        0x4 ./Drivers/STM32F4xx_HAL_Driver/Src/stm32f4xx_hal.o
                0x0000000020000120                uwTickPrio
 .data.uwTickFreq
                0x0000000020000124        0x1 ./Drivers/STM32F4xx_HAL_Driver/Src/stm32f4xx_hal.o
                0x0000000020000124                uwTickFreq
 *fill*         0x0000000020000125        0x3 
 .data._impure_ptr
                0x0000000020000128        0x4 e:/st/stm32cubeide_1.7.0/stm32cubeide/plugins/com.st.stm32cube.ide.mcu.externaltools.gnu-tools-for-stm32.9-2020-q2-update.win32_2.0.0.202105311346/tools/bin/../lib/gcc/arm-none-eabi/9.3.1/../../../../arm-none-eabi/lib/thumb/v7e-m+fp/hard\libc_nano.a(lib_a-impure.o)
                0x0000000020000128                _impure_ptr
 .data.impure_data
                0x000000002000012c       0x60 e:/st/stm32cubeide_1.7.0/stm32cubeide/plugins/com.st.stm32cube.ide.mcu.externaltools.gnu-tools-for-stm32.9-2020-q2-update.win32_2.0.0.202105311346/tools/bin/../lib/gcc/arm-none-eabi/9.3.1/../../../../arm-none-eabi/lib/thumb/v7e-m+fp/hard\libc_nano.a(lib_a-impure.o)
 *(.RamFunc)
 *(.RamFunc*)
                0x000000002000018c                . = ALIGN (0x4)
                0x000000002000018c                _edata = .
                0x0000000008006b9c                _siccmram = LOADADDR (.ccmram)

.igot.plt       0x000000002000018c        0x0 load address 0x0000000008006b9c
 .igot.plt      0x000000002000018c        0x0 e:/st/stm32cubeide_1.7.0/stm32cubeide/plugins/com.st.stm32cube.ide.mcu.externaltools.gnu-tools-for-stm32.9-2020-q2-update.win32_2.0.0.202105311346/tools/bin/../lib/gcc/arm-none-eabi/9.3.1/thumb/v7e-m+fp/hard/crtbegin.o

.ccmram         0x0000000010000000        0x0 load address 0x0000000008006b9c
                0x0000000010000000                . = ALIGN (0x4)
                0x0000000010000000                _sccmram = .
 *(.ccmram)
 *(.ccmram*)
                0x0000000010000000                . = ALIGN (0x4)
                0x0000000010000000                _eccmram = .
                0x0000000010000000                . = ALIGN (0x4)

.bss            0x000000002000018c      0x600
                0x000000002000018c                _sbss = .
                0x000000002000018c                __bss_start__ = _sbss
 *(.bss)
 .bss           0x000000002000018c       0x1c e:/st/stm32cubeide_1.7.0/stm32cubeide/plugins/com.st.stm32cube.ide.mcu.externaltools.gnu-tools-for-stm32.9-2020-q2-update.win32_2.0.0.202105311346/tools/bin/../lib/gcc/arm-none-eabi/9.3.1/thumb/v7e-m+fp/hard/crtbegin.o
 *(.bss*)
 .bss.SessionID
                0x00000000200001a8        0x1 ./Core/App/App_Test.o
                0x00000000200001a8                SessionID
 *fill*         0x00000000200001a9        0x3 
 .bss.rnd       0x00000000200001ac        0x4 ./Core/App/App_Test.o
                0x00000000200001ac                rnd
 .bss.TransmitID
                0x00000000200001b0        0x1 ./Core/App/App_Test.o
                0x00000000200001b0                TransmitID
 .bss.enable_send
                0x00000000200001b1        0x1 ./Core/App/App_Test.o
                0x00000000200001b1                enable_send
 *fill*         0x00000000200001b2        0x2 
 .bss.__sbrk_heap_end
                0x00000000200001b4        0x4 ./Core/Src/sysmem.o
 .bss.TxTimeout
                0x00000000200001b8        0x4 ./Drivers/LoRa_Drivers/Devices/SX126X/src/radio.o
                0x00000000200001b8                TxTimeout
 .bss.RxTimeout
                0x00000000200001bc        0x4 ./Drivers/LoRa_Drivers/Devices/SX126X/src/radio.o
                0x00000000200001bc                RxTimeout
 .bss.IrqFired  0x00000000200001c0        0x1 ./Drivers/LoRa_Drivers/Devices/SX126X/src/radio.o
                0x00000000200001c0                IrqFired
 *fill*         0x00000000200001c1        0x3 
 .bss.RadioPublicNetwork
                0x00000000200001c4        0x2 ./Drivers/LoRa_Drivers/Devices/SX126X/src/radio.o
 *fill*         0x00000000200001c6        0x2 
 .bss.RadioEvents
                0x00000000200001c8        0x4 ./Drivers/LoRa_Drivers/Devices/SX126X/src/radio.o
 .bss.OperatingMode
                0x00000000200001cc        0x1 ./Drivers/LoRa_Drivers/Devices/SX126X/src/sx126x.o
 .bss.PacketType
                0x00000000200001cd        0x1 ./Drivers/LoRa_Drivers/Devices/SX126X/src/sx126x.o
 *fill*         0x00000000200001ce        0x2 
 .bss.FrequencyError
                0x00000000200001d0        0x4 ./Drivers/LoRa_Drivers/Devices/SX126X/src/sx126x.o
                0x00000000200001d0                FrequencyError
 .bss.ImageCalibrated
                0x00000000200001d4        0x1 ./Drivers/LoRa_Drivers/Devices/SX126X/src/sx126x.o
 *fill*         0x00000000200001d5        0x3 
 .bss.EventInterrupt
                0x00000000200001d8       0x64 ./Drivers/Module/user_timer/user_timer.o
 .bss.count_event.7873
                0x000000002000023c        0x5 ./Drivers/Module/user_timer/user_timer.o
 *fill*         0x0000000020000241        0x3 
 .bss.UartConfigPtr
                0x0000000020000244        0x4 ./Drivers/Module/user_uart/User_Uart.o
 .bss.Buffer_Uart4Channel
                0x0000000020000248       0x14 ./Drivers/Module/user_uart/ip/uart/User_Ip_Uart.o
 .bss.Buffer_Uart5Channel
                0x000000002000025c       0x14 ./Drivers/Module/user_uart/ip/uart/User_Ip_Uart.o
 .bss.Buffer_Uart7Channel
                0x0000000020000270       0x14 ./Drivers/Module/user_uart/ip/uart/User_Ip_Uart.o
 .bss.Buffer_Uart8Channel
                0x0000000020000284       0x14 ./Drivers/Module/user_uart/ip/uart/User_Ip_Uart.o
 .bss.Buffer_Usart0Channel
                0x0000000020000298       0x14 ./Drivers/Module/user_uart/ip/usart/User_Ip_Usart.o
 .bss.Buffer_Usart1Channel
                0x00000000200002ac       0x14 ./Drivers/Module/user_uart/ip/usart/User_Ip_Usart.o
 .bss.Buffer_Usart2Channel
                0x00000000200002c0       0x14 ./Drivers/Module/user_uart/ip/usart/User_Ip_Usart.o
 .bss.Buffer_Usart3Channel
                0x00000000200002d4       0x14 ./Drivers/Module/user_uart/ip/usart/User_Ip_Usart.o
 .bss.Buffer_Usart6Channel
                0x00000000200002e8       0x14 ./Drivers/Module/user_uart/ip/usart/User_Ip_Usart.o
 .bss.User_Slip_TxBuffer
                0x00000000200002fc       0x90 ./Drivers/Module/user_uart/protocol/slip/User_Slip.o
 .bss.User_Slip_RxBuffer
                0x000000002000038c       0x90 ./Drivers/Module/user_uart/protocol/slip/User_Slip.o
 .bss.__malloc_free_list
                0x000000002000041c        0x4 e:/st/stm32cubeide_1.7.0/stm32cubeide/plugins/com.st.stm32cube.ide.mcu.externaltools.gnu-tools-for-stm32.9-2020-q2-update.win32_2.0.0.202105311346/tools/bin/../lib/gcc/arm-none-eabi/9.3.1/../../../../arm-none-eabi/lib/thumb/v7e-m+fp/hard\libc_nano.a(lib_a-nano-mallocr.o)
                0x000000002000041c                __malloc_free_list
 .bss.__malloc_sbrk_start
                0x0000000020000420        0x4 e:/st/stm32cubeide_1.7.0/stm32cubeide/plugins/com.st.stm32cube.ide.mcu.externaltools.gnu-tools-for-stm32.9-2020-q2-update.win32_2.0.0.202105311346/tools/bin/../lib/gcc/arm-none-eabi/9.3.1/../../../../arm-none-eabi/lib/thumb/v7e-m+fp/hard\libc_nano.a(lib_a-nano-mallocr.o)
                0x0000000020000420                __malloc_sbrk_start
 *(COMMON)
 COMMON         0x0000000020000424      0x19c ./Core/App/App_Test.o
                0x0000000020000424                crc_value
                0x0000000020000428                RX_Buffer
                0x00000000200004a8                DataBuffer
                0x00000000200004dc                TX_Buffer
                0x000000002000055c                RxBuffer
 COMMON         0x00000000200005c0       0x10 ./Core/Src/rng.o
                0x00000000200005c0                hrng
 COMMON         0x00000000200005d0       0x58 ./Core/Src/spi.o
                0x00000000200005d0                hspi1
 COMMON         0x0000000020000628      0x150 ./Drivers/LoRa_Drivers/Devices/SX126X/src/radio.o
                0x0000000020000628                SX126x
                0x0000000020000664                RadioRxPayload
                0x0000000020000764                RadioPktStatus
 COMMON         0x0000000020000778        0x4 ./Drivers/STM32F4xx_HAL_Driver/Src/stm32f4xx_hal.o
                0x0000000020000778                uwTick
 COMMON         0x000000002000077c        0x4 e:/st/stm32cubeide_1.7.0/stm32cubeide/plugins/com.st.stm32cube.ide.mcu.externaltools.gnu-tools-for-stm32.9-2020-q2-update.win32_2.0.0.202105311346/tools/bin/../lib/gcc/arm-none-eabi/9.3.1/../../../../arm-none-eabi/lib/thumb/v7e-m+fp/hard\libc_nano.a(lib_a-reent.o)
                0x000000002000077c                errno
 COMMON         0x0000000020000780        0x9 e:/st/stm32cubeide_1.7.0/stm32cubeide/plugins/com.st.stm32cube.ide.mcu.externaltools.gnu-tools-for-stm32.9-2020-q2-update.win32_2.0.0.202105311346/tools/bin/../lib/gcc/arm-none-eabi/9.3.1/../../../../arm-none-eabi/lib/thumb/v7e-m+fp/hard\libc_nano.a(lib_a-lock.o)
                0x0000000020000780                __lock___atexit_recursive_mutex
                0x0000000020000781                __lock___arc4random_mutex
                0x0000000020000782                __lock___env_recursive_mutex
                0x0000000020000783                __lock___sinit_recursive_mutex
                0x0000000020000784                __lock___malloc_recursive_mutex
                0x0000000020000785                __lock___at_quick_exit_mutex
                0x0000000020000786                __lock___dd_hash_mutex
                0x0000000020000787                __lock___tz_mutex
                0x0000000020000788                __lock___sfp_recursive_mutex
                0x000000002000078c                . = ALIGN (0x4)
 *fill*         0x0000000020000789        0x3 
                0x000000002000078c                _ebss = .
                0x000000002000078c                __bss_end__ = _ebss

._user_heap_stack
                0x000000002000078c      0x604
                0x0000000020000790                . = ALIGN (0x8)
 *fill*         0x000000002000078c        0x4 
                [!provide]                        PROVIDE (end = .)
                0x0000000020000790                PROVIDE (_end = .)
                0x0000000020000990                . = (. + _Min_Heap_Size)
 *fill*         0x0000000020000790      0x200 
                0x0000000020000d90                . = (. + _Min_Stack_Size)
 *fill*         0x0000000020000990      0x400 
                0x0000000020000d90                . = ALIGN (0x8)

/DISCARD/
 libc.a(*)
 libm.a(*)
 libgcc.a(*)

.ARM.attributes
                0x0000000000000000       0x30
 *(.ARM.attributes)
 .ARM.attributes
                0x0000000000000000       0x1e e:/st/stm32cubeide_1.7.0/stm32cubeide/plugins/com.st.stm32cube.ide.mcu.externaltools.gnu-tools-for-stm32.9-2020-q2-update.win32_2.0.0.202105311346/tools/bin/../lib/gcc/arm-none-eabi/9.3.1/thumb/v7e-m+fp/hard/crti.o
 .ARM.attributes
                0x000000000000001e       0x34 e:/st/stm32cubeide_1.7.0/stm32cubeide/plugins/com.st.stm32cube.ide.mcu.externaltools.gnu-tools-for-stm32.9-2020-q2-update.win32_2.0.0.202105311346/tools/bin/../lib/gcc/arm-none-eabi/9.3.1/thumb/v7e-m+fp/hard/crtbegin.o
 .ARM.attributes
                0x0000000000000052       0x34 ./Core/App/App_Test.o
 .ARM.attributes
                0x0000000000000086       0x34 ./Core/Src/gpio.o
 .ARM.attributes
                0x00000000000000ba       0x34 ./Core/Src/main.o
 .ARM.attributes
                0x00000000000000ee       0x34 ./Core/Src/rng.o
 .ARM.attributes
                0x0000000000000122       0x34 ./Core/Src/spi.o
 .ARM.attributes
                0x0000000000000156       0x34 ./Core/Src/stm32f4xx_hal_msp.o
 .ARM.attributes
                0x000000000000018a       0x34 ./Core/Src/stm32f4xx_it.o
 .ARM.attributes
                0x00000000000001be       0x34 ./Core/Src/sysmem.o
 .ARM.attributes
                0x00000000000001f2       0x34 ./Core/Src/system_stm32f4xx.o
 .ARM.attributes
                0x0000000000000226       0x21 ./Core/Startup/startup_stm32f407vgtx.o
 .ARM.attributes
                0x0000000000000247       0x34 ./Drivers/LoRa_Drivers/Devices/SX126X/delay/my_delay.o
 .ARM.attributes
                0x000000000000027b       0x34 ./Drivers/LoRa_Drivers/Devices/SX126X/src/radio.o
 .ARM.attributes
                0x00000000000002af       0x34 ./Drivers/LoRa_Drivers/Devices/SX126X/src/sx126x-board.o
 .ARM.attributes
                0x00000000000002e3       0x34 ./Drivers/LoRa_Drivers/Devices/SX126X/src/sx126x.o
 .ARM.attributes
                0x0000000000000317       0x39 ./Drivers/Module/user_timer/cfg/user_timer_cfg.o
 .ARM.attributes
                0x0000000000000350       0x34 ./Drivers/Module/user_timer/user_timer.o
 .ARM.attributes
                0x0000000000000384       0x34 ./Drivers/Module/user_uart/User_Uart.o
 .ARM.attributes
                0x00000000000003b8       0x34 ./Drivers/Module/user_uart/User_Uart_Ipw.o
 .ARM.attributes
                0x00000000000003ec       0x39 ./Drivers/Module/user_uart/cfg/User_Uart_Cfg.o
 .ARM.attributes
                0x0000000000000425       0x34 ./Drivers/Module/user_uart/ip/uart/User_Ip_Uart.o
 .ARM.attributes
                0x0000000000000459       0x34 ./Drivers/Module/user_uart/ip/usart/User_Ip_Usart.o
 .ARM.attributes
                0x000000000000048d       0x34 ./Drivers/Module/user_uart/protocol/slip/User_Slip.o
 .ARM.attributes
                0x00000000000004c1       0x34 ./Drivers/STM32F4xx_HAL_Driver/Src/stm32f4xx_hal.o
 .ARM.attributes
                0x00000000000004f5       0x34 ./Drivers/STM32F4xx_HAL_Driver/Src/stm32f4xx_hal_cortex.o
 .ARM.attributes
                0x0000000000000529       0x34 ./Drivers/STM32F4xx_HAL_Driver/Src/stm32f4xx_hal_gpio.o
 .ARM.attributes
                0x000000000000055d       0x34 ./Drivers/STM32F4xx_HAL_Driver/Src/stm32f4xx_hal_rcc.o
 .ARM.attributes
                0x0000000000000591       0x34 ./Drivers/STM32F4xx_HAL_Driver/Src/stm32f4xx_hal_rng.o
 .ARM.attributes
                0x00000000000005c5       0x34 ./Drivers/STM32F4xx_HAL_Driver/Src/stm32f4xx_hal_spi.o
 .ARM.attributes
                0x00000000000005f9       0x34 e:/st/stm32cubeide_1.7.0/stm32cubeide/plugins/com.st.stm32cube.ide.mcu.externaltools.gnu-tools-for-stm32.9-2020-q2-update.win32_2.0.0.202105311346/tools/bin/../lib/gcc/arm-none-eabi/9.3.1/../../../../arm-none-eabi/lib/thumb/v7e-m+fp/hard\libc_nano.a(lib_a-calloc.o)
 .ARM.attributes
                0x000000000000062d       0x34 e:/st/stm32cubeide_1.7.0/stm32cubeide/plugins/com.st.stm32cube.ide.mcu.externaltools.gnu-tools-for-stm32.9-2020-q2-update.win32_2.0.0.202105311346/tools/bin/../lib/gcc/arm-none-eabi/9.3.1/../../../../arm-none-eabi/lib/thumb/v7e-m+fp/hard\libc_nano.a(lib_a-errno.o)
 .ARM.attributes
                0x0000000000000661       0x32 e:/st/stm32cubeide_1.7.0/stm32cubeide/plugins/com.st.stm32cube.ide.mcu.externaltools.gnu-tools-for-stm32.9-2020-q2-update.win32_2.0.0.202105311346/tools/bin/../lib/gcc/arm-none-eabi/9.3.1/../../../../arm-none-eabi/lib/thumb/v7e-m+fp/hard\libc_nano.a(lib_a-impure.o)
 .ARM.attributes
                0x0000000000000693       0x34 e:/st/stm32cubeide_1.7.0/stm32cubeide/plugins/com.st.stm32cube.ide.mcu.externaltools.gnu-tools-for-stm32.9-2020-q2-update.win32_2.0.0.202105311346/tools/bin/../lib/gcc/arm-none-eabi/9.3.1/../../../../arm-none-eabi/lib/thumb/v7e-m+fp/hard\libc_nano.a(lib_a-init.o)
 .ARM.attributes
                0x00000000000006c7       0x34 e:/st/stm32cubeide_1.7.0/stm32cubeide/plugins/com.st.stm32cube.ide.mcu.externaltools.gnu-tools-for-stm32.9-2020-q2-update.win32_2.0.0.202105311346/tools/bin/../lib/gcc/arm-none-eabi/9.3.1/../../../../arm-none-eabi/lib/thumb/v7e-m+fp/hard\libc_nano.a(lib_a-memcpy-stub.o)
 .ARM.attributes
                0x00000000000006fb       0x34 e:/st/stm32cubeide_1.7.0/stm32cubeide/plugins/com.st.stm32cube.ide.mcu.externaltools.gnu-tools-for-stm32.9-2020-q2-update.win32_2.0.0.202105311346/tools/bin/../lib/gcc/arm-none-eabi/9.3.1/../../../../arm-none-eabi/lib/thumb/v7e-m+fp/hard\libc_nano.a(lib_a-memset.o)
 .ARM.attributes
                0x000000000000072f       0x34 e:/st/stm32cubeide_1.7.0/stm32cubeide/plugins/com.st.stm32cube.ide.mcu.externaltools.gnu-tools-for-stm32.9-2020-q2-update.win32_2.0.0.202105311346/tools/bin/../lib/gcc/arm-none-eabi/9.3.1/../../../../arm-none-eabi/lib/thumb/v7e-m+fp/hard\libc_nano.a(lib_a-nano-callocr.o)
 .ARM.attributes
                0x0000000000000763       0x34 e:/st/stm32cubeide_1.7.0/stm32cubeide/plugins/com.st.stm32cube.ide.mcu.externaltools.gnu-tools-for-stm32.9-2020-q2-update.win32_2.0.0.202105311346/tools/bin/../lib/gcc/arm-none-eabi/9.3.1/../../../../arm-none-eabi/lib/thumb/v7e-m+fp/hard\libc_nano.a(lib_a-nano-mallocr.o)
 .ARM.attributes
                0x0000000000000797       0x34 e:/st/stm32cubeide_1.7.0/stm32cubeide/plugins/com.st.stm32cube.ide.mcu.externaltools.gnu-tools-for-stm32.9-2020-q2-update.win32_2.0.0.202105311346/tools/bin/../lib/gcc/arm-none-eabi/9.3.1/../../../../arm-none-eabi/lib/thumb/v7e-m+fp/hard\libc_nano.a(lib_a-sbrkr.o)
 .ARM.attributes
                0x00000000000007cb       0x34 e:/st/stm32cubeide_1.7.0/stm32cubeide/plugins/com.st.stm32cube.ide.mcu.externaltools.gnu-tools-for-stm32.9-2020-q2-update.win32_2.0.0.202105311346/tools/bin/../lib/gcc/arm-none-eabi/9.3.1/../../../../arm-none-eabi/lib/thumb/v7e-m+fp/hard\libc_nano.a(lib_a-strncmp.o)
 .ARM.attributes
                0x00000000000007ff       0x34 e:/st/stm32cubeide_1.7.0/stm32cubeide/plugins/com.st.stm32cube.ide.mcu.externaltools.gnu-tools-for-stm32.9-2020-q2-update.win32_2.0.0.202105311346/tools/bin/../lib/gcc/arm-none-eabi/9.3.1/../../../../arm-none-eabi/lib/thumb/v7e-m+fp/hard\libc_nano.a(lib_a-mlock.o)
 .ARM.attributes
                0x0000000000000833       0x34 e:/st/stm32cubeide_1.7.0/stm32cubeide/plugins/com.st.stm32cube.ide.mcu.externaltools.gnu-tools-for-stm32.9-2020-q2-update.win32_2.0.0.202105311346/tools/bin/../lib/gcc/arm-none-eabi/9.3.1/../../../../arm-none-eabi/lib/thumb/v7e-m+fp/hard\libc_nano.a(lib_a-reent.o)
 .ARM.attributes
                0x0000000000000867       0x34 e:/st/stm32cubeide_1.7.0/stm32cubeide/plugins/com.st.stm32cube.ide.mcu.externaltools.gnu-tools-for-stm32.9-2020-q2-update.win32_2.0.0.202105311346/tools/bin/../lib/gcc/arm-none-eabi/9.3.1/../../../../arm-none-eabi/lib/thumb/v7e-m+fp/hard\libc_nano.a(lib_a-lock.o)
 .ARM.attributes
                0x000000000000089b       0x34 e:/st/stm32cubeide_1.7.0/stm32cubeide/plugins/com.st.stm32cube.ide.mcu.externaltools.gnu-tools-for-stm32.9-2020-q2-update.win32_2.0.0.202105311346/tools/bin/../lib/gcc/arm-none-eabi/9.3.1/../../../../arm-none-eabi/lib/thumb/v7e-m+fp/hard\libm.a(lib_a-s_ceil.o)
 .ARM.attributes
                0x00000000000008cf       0x34 e:/st/stm32cubeide_1.7.0/stm32cubeide/plugins/com.st.stm32cube.ide.mcu.externaltools.gnu-tools-for-stm32.9-2020-q2-update.win32_2.0.0.202105311346/tools/bin/../lib/gcc/arm-none-eabi/9.3.1/../../../../arm-none-eabi/lib/thumb/v7e-m+fp/hard\libm.a(lib_a-s_floor.o)
 .ARM.attributes
                0x0000000000000903       0x34 e:/st/stm32cubeide_1.7.0/stm32cubeide/plugins/com.st.stm32cube.ide.mcu.externaltools.gnu-tools-for-stm32.9-2020-q2-update.win32_2.0.0.202105311346/tools/bin/../lib/gcc/arm-none-eabi/9.3.1/../../../../arm-none-eabi/lib/thumb/v7e-m+fp/hard\libm.a(lib_a-s_rint.o)
 .ARM.attributes
                0x0000000000000937       0x1e e:/st/stm32cubeide_1.7.0/stm32cubeide/plugins/com.st.stm32cube.ide.mcu.externaltools.gnu-tools-for-stm32.9-2020-q2-update.win32_2.0.0.202105311346/tools/bin/../lib/gcc/arm-none-eabi/9.3.1/thumb/v7e-m+fp/hard\libgcc.a(_arm_addsubdf3.o)
 .ARM.attributes
                0x0000000000000955       0x1e e:/st/stm32cubeide_1.7.0/stm32cubeide/plugins/com.st.stm32cube.ide.mcu.externaltools.gnu-tools-for-stm32.9-2020-q2-update.win32_2.0.0.202105311346/tools/bin/../lib/gcc/arm-none-eabi/9.3.1/thumb/v7e-m+fp/hard\libgcc.a(_arm_muldivdf3.o)
 .ARM.attributes
                0x0000000000000973       0x1e e:/st/stm32cubeide_1.7.0/stm32cubeide/plugins/com.st.stm32cube.ide.mcu.externaltools.gnu-tools-for-stm32.9-2020-q2-update.win32_2.0.0.202105311346/tools/bin/../lib/gcc/arm-none-eabi/9.3.1/thumb/v7e-m+fp/hard\libgcc.a(_arm_cmpdf2.o)
 .ARM.attributes
                0x0000000000000991       0x1e e:/st/stm32cubeide_1.7.0/stm32cubeide/plugins/com.st.stm32cube.ide.mcu.externaltools.gnu-tools-for-stm32.9-2020-q2-update.win32_2.0.0.202105311346/tools/bin/../lib/gcc/arm-none-eabi/9.3.1/thumb/v7e-m+fp/hard\libgcc.a(_arm_fixunsdfsi.o)
 .ARM.attributes
                0x00000000000009af       0x1e e:/st/stm32cubeide_1.7.0/stm32cubeide/plugins/com.st.stm32cube.ide.mcu.externaltools.gnu-tools-for-stm32.9-2020-q2-update.win32_2.0.0.202105311346/tools/bin/../lib/gcc/arm-none-eabi/9.3.1/thumb/v7e-m+fp/hard\libgcc.a(_aeabi_uldivmod.o)
 .ARM.attributes
                0x00000000000009cd       0x34 e:/st/stm32cubeide_1.7.0/stm32cubeide/plugins/com.st.stm32cube.ide.mcu.externaltools.gnu-tools-for-stm32.9-2020-q2-update.win32_2.0.0.202105311346/tools/bin/../lib/gcc/arm-none-eabi/9.3.1/thumb/v7e-m+fp/hard\libgcc.a(_udivmoddi4.o)
 .ARM.attributes
                0x0000000000000a01       0x1e e:/st/stm32cubeide_1.7.0/stm32cubeide/plugins/com.st.stm32cube.ide.mcu.externaltools.gnu-tools-for-stm32.9-2020-q2-update.win32_2.0.0.202105311346/tools/bin/../lib/gcc/arm-none-eabi/9.3.1/thumb/v7e-m+fp/hard\libgcc.a(_dvmd_tls.o)
 .ARM.attributes
                0x0000000000000a1f       0x1e e:/st/stm32cubeide_1.7.0/stm32cubeide/plugins/com.st.stm32cube.ide.mcu.externaltools.gnu-tools-for-stm32.9-2020-q2-update.win32_2.0.0.202105311346/tools/bin/../lib/gcc/arm-none-eabi/9.3.1/thumb/v7e-m+fp/hard/crtn.o
OUTPUT(My_Spi_Driver.elf elf32-littlearm)
LOAD linker stubs
LOAD e:/st/stm32cubeide_1.7.0/stm32cubeide/plugins/com.st.stm32cube.ide.mcu.externaltools.gnu-tools-for-stm32.9-2020-q2-update.win32_2.0.0.202105311346/tools/bin/../lib/gcc/arm-none-eabi/9.3.1/../../../../arm-none-eabi/lib/thumb/v7e-m+fp/hard\libc.a
LOAD e:/st/stm32cubeide_1.7.0/stm32cubeide/plugins/com.st.stm32cube.ide.mcu.externaltools.gnu-tools-for-stm32.9-2020-q2-update.win32_2.0.0.202105311346/tools/bin/../lib/gcc/arm-none-eabi/9.3.1/../../../../arm-none-eabi/lib/thumb/v7e-m+fp/hard\libm.a
LOAD e:/st/stm32cubeide_1.7.0/stm32cubeide/plugins/com.st.stm32cube.ide.mcu.externaltools.gnu-tools-for-stm32.9-2020-q2-update.win32_2.0.0.202105311346/tools/bin/../lib/gcc/arm-none-eabi/9.3.1/thumb/v7e-m+fp/hard\libgcc.a

.debug_info     0x0000000000000000    0x15786
 .debug_info    0x0000000000000000     0x19b7 ./Core/App/App_Test.o
 .debug_info    0x00000000000019b7      0x52f ./Core/Src/gpio.o
 .debug_info    0x0000000000001ee6     0x1ca4 ./Core/Src/main.o
 .debug_info    0x0000000000003b8a      0x50a ./Core/Src/rng.o
 .debug_info    0x0000000000004094      0xa5a ./Core/Src/spi.o
 .debug_info    0x0000000000004aee      0x394 ./Core/Src/stm32f4xx_hal_msp.o
 .debug_info    0x0000000000004e82      0x222 ./Core/Src/stm32f4xx_it.o
 .debug_info    0x00000000000050a4      0xa25 ./Core/Src/sysmem.o
 .debug_info    0x0000000000005ac9      0x5a4 ./Core/Src/system_stm32f4xx.o
 .debug_info    0x000000000000606d       0x22 ./Core/Startup/startup_stm32f407vgtx.o
 .debug_info    0x000000000000608f      0x1a2 ./Drivers/LoRa_Drivers/Devices/SX126X/delay/my_delay.o
 .debug_info    0x0000000000006231     0x2259 ./Drivers/LoRa_Drivers/Devices/SX126X/src/radio.o
 .debug_info    0x000000000000848a     0x172b ./Drivers/LoRa_Drivers/Devices/SX126X/src/sx126x-board.o
 .debug_info    0x0000000000009bb5     0x2078 ./Drivers/LoRa_Drivers/Devices/SX126X/src/sx126x.o
 .debug_info    0x000000000000bc2d      0x42a ./Drivers/Module/user_timer/cfg/user_timer_cfg.o
 .debug_info    0x000000000000c057      0xce3 ./Drivers/Module/user_timer/user_timer.o
 .debug_info    0x000000000000cd3a      0x671 ./Drivers/Module/user_uart/User_Uart.o
 .debug_info    0x000000000000d3ab      0x4f3 ./Drivers/Module/user_uart/User_Uart_Ipw.o
 .debug_info    0x000000000000d89e      0x2d8 ./Drivers/Module/user_uart/cfg/User_Uart_Cfg.o
 .debug_info    0x000000000000db76     0x1376 ./Drivers/Module/user_uart/ip/uart/User_Ip_Uart.o
 .debug_info    0x000000000000eeec     0x1371 ./Drivers/Module/user_uart/ip/usart/User_Ip_Usart.o
 .debug_info    0x000000000001025d      0xd75 ./Drivers/Module/user_uart/protocol/slip/User_Slip.o
 .debug_info    0x0000000000010fd2      0x9b2 ./Drivers/STM32F4xx_HAL_Driver/Src/stm32f4xx_hal.o
 .debug_info    0x0000000000011984      0xed7 ./Drivers/STM32F4xx_HAL_Driver/Src/stm32f4xx_hal_cortex.o
 .debug_info    0x000000000001285b      0x83e ./Drivers/STM32F4xx_HAL_Driver/Src/stm32f4xx_hal_gpio.o
 .debug_info    0x0000000000013099      0x996 ./Drivers/STM32F4xx_HAL_Driver/Src/stm32f4xx_hal_rcc.o
 .debug_info    0x0000000000013a2f      0x597 ./Drivers/STM32F4xx_HAL_Driver/Src/stm32f4xx_hal_rng.o
 .debug_info    0x0000000000013fc6     0x17c0 ./Drivers/STM32F4xx_HAL_Driver/Src/stm32f4xx_hal_spi.o

.debug_abbrev   0x0000000000000000     0x36f8
 .debug_abbrev  0x0000000000000000      0x345 ./Core/App/App_Test.o
 .debug_abbrev  0x0000000000000345      0x14e ./Core/Src/gpio.o
 .debug_abbrev  0x0000000000000493      0x276 ./Core/Src/main.o
 .debug_abbrev  0x0000000000000709      0x177 ./Core/Src/rng.o
 .debug_abbrev  0x0000000000000880      0x1bb ./Core/Src/spi.o
 .debug_abbrev  0x0000000000000a3b      0x11d ./Core/Src/stm32f4xx_hal_msp.o
 .debug_abbrev  0x0000000000000b58       0xd2 ./Core/Src/stm32f4xx_it.o
 .debug_abbrev  0x0000000000000c2a      0x1bf ./Core/Src/sysmem.o
 .debug_abbrev  0x0000000000000de9      0x145 ./Core/Src/system_stm32f4xx.o
 .debug_abbrev  0x0000000000000f2e       0x12 ./Core/Startup/startup_stm32f407vgtx.o
 .debug_abbrev  0x0000000000000f40       0xc9 ./Drivers/LoRa_Drivers/Devices/SX126X/delay/my_delay.o
 .debug_abbrev  0x0000000000001009      0x394 ./Drivers/LoRa_Drivers/Devices/SX126X/src/radio.o
 .debug_abbrev  0x000000000000139d      0x253 ./Drivers/LoRa_Drivers/Devices/SX126X/src/sx126x-board.o
 .debug_abbrev  0x00000000000015f0      0x3a4 ./Drivers/LoRa_Drivers/Devices/SX126X/src/sx126x.o
 .debug_abbrev  0x0000000000001994       0xf6 ./Drivers/Module/user_timer/cfg/user_timer_cfg.o
 .debug_abbrev  0x0000000000001a8a      0x24b ./Drivers/Module/user_timer/user_timer.o
 .debug_abbrev  0x0000000000001cd5      0x1ac ./Drivers/Module/user_uart/User_Uart.o
 .debug_abbrev  0x0000000000001e81      0x158 ./Drivers/Module/user_uart/User_Uart_Ipw.o
 .debug_abbrev  0x0000000000001fd9      0x109 ./Drivers/Module/user_uart/cfg/User_Uart_Cfg.o
 .debug_abbrev  0x00000000000020e2      0x2ff ./Drivers/Module/user_uart/ip/uart/User_Ip_Uart.o
 .debug_abbrev  0x00000000000023e1      0x2ff ./Drivers/Module/user_uart/ip/usart/User_Ip_Usart.o
 .debug_abbrev  0x00000000000026e0      0x23b ./Drivers/Module/user_uart/protocol/slip/User_Slip.o
 .debug_abbrev  0x000000000000291b      0x1ed ./Drivers/STM32F4xx_HAL_Driver/Src/stm32f4xx_hal.o
 .debug_abbrev  0x0000000000002b08      0x33c ./Drivers/STM32F4xx_HAL_Driver/Src/stm32f4xx_hal_cortex.o
 .debug_abbrev  0x0000000000002e44      0x1f1 ./Drivers/STM32F4xx_HAL_Driver/Src/stm32f4xx_hal_gpio.o
 .debug_abbrev  0x0000000000003035      0x275 ./Drivers/STM32F4xx_HAL_Driver/Src/stm32f4xx_hal_rcc.o
 .debug_abbrev  0x00000000000032aa      0x1e0 ./Drivers/STM32F4xx_HAL_Driver/Src/stm32f4xx_hal_rng.o
 .debug_abbrev  0x000000000000348a      0x26e ./Drivers/STM32F4xx_HAL_Driver/Src/stm32f4xx_hal_spi.o

.debug_aranges  0x0000000000000000      0xdb0
 .debug_aranges
                0x0000000000000000       0x78 ./Core/App/App_Test.o
 .debug_aranges
                0x0000000000000078       0x20 ./Core/Src/gpio.o
 .debug_aranges
                0x0000000000000098       0x38 ./Core/Src/main.o
 .debug_aranges