User_Ip_Usart.c:32:23:User_Ip_Usart_SetBaudrate	40	static
User_Ip_Usart.c:63:13:User_Ip_Usart_SetParityMode	24	static
User_Ip_Usart.c:79:13:User_Ip_Usart_SetStopBitCount	16	static
User_Ip_Usart.c:85:6:User_Ip_Usart_DeInit	24	static
User_Ip_Usart.c:100:6:User_Ip_Usart_Init	32	static
User_Ip_Usart.c:148:23:User_Ip_Usart_GetChar	16	static
User_Ip_Usart.c:153:20:User_Ip_Usart_PutChar	16	static
User_Ip_Usart.c:158:6:User_Ip_Usart_StartAsyncTransmit	16	static
User_Ip_Usart.c:163:20:User_Ip_Usart_StopAsyncTransmit	16	static
User_Ip_Usart.c:168:36:User_Ip_Usart_GetBuffer	24	static
User_Ip_Usart.c:201:16:User_Ip_Usart_WriteBuffer	32	static
User_Ip_Usart.c:247:16:User_Ip_Usart_DeleteRxData	24	static
User_Ip_Usart.c:276:16:User_Ip_Usart_FindByte	24	static
User_Ip_Usart.c:306:16:User_Ip_Usart_ReadByte	24	static
User_Ip_Usart.c:330:16:User_Ip_Usart_ReadBuffer	32	static
User_Ip_Usart.c:372:20:User_Ip_Usart_TransmitBuffer	24	static
User_Ip_Usart.c:394:13:User_Ip_Usart_ReceiveBuffer	24	static
User_Ip_Usart.c:421:13:User_Ip_Usart_IrqHandler	32	static
User_Ip_Usart.c:461:6:USART1_IRQHandler	8	static
User_Ip_Usart.c:466:6:USART2_IRQHandler	8	static
User_Ip_Usart.c:471:6:USART3_IRQHandler	8	static
User_Ip_Usart.c:476:6:USART6_IRQHandler	8	static
