radio.c:483:16:RadioGetFskBandwidthRegValue	24	static
radio.c:503:6:RadioInit	16	static
radio.c:522:14:RadioGetStatus	8	static
radio.c:537:6:RadioSetModem	16	static
radio.c:560:6:RadioSetChannel	16	static
radio.c:565:6:RadioIsChannelFree	32	static
radio.c:597:10:RadioRandom	16	static
radio.c:623:6:RadioSetRxConfig	40	static
radio.c:735:6:RadioSetTxConfig	32	static
radio.c:828:6:RadioCheckRfFrequency	16	static
radio.c:833:10:RadioTimeOnAir	80	static
radio.c:873:6:RadioSend	16	static
radio.c:893:6:RadioSleep	16	static
radio.c:903:6:RadioStandby	8	static
radio.c:908:6:RadioRx	16	static
radio.c:926:6:RadioRxBoosted	16	static
radio.c:944:6:RadioSetRxDutyCycle	16	static
radio.c:949:6:RadioStartCad	8	static
radio.c:954:6:RadioTx	16	static
radio.c:959:6:RadioSetTxContinuousWave	16	static
radio.c:969:9:RadioRssi	16	static
radio.c:974:6:RadioWrite	16	static
radio.c:979:9:RadioRead	16	static
radio.c:984:6:RadioWriteBuffer	16	static
radio.c:989:6:RadioReadBuffer	16	static
radio.c:994:6:RadioWriteFifo	16	static
radio.c:999:6:RadioReadFifo	16	static
radio.c:1004:6:RadioSetMaxPayloadLength	16	static
radio.c:1021:6:RadioSetPublicNetwork	16	static
radio.c:1040:10:RadioGetWakeupTime	4	static
radio.c:1045:6:RadioOnTxTimeoutIrq	8	static
radio.c:1053:6:RadioOnRxTimeoutIrq	8	static
radio.c:1061:6:RadioOnDioIrq	4	static
radio.c:1066:6:RadioIrqProcess	24	static
