User_Ip_Uart.c:30:23:User_Ip_Uart_SetBaudrate	40	static
User_Ip_Uart.c:61:13:User_Ip_Uart_SetParityMode	24	static
User_Ip_Uart.c:77:13:User_Ip_Uart_SetStopBitCount	16	static
User_Ip_Uart.c:83:6:User_Ip_Uart_DeInit	24	static
User_Ip_Uart.c:102:6:User_Ip_Uart_Init	32	static
User_Ip_Uart.c:151:23:User_Ip_Uart_GetChar	16	static
User_Ip_Uart.c:156:20:User_Ip_Uart_PutChar	16	static
User_Ip_Uart.c:161:6:User_Ip_Uart_StartAsyncTransmit	16	static
User_Ip_Uart.c:166:20:User_Ip_Uart_StopAsyncTransmit	16	static
User_Ip_Uart.c:171:35:User_Ip_Uart_GetBuffer	24	static
User_Ip_Uart.c:200:16:User_Ip_Uart_WriteBuffer	32	static
User_Ip_Uart.c:245:16:User_Ip_Uart_FindByte	24	static
User_Ip_Uart.c:275:16:User_Ip_Uart_DeleteRxData	24	static
User_Ip_Uart.c:304:16:User_Ip_Uart_ReadByte	24	static
User_Ip_Uart.c:327:16:User_Ip_Uart_ReadBuffer	32	static
User_Ip_Uart.c:369:20:User_Ip_Uart_TransmitBuffer	24	static
User_Ip_Uart.c:391:13:User_Ip_Uart_ReceiveBuffer	24	static
User_Ip_Uart.c:418:13:User_Ip_Uart_IrqHandler	24	static
User_Ip_Uart.c:458:6:UART4_IRQHandler	8	static
User_Ip_Uart.c:463:6:UART5_IRQHandler	8	static
User_Ip_Uart.c:468:6:UART7_IRQHandler	8	static
User_Ip_Uart.c:473:6:UART8_IRQHandler	8	static
