User_Ip_Uart.c:30:23:User_Ip_Uart_SetBaudrate	40	static
User_Ip_Uart.c:61:13:User_Ip_Uart_SetParityMode	24	static
User_Ip_Uart.c:77:13:User_Ip_Uart_SetStopBitCount	16	static
User_Ip_Uart.c:83:6:User_Ip_Uart_DeInit	24	static
User_Ip_Uart.c:104:6:User_Ip_Uart_Init	32	static
User_Ip_Uart.c:153:23:User_Ip_Uart_GetChar	16	static
User_Ip_Uart.c:158:20:User_Ip_Uart_PutChar	16	static
User_Ip_Uart.c:163:6:User_Ip_Uart_StartAsyncTransmit	16	static
User_Ip_Uart.c:168:20:User_Ip_Uart_StopAsyncTransmit	16	static
User_Ip_Uart.c:173:35:User_Ip_Uart_GetBuffer	24	static
User_Ip_Uart.c:202:16:User_Ip_Uart_WriteBuffer	32	static
User_Ip_Uart.c:247:16:User_Ip_Uart_FindByte	24	static
User_Ip_Uart.c:277:16:User_Ip_Uart_DeleteRxData	24	static
User_Ip_Uart.c:306:16:User_Ip_Uart_ReadByte	24	static
User_Ip_Uart.c:329:16:User_Ip_Uart_ReadBuffer	32	static
User_Ip_Uart.c:371:20:User_Ip_Uart_TransmitBuffer	24	static
User_Ip_Uart.c:393:13:User_Ip_Uart_ReceiveBuffer	24	static
User_Ip_Uart.c:420:13:User_Ip_Uart_IrqHandler	24	static
User_Ip_Uart.c:460:6:UART4_IRQHandler	8	static
User_Ip_Uart.c:465:6:UART5_IRQHandler	8	static
User_Ip_Uart.c:470:6:UART7_IRQHandler	8	static
User_Ip_Uart.c:475:6:UART8_IRQHandler	8	static
