sx1276.c:212:6:SX1276SetAntSwLowPower	16	static
sx1276.c:233:6:SX1276Init	24	static
sx1276.c:261:14:SX1276GetStatus	4	static
sx1276.c:266:6:SX1276SetChannel	16	static
sx1276.c:275:6:SX1276IsChannelFree	24	static
sx1276.c:298:10:SX1276Random	16	static
sx1276.c:339:13:RxChainCalibration	24	static
sx1276.c:379:16:GetFskBandwidthRegValue	24	static
sx1276.c:394:6:SX1276SetRxConfig	24	static
sx1276.c:562:6:SX1276SetTxConfig	32	static
sx1276.c:754:10:SX1276GetTimeOnAir	96	static
sx1276.c:840:6:SX1276Send	24	static
sx1276.c:914:6:SX1276SetSleep	8	static
sx1276.c:923:6:SX1276SetStby	8	static
sx1276.c:932:6:SX1276SetRx	32	static
sx1276.c:1101:6:SX1276SetTx	16	static
sx1276.c:1163:6:SX1276StartCad	8	static
sx1276.c:1196:9:SX1276ReadRssi	24	static
sx1276.c:1222:6:SX1276SetOpMode	16	static
sx1276.c:1243:6:SX1276SetModem	16	static
sx1276.c:1271:6:SX1276Write	16	static
sx1276.c:1276:9:SX1276Read	24	static
sx1276.c:1283:6:SX1276WriteBuffer	24	static
sx1276.c:1295:6:SX1276ReadBuffer	32	static
sx1276.c:1307:6:SX1276WriteFifo	16	static
sx1276.c:1312:6:SX1276ReadFifo	16	static
sx1276.c:1317:6:SX1276SetMaxPayloadLength	16	static
sx1276.c:1335:6:SX1276OnTimeoutIrq	16	static
sx1276.c:1387:6:SX1276OnDio0Irq	24	static
sx1276.c:1596:6:SX1276OnDio1Irq	8	static
sx1276.c:1683:6:SX1276OnDio2Irq	16	static
sx1276.c:1747:6:SX1276OnDio3Irq	8	static
sx1276.c:1778:6:SX1276OnDio4Irq	4	static
sx1276.c:1797:6:SX1276OnDio5Irq	4	static
sx1276.c:1814:9:SX1276GetPaSelect	16	static
sx1276.c:1828:6:SX1276AntSwInit	4	static
sx1276.c:1835:6:SX1276AntSwDeInit	4	static
sx1276.c:1842:6:SX1276SetAntSw	16	static
