sx1276.c:212:6:SX1276SetAntSwLowPower	16	static
sx1276.c:233:6:SX1276Init	24	static
sx1276.c:261:14:SX1276GetStatus	4	static
sx1276.c:266:6:SX1276SetChannel	16	static
sx1276.c:275:6:SX1276IsChannelFree	24	static
sx1276.c:298:10:SX1276Random	16	static
sx1276.c:339:13:RxChainCalibration	24	static
sx1276.c:379:16:GetFskBandwidthRegValue	24	static
sx1276.c:394:6:SX1276SetRxConfig	24	static
sx1276.c:562:6:SX1276SetTxConfig	32	static
sx1276.c:756:10:SX1276GetTimeOnAir	96	static
sx1276.c:842:6:SX1276Send	24	static
sx1276.c:916:6:SX1276SetSleep	8	static
sx1276.c:925:6:SX1276SetStby	8	static
sx1276.c:934:6:SX1276SetRx	32	static
sx1276.c:1103:6:SX1276SetTx	16	static
sx1276.c:1165:6:SX1276StartCad	8	static
sx1276.c:1198:9:SX1276ReadRssi	24	static
sx1276.c:1224:6:SX1276SetOpMode	16	static
sx1276.c:1245:6:SX1276SetModem	16	static
sx1276.c:1273:6:SX1276Write	16	static
sx1276.c:1278:9:SX1276Read	24	static
sx1276.c:1285:6:SX1276WriteBuffer	24	static
sx1276.c:1297:6:SX1276ReadBuffer	32	static
sx1276.c:1309:6:SX1276WriteFifo	16	static
sx1276.c:1314:6:SX1276ReadFifo	16	static
sx1276.c:1319:6:SX1276SetMaxPayloadLength	16	static
sx1276.c:1337:6:SX1276OnTimeoutIrq	16	static
sx1276.c:1389:6:SX1276OnDio0Irq	24	static
sx1276.c:1598:6:SX1276OnDio1Irq	8	static
sx1276.c:1685:6:SX1276OnDio2Irq	16	static
sx1276.c:1749:6:SX1276OnDio3Irq	8	static
sx1276.c:1780:6:SX1276OnDio4Irq	4	static
sx1276.c:1799:6:SX1276OnDio5Irq	4	static
sx1276.c:1816:9:SX1276GetPaSelect	16	static
sx1276.c:1830:6:SX1276AntSwInit	4	static
sx1276.c:1837:6:SX1276AntSwDeInit	4	static
sx1276.c:1844:6:SX1276SetAntSw	16	static
